Archive member included because of file (symbol)

/home/ubuntu/Desktop/RockboxRCC/bu480/lib/rbcodec/codecs/libfaad.a(decoder.o)
                              /home/ubuntu/Desktop/RockboxRCC/bu480/lib/rbcodec/codecs/aac.o (NeAACDecOpen)
/home/ubuntu/Desktop/RockboxRCC/bu480/lib/rbcodec/codecs/libfaad.a(drc.o)
                              /home/ubuntu/Desktop/RockboxRCC/bu480/lib/rbcodec/codecs/libfaad.a(decoder.o) (drc_init)
/home/ubuntu/Desktop/RockboxRCC/bu480/lib/rbcodec/codecs/libfaad.a(error.o)
                              /home/ubuntu/Desktop/RockboxRCC/bu480/lib/rbcodec/codecs/libfaad.a(decoder.o) (err_msg)
/home/ubuntu/Desktop/RockboxRCC/bu480/lib/rbcodec/codecs/libfaad.a(mp4.o)
                              /home/ubuntu/Desktop/RockboxRCC/bu480/lib/rbcodec/codecs/libfaad.a(decoder.o) (AudioSpecificConfig2)
/home/ubuntu/Desktop/RockboxRCC/bu480/lib/rbcodec/codecs/libfaad.a(syntax.o)
                              /home/ubuntu/Desktop/RockboxRCC/bu480/lib/rbcodec/codecs/libfaad.a(mp4.o) (GASpecificConfig)
/home/ubuntu/Desktop/RockboxRCC/bu480/lib/rbcodec/codecs/libfaad.a(bits.o)
                              /home/ubuntu/Desktop/RockboxRCC/bu480/lib/rbcodec/codecs/libfaad.a(decoder.o) (faad_initbits)
/home/ubuntu/Desktop/RockboxRCC/bu480/lib/rbcodec/codecs/libfaad.a(common.o)
                              /home/ubuntu/Desktop/RockboxRCC/bu480/lib/rbcodec/codecs/libfaad.a(decoder.o) (get_sr_index)
/home/ubuntu/Desktop/RockboxRCC/bu480/lib/rbcodec/codecs/libfaad.a(huffman.o)
                              /home/ubuntu/Desktop/RockboxRCC/bu480/lib/rbcodec/codecs/libfaad.a(syntax.o) (huffman_scale_factor)
/home/ubuntu/Desktop/RockboxRCC/bu480/lib/rbcodec/codecs/libfaad.a(pulse.o)
                              /home/ubuntu/Desktop/RockboxRCC/bu480/lib/rbcodec/codecs/libfaad.a(syntax.o) (pulse_decode)
/home/ubuntu/Desktop/RockboxRCC/bu480/lib/rbcodec/codecs/libfaad.a(sbr_dec.o)
                              /home/ubuntu/Desktop/RockboxRCC/bu480/lib/rbcodec/codecs/libfaad.a(syntax.o) (sbrDecodeInit)
/home/ubuntu/Desktop/RockboxRCC/bu480/lib/rbcodec/codecs/libfaad.a(sbr_hfadj.o)
                              /home/ubuntu/Desktop/RockboxRCC/bu480/lib/rbcodec/codecs/libfaad.a(sbr_dec.o) (hf_adjustment)
/home/ubuntu/Desktop/RockboxRCC/bu480/lib/rbcodec/codecs/libfaad.a(sbr_hfgen.o)
                              /home/ubuntu/Desktop/RockboxRCC/bu480/lib/rbcodec/codecs/libfaad.a(sbr_dec.o) (hf_generation)
/home/ubuntu/Desktop/RockboxRCC/bu480/lib/rbcodec/codecs/libfaad.a(sbr_qmf.o)
                              /home/ubuntu/Desktop/RockboxRCC/bu480/lib/rbcodec/codecs/libfaad.a(sbr_dec.o) (sbr_qmf_analysis_32)
/home/ubuntu/Desktop/RockboxRCC/bu480/lib/rbcodec/codecs/libfaad.a(sbr_syntax.o)
                              /home/ubuntu/Desktop/RockboxRCC/bu480/lib/rbcodec/codecs/libfaad.a(syntax.o) (sbr_extension_data)
/home/ubuntu/Desktop/RockboxRCC/bu480/lib/rbcodec/codecs/libfaad.a(sbr_tf_grid.o)
                              /home/ubuntu/Desktop/RockboxRCC/bu480/lib/rbcodec/codecs/libfaad.a(sbr_syntax.o) (envelope_time_border_vector)
/home/ubuntu/Desktop/RockboxRCC/bu480/lib/rbcodec/codecs/libfaad.a(specrec.o)
                              /home/ubuntu/Desktop/RockboxRCC/bu480/lib/rbcodec/codecs/libfaad.a(syntax.o) (window_grouping_info)
/home/ubuntu/Desktop/RockboxRCC/bu480/lib/rbcodec/codecs/libfaad.a(tns.o)
                              /home/ubuntu/Desktop/RockboxRCC/bu480/lib/rbcodec/codecs/libfaad.a(specrec.o) (tns_decode_frame)
/home/ubuntu/Desktop/RockboxRCC/bu480/lib/rbcodec/codecs/libfaad.a(filtbank.o)
                              /home/ubuntu/Desktop/RockboxRCC/bu480/lib/rbcodec/codecs/libfaad.a(specrec.o) (ifilter_bank)
/home/ubuntu/Desktop/RockboxRCC/bu480/lib/rbcodec/codecs/libfaad.a(is.o)
                              /home/ubuntu/Desktop/RockboxRCC/bu480/lib/rbcodec/codecs/libfaad.a(specrec.o) (is_decode)
/home/ubuntu/Desktop/RockboxRCC/bu480/lib/rbcodec/codecs/libfaad.a(ms.o)
                              /home/ubuntu/Desktop/RockboxRCC/bu480/lib/rbcodec/codecs/libfaad.a(specrec.o) (ms_decode)
/home/ubuntu/Desktop/RockboxRCC/bu480/lib/rbcodec/codecs/libfaad.a(pns.o)
                              /home/ubuntu/Desktop/RockboxRCC/bu480/lib/rbcodec/codecs/libfaad.a(specrec.o) (pns_decode)
/home/ubuntu/Desktop/RockboxRCC/bu480/lib/rbcodec/codecs/libfaad.a(ps_dec.o)
                              /home/ubuntu/Desktop/RockboxRCC/bu480/lib/rbcodec/codecs/libfaad.a(sbr_dec.o) (ps_init)
/home/ubuntu/Desktop/RockboxRCC/bu480/lib/rbcodec/codecs/libfaad.a(ps_syntax.o)
                              /home/ubuntu/Desktop/RockboxRCC/bu480/lib/rbcodec/codecs/libfaad.a(sbr_syntax.o) (ps_data)
/home/ubuntu/Desktop/RockboxRCC/bu480/lib/rbcodec/codecs/libfaad.a(sbr_dct.o)
                              /home/ubuntu/Desktop/RockboxRCC/bu480/lib/rbcodec/codecs/libfaad.a(sbr_qmf.o) (DCT4_32)
/home/ubuntu/Desktop/RockboxRCC/bu480/lib/rbcodec/codecs/libfaad.a(sbr_fbt.o)
                              /home/ubuntu/Desktop/RockboxRCC/bu480/lib/rbcodec/codecs/libfaad.a(sbr_syntax.o) (qmf_start_channel)
/home/ubuntu/Desktop/RockboxRCC/bu480/lib/rbcodec/codecs/libfaad.a(sbr_huff.o)
                              /home/ubuntu/Desktop/RockboxRCC/bu480/lib/rbcodec/codecs/libfaad.a(sbr_syntax.o) (sbr_envelope)
/home/ubuntu/Desktop/RockboxRCC/bu480/lib/rbcodec/codecs/libfaad.a(sbr_e_nf.o)
                              /home/ubuntu/Desktop/RockboxRCC/bu480/lib/rbcodec/codecs/libfaad.a(sbr_huff.o) (extract_envelope_data)
/home/ubuntu/Desktop/RockboxRCC/bu480/lib/rbcodec/codecs/libm4a.a(m4a.o)
                              /home/ubuntu/Desktop/RockboxRCC/bu480/lib/rbcodec/codecs/aac.o (stream_create)
/home/ubuntu/Desktop/RockboxRCC/bu480/lib/rbcodec/codecs/libm4a.a(demux.o)
                              /home/ubuntu/Desktop/RockboxRCC/bu480/lib/rbcodec/codecs/aac.o (qtmovie_read)
/home/ubuntu/Desktop/RockboxRCC/bu480/lib/rbcodec/codecs/libcodec.a(codeclib.o)
                              /home/ubuntu/Desktop/RockboxRCC/bu480/lib/rbcodec/codecs/aac.o (codec_init)
/home/ubuntu/Desktop/RockboxRCC/bu480/lib/rbcodec/codecs/libcodec.a(fft-ffmpeg.o)
                              /home/ubuntu/Desktop/RockboxRCC/bu480/lib/rbcodec/codecs/libfaad.a(sbr_dct.o) (ff_fft_calc_c)
/home/ubuntu/Desktop/RockboxRCC/bu480/lib/rbcodec/codecs/libcodec.a(mdct.o)
                              /home/ubuntu/Desktop/RockboxRCC/bu480/lib/rbcodec/codecs/libfaad.a(filtbank.o) (ff_imdct_calc)
/home/ubuntu/Desktop/RockboxRCC/bu480/lib/rbcodec/codecs/libcodec.a(mdct_lookup.o)
                              /home/ubuntu/Desktop/RockboxRCC/bu480/lib/rbcodec/codecs/libcodec.a(mdct.o) (revtab)
/home/ubuntu/android-ndk-r9c/toolchains/arm-linux-androideabi-4.8/prebuilt/linux-x86/bin/../lib/gcc/arm-linux-androideabi/4.8/libgcc.a(_udivsi3.o)
                              /home/ubuntu/Desktop/RockboxRCC/bu480/lib/rbcodec/codecs/aac.o (__aeabi_uidiv)
/home/ubuntu/android-ndk-r9c/toolchains/arm-linux-androideabi-4.8/prebuilt/linux-x86/bin/../lib/gcc/arm-linux-androideabi/4.8/libgcc.a(_divsi3.o)
                              /home/ubuntu/Desktop/RockboxRCC/bu480/lib/rbcodec/codecs/libfaad.a(sbr_hfadj.o) (__aeabi_idiv)
/home/ubuntu/android-ndk-r9c/toolchains/arm-linux-androideabi-4.8/prebuilt/linux-x86/bin/../lib/gcc/arm-linux-androideabi/4.8/libgcc.a(_aeabi_ldivmod.o)
                              /home/ubuntu/Desktop/RockboxRCC/bu480/lib/rbcodec/codecs/libfaad.a(sbr_hfgen.o) (__aeabi_ldivmod)
/home/ubuntu/android-ndk-r9c/toolchains/arm-linux-androideabi-4.8/prebuilt/linux-x86/bin/../lib/gcc/arm-linux-androideabi/4.8/libgcc.a(_aeabi_uldivmod.o)
                              /home/ubuntu/Desktop/RockboxRCC/bu480/lib/rbcodec/codecs/aac.o (__aeabi_uldivmod)
/home/ubuntu/android-ndk-r9c/toolchains/arm-linux-androideabi-4.8/prebuilt/linux-x86/bin/../lib/gcc/arm-linux-androideabi/4.8/libgcc.a(_dvmd_lnx.o)
                              /home/ubuntu/android-ndk-r9c/toolchains/arm-linux-androideabi-4.8/prebuilt/linux-x86/bin/../lib/gcc/arm-linux-androideabi/4.8/libgcc.a(_udivsi3.o) (__aeabi_idiv0)
/home/ubuntu/android-ndk-r9c/toolchains/arm-linux-androideabi-4.8/prebuilt/linux-x86/bin/../lib/gcc/arm-linux-androideabi/4.8/libgcc.a(bpabi.o)
                              /home/ubuntu/android-ndk-r9c/toolchains/arm-linux-androideabi-4.8/prebuilt/linux-x86/bin/../lib/gcc/arm-linux-androideabi/4.8/libgcc.a(_aeabi_ldivmod.o) (__gnu_ldivmod_helper)
/home/ubuntu/android-ndk-r9c/toolchains/arm-linux-androideabi-4.8/prebuilt/linux-x86/bin/../lib/gcc/arm-linux-androideabi/4.8/libgcc.a(unwind-arm.o)
                              /home/ubuntu/android-ndk-r9c/toolchains/arm-linux-androideabi-4.8/prebuilt/linux-x86/bin/../lib/gcc/arm-linux-androideabi/4.8/libgcc.a(bpabi.o) (__aeabi_unwind_cpp_pr0)
/home/ubuntu/android-ndk-r9c/toolchains/arm-linux-androideabi-4.8/prebuilt/linux-x86/bin/../lib/gcc/arm-linux-androideabi/4.8/libgcc.a(libunwind.o)
                              /home/ubuntu/android-ndk-r9c/toolchains/arm-linux-androideabi-4.8/prebuilt/linux-x86/bin/../lib/gcc/arm-linux-androideabi/4.8/libgcc.a(unwind-arm.o) (restore_core_regs)
/home/ubuntu/android-ndk-r9c/toolchains/arm-linux-androideabi-4.8/prebuilt/linux-x86/bin/../lib/gcc/arm-linux-androideabi/4.8/libgcc.a(pr-support.o)
                              /home/ubuntu/android-ndk-r9c/toolchains/arm-linux-androideabi-4.8/prebuilt/linux-x86/bin/../lib/gcc/arm-linux-androideabi/4.8/libgcc.a(unwind-arm.o) (__gnu_unwind_execute)
/home/ubuntu/android-ndk-r9c/toolchains/arm-linux-androideabi-4.8/prebuilt/linux-x86/bin/../lib/gcc/arm-linux-androideabi/4.8/libgcc.a(_divdi3.o)
                              /home/ubuntu/android-ndk-r9c/toolchains/arm-linux-androideabi-4.8/prebuilt/linux-x86/bin/../lib/gcc/arm-linux-androideabi/4.8/libgcc.a(bpabi.o) (__divdi3)
/home/ubuntu/android-ndk-r9c/toolchains/arm-linux-androideabi-4.8/prebuilt/linux-x86/bin/../lib/gcc/arm-linux-androideabi/4.8/libgcc.a(_udivdi3.o)
                              /home/ubuntu/android-ndk-r9c/toolchains/arm-linux-androideabi-4.8/prebuilt/linux-x86/bin/../lib/gcc/arm-linux-androideabi/4.8/libgcc.a(bpabi.o) (__udivdi3)

Allocating common symbols
Common symbol       size              file

cpe                 0x4fda            /home/ubuntu/Desktop/RockboxRCC/bu480/lib/rbcodec/codecs/libfaad.a(syntax.o)
sce                 0x4fda            /home/ubuntu/Desktop/RockboxRCC/bu480/lib/rbcodec/codecs/libfaad.a(syntax.o)
spec_data1          0x800             /home/ubuntu/Desktop/RockboxRCC/bu480/lib/rbcodec/codecs/libfaad.a(syntax.o)
spec_data2          0x800             /home/ubuntu/Desktop/RockboxRCC/bu480/lib/rbcodec/codecs/libfaad.a(syntax.o)

Discarded input sections

 .text          0x00000000       0x14 /home/ubuntu/android-ndk-r9c/platforms/android-19/arch-arm/usr/lib/crtbegin_so.o
 .bss           0x00000000        0x0 /home/ubuntu/android-ndk-r9c/platforms/android-19/arch-arm/usr/lib/crtbegin_so.o
 .note.GNU-stack
                0x00000000        0x0 /home/ubuntu/android-ndk-r9c/platforms/android-19/arch-arm/usr/lib/crtbegin_so.o
 .data          0x00000000        0x0 /home/ubuntu/Desktop/RockboxRCC/bu480/lib/rbcodec/codecs/aac.o
 .bss           0x00000000        0x0 /home/ubuntu/Desktop/RockboxRCC/bu480/lib/rbcodec/codecs/aac.o
 .note.GNU-stack
                0x00000000        0x0 /home/ubuntu/Desktop/RockboxRCC/bu480/lib/rbcodec/codecs/aac.o
 .bss           0x00000000        0x0 /home/ubuntu/Desktop/RockboxRCC/bu480/lib/rbcodec/codecs/codec_crt0.o
 .note.GNU-stack
                0x00000000        0x0 /home/ubuntu/Desktop/RockboxRCC/bu480/lib/rbcodec/codecs/codec_crt0.o
 .data          0x00000000        0x0 /home/ubuntu/Desktop/RockboxRCC/bu480/lib/rbcodec/codecs/libfaad.a(decoder.o)
 .note.GNU-stack
                0x00000000        0x0 /home/ubuntu/Desktop/RockboxRCC/bu480/lib/rbcodec/codecs/libfaad.a(decoder.o)
 .data          0x00000000        0x0 /home/ubuntu/Desktop/RockboxRCC/bu480/lib/rbcodec/codecs/libfaad.a(drc.o)
 .note.GNU-stack
                0x00000000        0x0 /home/ubuntu/Desktop/RockboxRCC/bu480/lib/rbcodec/codecs/libfaad.a(drc.o)
 .text          0x00000000        0x0 /home/ubuntu/Desktop/RockboxRCC/bu480/lib/rbcodec/codecs/libfaad.a(error.o)
 .data          0x00000000        0x0 /home/ubuntu/Desktop/RockboxRCC/bu480/lib/rbcodec/codecs/libfaad.a(error.o)
 .bss           0x00000000        0x0 /home/ubuntu/Desktop/RockboxRCC/bu480/lib/rbcodec/codecs/libfaad.a(error.o)
 .note.GNU-stack
                0x00000000        0x0 /home/ubuntu/Desktop/RockboxRCC/bu480/lib/rbcodec/codecs/libfaad.a(error.o)
 .data          0x00000000        0x0 /home/ubuntu/Desktop/RockboxRCC/bu480/lib/rbcodec/codecs/libfaad.a(mp4.o)
 .bss           0x00000000        0x0 /home/ubuntu/Desktop/RockboxRCC/bu480/lib/rbcodec/codecs/libfaad.a(mp4.o)
 .note.GNU-stack
                0x00000000        0x0 /home/ubuntu/Desktop/RockboxRCC/bu480/lib/rbcodec/codecs/libfaad.a(mp4.o)
 .data          0x00000000        0x0 /home/ubuntu/Desktop/RockboxRCC/bu480/lib/rbcodec/codecs/libfaad.a(syntax.o)
 .note.GNU-stack
                0x00000000        0x0 /home/ubuntu/Desktop/RockboxRCC/bu480/lib/rbcodec/codecs/libfaad.a(syntax.o)
 .data          0x00000000        0x0 /home/ubuntu/Desktop/RockboxRCC/bu480/lib/rbcodec/codecs/libfaad.a(bits.o)
 .note.GNU-stack
                0x00000000        0x0 /home/ubuntu/Desktop/RockboxRCC/bu480/lib/rbcodec/codecs/libfaad.a(bits.o)
 .bss           0x00000000        0x0 /home/ubuntu/Desktop/RockboxRCC/bu480/lib/rbcodec/codecs/libfaad.a(common.o)
 .note.GNU-stack
                0x00000000        0x0 /home/ubuntu/Desktop/RockboxRCC/bu480/lib/rbcodec/codecs/libfaad.a(common.o)
 .bss           0x00000000        0x0 /home/ubuntu/Desktop/RockboxRCC/bu480/lib/rbcodec/codecs/libfaad.a(huffman.o)
 .note.GNU-stack
                0x00000000        0x0 /home/ubuntu/Desktop/RockboxRCC/bu480/lib/rbcodec/codecs/libfaad.a(huffman.o)
 .data          0x00000000        0x0 /home/ubuntu/Desktop/RockboxRCC/bu480/lib/rbcodec/codecs/libfaad.a(pulse.o)
 .bss           0x00000000        0x0 /home/ubuntu/Desktop/RockboxRCC/bu480/lib/rbcodec/codecs/libfaad.a(pulse.o)
 .note.GNU-stack
                0x00000000        0x0 /home/ubuntu/Desktop/RockboxRCC/bu480/lib/rbcodec/codecs/libfaad.a(pulse.o)
 .data          0x00000000        0x0 /home/ubuntu/Desktop/RockboxRCC/bu480/lib/rbcodec/codecs/libfaad.a(sbr_dec.o)
 .note.GNU-stack
                0x00000000        0x0 /home/ubuntu/Desktop/RockboxRCC/bu480/lib/rbcodec/codecs/libfaad.a(sbr_dec.o)
 .data          0x00000000        0x0 /home/ubuntu/Desktop/RockboxRCC/bu480/lib/rbcodec/codecs/libfaad.a(sbr_hfadj.o)
 .bss           0x00000000        0x0 /home/ubuntu/Desktop/RockboxRCC/bu480/lib/rbcodec/codecs/libfaad.a(sbr_hfadj.o)
 .note.GNU-stack
                0x00000000        0x0 /home/ubuntu/Desktop/RockboxRCC/bu480/lib/rbcodec/codecs/libfaad.a(sbr_hfadj.o)
 .data          0x00000000        0x0 /home/ubuntu/Desktop/RockboxRCC/bu480/lib/rbcodec/codecs/libfaad.a(sbr_hfgen.o)
 .bss           0x00000000        0x0 /home/ubuntu/Desktop/RockboxRCC/bu480/lib/rbcodec/codecs/libfaad.a(sbr_hfgen.o)
 .note.GNU-stack
                0x00000000        0x0 /home/ubuntu/Desktop/RockboxRCC/bu480/lib/rbcodec/codecs/libfaad.a(sbr_hfgen.o)
 .data          0x00000000        0x0 /home/ubuntu/Desktop/RockboxRCC/bu480/lib/rbcodec/codecs/libfaad.a(sbr_qmf.o)
 .bss           0x00000000        0x0 /home/ubuntu/Desktop/RockboxRCC/bu480/lib/rbcodec/codecs/libfaad.a(sbr_qmf.o)
 .note.GNU-stack
                0x00000000        0x0 /home/ubuntu/Desktop/RockboxRCC/bu480/lib/rbcodec/codecs/libfaad.a(sbr_qmf.o)
 .data          0x00000000        0x0 /home/ubuntu/Desktop/RockboxRCC/bu480/lib/rbcodec/codecs/libfaad.a(sbr_syntax.o)
 .bss           0x00000000        0x0 /home/ubuntu/Desktop/RockboxRCC/bu480/lib/rbcodec/codecs/libfaad.a(sbr_syntax.o)
 .note.GNU-stack
                0x00000000        0x0 /home/ubuntu/Desktop/RockboxRCC/bu480/lib/rbcodec/codecs/libfaad.a(sbr_syntax.o)
 .data          0x00000000        0x0 /home/ubuntu/Desktop/RockboxRCC/bu480/lib/rbcodec/codecs/libfaad.a(sbr_tf_grid.o)
 .bss           0x00000000        0x0 /home/ubuntu/Desktop/RockboxRCC/bu480/lib/rbcodec/codecs/libfaad.a(sbr_tf_grid.o)
 .note.GNU-stack
                0x00000000        0x0 /home/ubuntu/Desktop/RockboxRCC/bu480/lib/rbcodec/codecs/libfaad.a(sbr_tf_grid.o)
 .data          0x00000000        0x0 /home/ubuntu/Desktop/RockboxRCC/bu480/lib/rbcodec/codecs/libfaad.a(specrec.o)
 .note.GNU-stack
                0x00000000        0x0 /home/ubuntu/Desktop/RockboxRCC/bu480/lib/rbcodec/codecs/libfaad.a(specrec.o)
 .data          0x00000000        0x0 /home/ubuntu/Desktop/RockboxRCC/bu480/lib/rbcodec/codecs/libfaad.a(tns.o)
 .bss           0x00000000        0x0 /home/ubuntu/Desktop/RockboxRCC/bu480/lib/rbcodec/codecs/libfaad.a(tns.o)
 .note.GNU-stack
                0x00000000        0x0 /home/ubuntu/Desktop/RockboxRCC/bu480/lib/rbcodec/codecs/libfaad.a(tns.o)
 .data          0x00000000        0x0 /home/ubuntu/Desktop/RockboxRCC/bu480/lib/rbcodec/codecs/libfaad.a(filtbank.o)
 .note.GNU-stack
                0x00000000        0x0 /home/ubuntu/Desktop/RockboxRCC/bu480/lib/rbcodec/codecs/libfaad.a(filtbank.o)
 .data          0x00000000        0x0 /home/ubuntu/Desktop/RockboxRCC/bu480/lib/rbcodec/codecs/libfaad.a(is.o)
 .bss           0x00000000        0x0 /home/ubuntu/Desktop/RockboxRCC/bu480/lib/rbcodec/codecs/libfaad.a(is.o)
 .note.GNU-stack
                0x00000000        0x0 /home/ubuntu/Desktop/RockboxRCC/bu480/lib/rbcodec/codecs/libfaad.a(is.o)
 .data          0x00000000        0x0 /home/ubuntu/Desktop/RockboxRCC/bu480/lib/rbcodec/codecs/libfaad.a(ms.o)
 .bss           0x00000000        0x0 /home/ubuntu/Desktop/RockboxRCC/bu480/lib/rbcodec/codecs/libfaad.a(ms.o)
 .note.GNU-stack
                0x00000000        0x0 /home/ubuntu/Desktop/RockboxRCC/bu480/lib/rbcodec/codecs/libfaad.a(ms.o)
 .data          0x00000000        0x0 /home/ubuntu/Desktop/RockboxRCC/bu480/lib/rbcodec/codecs/libfaad.a(pns.o)
 .bss           0x00000000        0x0 /home/ubuntu/Desktop/RockboxRCC/bu480/lib/rbcodec/codecs/libfaad.a(pns.o)
 .note.GNU-stack
                0x00000000        0x0 /home/ubuntu/Desktop/RockboxRCC/bu480/lib/rbcodec/codecs/libfaad.a(pns.o)
 .data          0x00000000        0x0 /home/ubuntu/Desktop/RockboxRCC/bu480/lib/rbcodec/codecs/libfaad.a(ps_dec.o)
 .note.GNU-stack
                0x00000000        0x0 /home/ubuntu/Desktop/RockboxRCC/bu480/lib/rbcodec/codecs/libfaad.a(ps_dec.o)
 .data          0x00000000        0x0 /home/ubuntu/Desktop/RockboxRCC/bu480/lib/rbcodec/codecs/libfaad.a(ps_syntax.o)
 .bss           0x00000000        0x0 /home/ubuntu/Desktop/RockboxRCC/bu480/lib/rbcodec/codecs/libfaad.a(ps_syntax.o)
 .note.GNU-stack
                0x00000000        0x0 /home/ubuntu/Desktop/RockboxRCC/bu480/lib/rbcodec/codecs/libfaad.a(ps_syntax.o)
 .data          0x00000000        0x0 /home/ubuntu/Desktop/RockboxRCC/bu480/lib/rbcodec/codecs/libfaad.a(sbr_dct.o)
 .bss           0x00000000        0x0 /home/ubuntu/Desktop/RockboxRCC/bu480/lib/rbcodec/codecs/libfaad.a(sbr_dct.o)
 .note.GNU-stack
                0x00000000        0x0 /home/ubuntu/Desktop/RockboxRCC/bu480/lib/rbcodec/codecs/libfaad.a(sbr_dct.o)
 .data          0x00000000        0x0 /home/ubuntu/Desktop/RockboxRCC/bu480/lib/rbcodec/codecs/libfaad.a(sbr_fbt.o)
 .bss           0x00000000        0x0 /home/ubuntu/Desktop/RockboxRCC/bu480/lib/rbcodec/codecs/libfaad.a(sbr_fbt.o)
 .note.GNU-stack
                0x00000000        0x0 /home/ubuntu/Desktop/RockboxRCC/bu480/lib/rbcodec/codecs/libfaad.a(sbr_fbt.o)
 .data          0x00000000        0x0 /home/ubuntu/Desktop/RockboxRCC/bu480/lib/rbcodec/codecs/libfaad.a(sbr_huff.o)
 .bss           0x00000000        0x0 /home/ubuntu/Desktop/RockboxRCC/bu480/lib/rbcodec/codecs/libfaad.a(sbr_huff.o)
 .note.GNU-stack
                0x00000000        0x0 /home/ubuntu/Desktop/RockboxRCC/bu480/lib/rbcodec/codecs/libfaad.a(sbr_huff.o)
 .data          0x00000000        0x0 /home/ubuntu/Desktop/RockboxRCC/bu480/lib/rbcodec/codecs/libfaad.a(sbr_e_nf.o)
 .bss           0x00000000        0x0 /home/ubuntu/Desktop/RockboxRCC/bu480/lib/rbcodec/codecs/libfaad.a(sbr_e_nf.o)
 .note.GNU-stack
                0x00000000        0x0 /home/ubuntu/Desktop/RockboxRCC/bu480/lib/rbcodec/codecs/libfaad.a(sbr_e_nf.o)
 .data          0x00000000        0x0 /home/ubuntu/Desktop/RockboxRCC/bu480/lib/rbcodec/codecs/libm4a.a(m4a.o)
 .bss           0x00000000        0x0 /home/ubuntu/Desktop/RockboxRCC/bu480/lib/rbcodec/codecs/libm4a.a(m4a.o)
 .note.GNU-stack
                0x00000000        0x0 /home/ubuntu/Desktop/RockboxRCC/bu480/lib/rbcodec/codecs/libm4a.a(m4a.o)
 .data          0x00000000        0x0 /home/ubuntu/Desktop/RockboxRCC/bu480/lib/rbcodec/codecs/libm4a.a(demux.o)
 .bss           0x00000000        0x0 /home/ubuntu/Desktop/RockboxRCC/bu480/lib/rbcodec/codecs/libm4a.a(demux.o)
 .note.GNU-stack
                0x00000000        0x0 /home/ubuntu/Desktop/RockboxRCC/bu480/lib/rbcodec/codecs/libm4a.a(demux.o)
 .text          0x00000000        0x0 /home/ubuntu/Desktop/RockboxRCC/bu480/lib/rbcodec/codecs/libcodec.a(codeclib.o)
 .data          0x00000000        0x0 /home/ubuntu/Desktop/RockboxRCC/bu480/lib/rbcodec/codecs/libcodec.a(codeclib.o)
 .note.GNU-stack
                0x00000000        0x0 /home/ubuntu/Desktop/RockboxRCC/bu480/lib/rbcodec/codecs/libcodec.a(codeclib.o)
 .text          0x00000000        0x0 /home/ubuntu/Desktop/RockboxRCC/bu480/lib/rbcodec/codecs/libcodec.a(fft-ffmpeg.o)
 .data          0x00000000        0x0 /home/ubuntu/Desktop/RockboxRCC/bu480/lib/rbcodec/codecs/libcodec.a(fft-ffmpeg.o)
 .bss           0x00000000        0x0 /home/ubuntu/Desktop/RockboxRCC/bu480/lib/rbcodec/codecs/libcodec.a(fft-ffmpeg.o)
 .note.GNU-stack
                0x00000000        0x0 /home/ubuntu/Desktop/RockboxRCC/bu480/lib/rbcodec/codecs/libcodec.a(fft-ffmpeg.o)
 .text          0x00000000        0x0 /home/ubuntu/Desktop/RockboxRCC/bu480/lib/rbcodec/codecs/libcodec.a(mdct.o)
 .data          0x00000000        0x0 /home/ubuntu/Desktop/RockboxRCC/bu480/lib/rbcodec/codecs/libcodec.a(mdct.o)
 .bss           0x00000000        0x0 /home/ubuntu/Desktop/RockboxRCC/bu480/lib/rbcodec/codecs/libcodec.a(mdct.o)
 .note.GNU-stack
                0x00000000        0x0 /home/ubuntu/Desktop/RockboxRCC/bu480/lib/rbcodec/codecs/libcodec.a(mdct.o)
 .text          0x00000000        0x0 /home/ubuntu/Desktop/RockboxRCC/bu480/lib/rbcodec/codecs/libcodec.a(mdct_lookup.o)
 .data          0x00000000        0x0 /home/ubuntu/Desktop/RockboxRCC/bu480/lib/rbcodec/codecs/libcodec.a(mdct_lookup.o)
 .bss           0x00000000        0x0 /home/ubuntu/Desktop/RockboxRCC/bu480/lib/rbcodec/codecs/libcodec.a(mdct_lookup.o)
 .note.GNU-stack
                0x00000000        0x0 /home/ubuntu/Desktop/RockboxRCC/bu480/lib/rbcodec/codecs/libcodec.a(mdct_lookup.o)
 .data          0x00000000        0x0 /home/ubuntu/android-ndk-r9c/toolchains/arm-linux-androideabi-4.8/prebuilt/linux-x86/bin/../lib/gcc/arm-linux-androideabi/4.8/libgcc.a(_udivsi3.o)
 .bss           0x00000000        0x0 /home/ubuntu/android-ndk-r9c/toolchains/arm-linux-androideabi-4.8/prebuilt/linux-x86/bin/../lib/gcc/arm-linux-androideabi/4.8/libgcc.a(_udivsi3.o)
 .note.GNU-stack
                0x00000000        0x0 /home/ubuntu/android-ndk-r9c/toolchains/arm-linux-androideabi-4.8/prebuilt/linux-x86/bin/../lib/gcc/arm-linux-androideabi/4.8/libgcc.a(_udivsi3.o)
 .data          0x00000000        0x0 /home/ubuntu/android-ndk-r9c/toolchains/arm-linux-androideabi-4.8/prebuilt/linux-x86/bin/../lib/gcc/arm-linux-androideabi/4.8/libgcc.a(_divsi3.o)
 .bss           0x00000000        0x0 /home/ubuntu/android-ndk-r9c/toolchains/arm-linux-androideabi-4.8/prebuilt/linux-x86/bin/../lib/gcc/arm-linux-androideabi/4.8/libgcc.a(_divsi3.o)
 .note.GNU-stack
                0x00000000        0x0 /home/ubuntu/android-ndk-r9c/toolchains/arm-linux-androideabi-4.8/prebuilt/linux-x86/bin/../lib/gcc/arm-linux-androideabi/4.8/libgcc.a(_divsi3.o)
 .data          0x00000000        0x0 /home/ubuntu/android-ndk-r9c/toolchains/arm-linux-androideabi-4.8/prebuilt/linux-x86/bin/../lib/gcc/arm-linux-androideabi/4.8/libgcc.a(_aeabi_ldivmod.o)
 .bss           0x00000000        0x0 /home/ubuntu/android-ndk-r9c/toolchains/arm-linux-androideabi-4.8/prebuilt/linux-x86/bin/../lib/gcc/arm-linux-androideabi/4.8/libgcc.a(_aeabi_ldivmod.o)
 .note.GNU-stack
                0x00000000        0x0 /home/ubuntu/android-ndk-r9c/toolchains/arm-linux-androideabi-4.8/prebuilt/linux-x86/bin/../lib/gcc/arm-linux-androideabi/4.8/libgcc.a(_aeabi_ldivmod.o)
 .data          0x00000000        0x0 /home/ubuntu/android-ndk-r9c/toolchains/arm-linux-androideabi-4.8/prebuilt/linux-x86/bin/../lib/gcc/arm-linux-androideabi/4.8/libgcc.a(_aeabi_uldivmod.o)
 .bss           0x00000000        0x0 /home/ubuntu/android-ndk-r9c/toolchains/arm-linux-androideabi-4.8/prebuilt/linux-x86/bin/../lib/gcc/arm-linux-androideabi/4.8/libgcc.a(_aeabi_uldivmod.o)
 .note.GNU-stack
                0x00000000        0x0 /home/ubuntu/android-ndk-r9c/toolchains/arm-linux-androideabi-4.8/prebuilt/linux-x86/bin/../lib/gcc/arm-linux-androideabi/4.8/libgcc.a(_aeabi_uldivmod.o)
 .data          0x00000000        0x0 /home/ubuntu/android-ndk-r9c/toolchains/arm-linux-androideabi-4.8/prebuilt/linux-x86/bin/../lib/gcc/arm-linux-androideabi/4.8/libgcc.a(_dvmd_lnx.o)
 .bss           0x00000000        0x0 /home/ubuntu/android-ndk-r9c/toolchains/arm-linux-androideabi-4.8/prebuilt/linux-x86/bin/../lib/gcc/arm-linux-androideabi/4.8/libgcc.a(_dvmd_lnx.o)
 .note.GNU-stack
                0x00000000        0x0 /home/ubuntu/android-ndk-r9c/toolchains/arm-linux-androideabi-4.8/prebuilt/linux-x86/bin/../lib/gcc/arm-linux-androideabi/4.8/libgcc.a(_dvmd_lnx.o)
 .data          0x00000000        0x0 /home/ubuntu/android-ndk-r9c/toolchains/arm-linux-androideabi-4.8/prebuilt/linux-x86/bin/../lib/gcc/arm-linux-androideabi/4.8/libgcc.a(bpabi.o)
 .bss           0x00000000        0x0 /home/ubuntu/android-ndk-r9c/toolchains/arm-linux-androideabi-4.8/prebuilt/linux-x86/bin/../lib/gcc/arm-linux-androideabi/4.8/libgcc.a(bpabi.o)
 .ARM.extab     0x00000000        0x0 /home/ubuntu/android-ndk-r9c/toolchains/arm-linux-androideabi-4.8/prebuilt/linux-x86/bin/../lib/gcc/arm-linux-androideabi/4.8/libgcc.a(bpabi.o)
 .note.GNU-stack
                0x00000000        0x0 /home/ubuntu/android-ndk-r9c/toolchains/arm-linux-androideabi-4.8/prebuilt/linux-x86/bin/../lib/gcc/arm-linux-androideabi/4.8/libgcc.a(bpabi.o)
 .data          0x00000000        0x0 /home/ubuntu/android-ndk-r9c/toolchains/arm-linux-androideabi-4.8/prebuilt/linux-x86/bin/../lib/gcc/arm-linux-androideabi/4.8/libgcc.a(unwind-arm.o)
 .bss           0x00000000        0x0 /home/ubuntu/android-ndk-r9c/toolchains/arm-linux-androideabi-4.8/prebuilt/linux-x86/bin/../lib/gcc/arm-linux-androideabi/4.8/libgcc.a(unwind-arm.o)
 .note.GNU-stack
                0x00000000        0x0 /home/ubuntu/android-ndk-r9c/toolchains/arm-linux-androideabi-4.8/prebuilt/linux-x86/bin/../lib/gcc/arm-linux-androideabi/4.8/libgcc.a(unwind-arm.o)
 .data          0x00000000        0x0 /home/ubuntu/android-ndk-r9c/toolchains/arm-linux-androideabi-4.8/prebuilt/linux-x86/bin/../lib/gcc/arm-linux-androideabi/4.8/libgcc.a(libunwind.o)
 .bss           0x00000000        0x0 /home/ubuntu/android-ndk-r9c/toolchains/arm-linux-androideabi-4.8/prebuilt/linux-x86/bin/../lib/gcc/arm-linux-androideabi/4.8/libgcc.a(libunwind.o)
 .note.GNU-stack
                0x00000000        0x0 /home/ubuntu/android-ndk-r9c/toolchains/arm-linux-androideabi-4.8/prebuilt/linux-x86/bin/../lib/gcc/arm-linux-androideabi/4.8/libgcc.a(libunwind.o)
 .data          0x00000000        0x0 /home/ubuntu/android-ndk-r9c/toolchains/arm-linux-androideabi-4.8/prebuilt/linux-x86/bin/../lib/gcc/arm-linux-androideabi/4.8/libgcc.a(pr-support.o)
 .bss           0x00000000        0x0 /home/ubuntu/android-ndk-r9c/toolchains/arm-linux-androideabi-4.8/prebuilt/linux-x86/bin/../lib/gcc/arm-linux-androideabi/4.8/libgcc.a(pr-support.o)
 .note.GNU-stack
                0x00000000        0x0 /home/ubuntu/android-ndk-r9c/toolchains/arm-linux-androideabi-4.8/prebuilt/linux-x86/bin/../lib/gcc/arm-linux-androideabi/4.8/libgcc.a(pr-support.o)
 .data          0x00000000        0x0 /home/ubuntu/android-ndk-r9c/toolchains/arm-linux-androideabi-4.8/prebuilt/linux-x86/bin/../lib/gcc/arm-linux-androideabi/4.8/libgcc.a(_divdi3.o)
 .bss           0x00000000        0x0 /home/ubuntu/android-ndk-r9c/toolchains/arm-linux-androideabi-4.8/prebuilt/linux-x86/bin/../lib/gcc/arm-linux-androideabi/4.8/libgcc.a(_divdi3.o)
 .ARM.extab     0x00000000        0x0 /home/ubuntu/android-ndk-r9c/toolchains/arm-linux-androideabi-4.8/prebuilt/linux-x86/bin/../lib/gcc/arm-linux-androideabi/4.8/libgcc.a(_divdi3.o)
 .note.GNU-stack
                0x00000000        0x0 /home/ubuntu/android-ndk-r9c/toolchains/arm-linux-androideabi-4.8/prebuilt/linux-x86/bin/../lib/gcc/arm-linux-androideabi/4.8/libgcc.a(_divdi3.o)
 .data          0x00000000        0x0 /home/ubuntu/android-ndk-r9c/toolchains/arm-linux-androideabi-4.8/prebuilt/linux-x86/bin/../lib/gcc/arm-linux-androideabi/4.8/libgcc.a(_udivdi3.o)
 .bss           0x00000000        0x0 /home/ubuntu/android-ndk-r9c/toolchains/arm-linux-androideabi-4.8/prebuilt/linux-x86/bin/../lib/gcc/arm-linux-androideabi/4.8/libgcc.a(_udivdi3.o)
 .ARM.extab     0x00000000        0x0 /home/ubuntu/android-ndk-r9c/toolchains/arm-linux-androideabi-4.8/prebuilt/linux-x86/bin/../lib/gcc/arm-linux-androideabi/4.8/libgcc.a(_udivdi3.o)
 .note.GNU-stack
                0x00000000        0x0 /home/ubuntu/android-ndk-r9c/toolchains/arm-linux-androideabi-4.8/prebuilt/linux-x86/bin/../lib/gcc/arm-linux-androideabi/4.8/libgcc.a(_udivdi3.o)
 .text          0x00000000        0x0 /home/ubuntu/android-ndk-r9c/platforms/android-19/arch-arm/usr/lib/crtend_so.o
 .data          0x00000000        0x0 /home/ubuntu/android-ndk-r9c/platforms/android-19/arch-arm/usr/lib/crtend_so.o
 .bss           0x00000000        0x0 /home/ubuntu/android-ndk-r9c/platforms/android-19/arch-arm/usr/lib/crtend_so.o
 .note.GNU-stack
                0x00000000        0x0 /home/ubuntu/android-ndk-r9c/platforms/android-19/arch-arm/usr/lib/crtend_so.o

Memory map

 ** file header
                0x00000000       0x34
 ** segment headers
                0x00000034      0x100

.interp         0x00000134       0x13
 ** fill        0x00000134       0x13

.dynsym         0x00000148      0xc30
 ** dynsym      0x00000148      0xc30

.dynstr         0x00000d78      0xc5d
 ** string table
                0x00000d78      0xc5d

.hash           0x000019d8      0x520
 ** hash        0x000019d8      0x520

.rel.dyn        0x00001ef8      0x370
 ** dynamic relocs
                0x00001ef8      0x370

.rel.plt        0x00002268       0x30
 ** dynamic relocs
                0x00002268       0x30

.plt            0x00002298       0x5c
 ** PLT         0x00002298       0x5c

.text           0x000022f4    0x1d058
 .text.exit     0x000022f4       0x10 /home/ubuntu/android-ndk-r9c/platforms/android-19/arch-arm/usr/lib/crtbegin_so.o
                0x000022f4                __on_dlclose
 .text          0x00002304      0x5b4 /home/ubuntu/Desktop/RockboxRCC/bu480/lib/rbcodec/codecs/aac.o
                0x00002304                codec_run
                0x00002864                codec_main
 .text          0x000028b8       0x14 /home/ubuntu/Desktop/RockboxRCC/bu480/lib/rbcodec/codecs/codec_crt0.o
                0x000028b8                _start
                0x000028c0                codec_start
 .text          0x000028cc      0x904 /home/ubuntu/Desktop/RockboxRCC/bu480/lib/rbcodec/codecs/libfaad.a(decoder.o)
                0x000028cc                NeAACDecGetErrorMessage
                0x000028fc                NeAACDecOpen
                0x00002974                NeAACDecGetCurrentConfiguration
                0x00002980                NeAACDecSetConfiguration
                0x000029f8                NeAACDecInit
                0x00002d1c                NeAACDecInit2
                0x00002f08                NeAACDecPostSeekReset
                0x00002f24                NeAACDecDecode
 .text          0x000031d0      0x1c0 /home/ubuntu/Desktop/RockboxRCC/bu480/lib/rbcodec/codecs/libfaad.a(drc.o)
                0x000031d0                drc_init
                0x0000321c                drc_decode
 .text          0x00003390      0x504 /home/ubuntu/Desktop/RockboxRCC/bu480/lib/rbcodec/codecs/libfaad.a(mp4.o)
                0x00003498                AudioSpecificConfig2
 .text          0x00003894     0x3174 /home/ubuntu/Desktop/RockboxRCC/bu480/lib/rbcodec/codecs/libfaad.a(syntax.o)
                0x00005af8                GASpecificConfig
                0x00005ca0                raw_data_block
                0x00006354                get_adif_header
                0x000065c0                adts_frame
 .text          0x00006a08      0x1ec /home/ubuntu/Desktop/RockboxRCC/bu480/lib/rbcodec/codecs/libfaad.a(bits.o)
                0x00006a08                faad_initbits
                0x00006b04                faad_endbits
                0x00006b08                faad_get_processed_bits
                0x00006b24                faad_byte_align
 .text          0x00006bf4      0x3c4 /home/ubuntu/Desktop/RockboxRCC/bu480/lib/rbcodec/codecs/libfaad.a(common.o)
                0x00006bf4                get_sr_index
                0x00006cfc                get_sample_rate
                0x00006d20                max_pred_sfb
                0x00006d48                max_tns_sfb
                0x00006d78                can_decode_ot
                0x00006dac                random_int
                0x00006e0c                pow2_fix
                0x00006e7c                pow2_int
                0x00006eec                log2_int
                0x00006f54                log2_fix
 .text          0x00006fb8     0x18c8 /home/ubuntu/Desktop/RockboxRCC/bu480/lib/rbcodec/codecs/libfaad.a(huffman.o)
                0x00007508                huffman_scale_factor
                0x000075c0                huffman_spectral_data
 .text          0x00008880       0xc0 /home/ubuntu/Desktop/RockboxRCC/bu480/lib/rbcodec/codecs/libfaad.a(pulse.o)
                0x00008880                pulse_decode
 .text          0x00008940      0xe14 /home/ubuntu/Desktop/RockboxRCC/bu480/lib/rbcodec/codecs/libfaad.a(sbr_dec.o)
                0x00008f4c                sbrDecodeInit
                0x000091ac                sbrDecodeCoupleFrame
                0x0000938c                sbrDecodeSingleFrame
                0x000094dc                sbrDecodeSingleFramePS
 .text          0x00009754     0x1588 /home/ubuntu/Desktop/RockboxRCC/bu480/lib/rbcodec/codecs/libfaad.a(sbr_hfadj.o)
                0x000099a8                hf_adjustment
 .text          0x0000acdc      0xcf0 /home/ubuntu/Desktop/RockboxRCC/bu480/lib/rbcodec/codecs/libfaad.a(sbr_hfgen.o)
                0x0000acdc                hf_generation
 .text          0x0000b9cc      0xa4c /home/ubuntu/Desktop/RockboxRCC/bu480/lib/rbcodec/codecs/libfaad.a(sbr_qmf.o)
                0x0000b9cc                sbr_qmf_analysis_32
                0x0000be04                sbr_qmf_synthesis_32
                0x0000c1c0                sbr_qmf_synthesis_64
 .text          0x0000c418     0x2134 /home/ubuntu/Desktop/RockboxRCC/bu480/lib/rbcodec/codecs/libfaad.a(sbr_syntax.o)
                0x0000d22c                sbr_extension_data
 .text          0x0000e54c      0x50c /home/ubuntu/Desktop/RockboxRCC/bu480/lib/rbcodec/codecs/libfaad.a(sbr_tf_grid.o)
                0x0000e54c                envelope_time_border_vector
                0x0000e924                noise_floor_time_border_vector
 .text          0x0000ea58     0x113c /home/ubuntu/Desktop/RockboxRCC/bu480/lib/rbcodec/codecs/libfaad.a(specrec.o)
                0x0000f168                window_grouping_info
                0x0000f478                reconstruct_single_channel
                0x0000f76c                reconstruct_channel_pair
 .text          0x0000fb94      0x544 /home/ubuntu/Desktop/RockboxRCC/bu480/lib/rbcodec/codecs/libfaad.a(tns.o)
                0x0000fb94                tns_decode_frame
 .text          0x000100d8      0xdd4 /home/ubuntu/Desktop/RockboxRCC/bu480/lib/rbcodec/codecs/libfaad.a(filtbank.o)
                0x000100d8                ifilter_bank
 .text          0x00010eac      0x2a8 /home/ubuntu/Desktop/RockboxRCC/bu480/lib/rbcodec/codecs/libfaad.a(is.o)
                0x00010eac                is_decode
 .text          0x00011154      0x1fc /home/ubuntu/Desktop/RockboxRCC/bu480/lib/rbcodec/codecs/libfaad.a(ms.o)
                0x00011154                ms_decode
 .text          0x00011350      0x8d4 /home/ubuntu/Desktop/RockboxRCC/bu480/lib/rbcodec/codecs/libfaad.a(pns.o)
                0x00011350                pns_decode
 .text          0x00011c24     0x3dd0 /home/ubuntu/Desktop/RockboxRCC/bu480/lib/rbcodec/codecs/libfaad.a(ps_dec.o)
                0x00012278                ps_init
                0x00012460                ps_decode
 .text          0x000159f4      0xae4 /home/ubuntu/Desktop/RockboxRCC/bu480/lib/rbcodec/codecs/libfaad.a(ps_syntax.o)
                0x00015ca0                ps_data
 .text          0x000164d8     0x2880 /home/ubuntu/Desktop/RockboxRCC/bu480/lib/rbcodec/codecs/libfaad.a(sbr_dct.o)
                0x000164d8                DCT4_32
                0x00017848                dct4_kernel
                0x00017a24                DST4_32
 .text          0x00018d58      0xd68 /home/ubuntu/Desktop/RockboxRCC/bu480/lib/rbcodec/codecs/libfaad.a(sbr_fbt.o)
                0x00018de4                qmf_start_channel
                0x00018e44                qmf_stop_channel
                0x00018f0c                master_frequency_table_fs0
                0x00019064                master_frequency_table
                0x000194cc                derived_frequency_table
                0x000196c8                limiter_frequency_table
 .text          0x00019ac0      0x894 /home/ubuntu/Desktop/RockboxRCC/bu480/lib/rbcodec/codecs/libfaad.a(sbr_huff.o)
                0x00019bc8                sbr_envelope
                0x0001a04c                sbr_noise
 .text          0x0001a354      0x4f8 /home/ubuntu/Desktop/RockboxRCC/bu480/lib/rbcodec/codecs/libfaad.a(sbr_e_nf.o)
                0x0001a354                extract_envelope_data
                0x0001a6c0                extract_noise_floor_data
 .text          0x0001a84c      0x448 /home/ubuntu/Desktop/RockboxRCC/bu480/lib/rbcodec/codecs/libm4a.a(m4a.o)
                0x0001a84c                stream_read
                0x0001a880                stream_read_int32
                0x0001a8b0                stream_tell
                0x0001a8bc                stream_read_uint32
                0x0001a8ec                stream_read_uint16
                0x0001a91c                stream_read_uint8
                0x0001a93c                stream_skip
                0x0001a954                stream_seek
                0x0001a96c                stream_eof
                0x0001a974                stream_create
                0x0001a984                m4a_check_sample_offset
                0x0001aa30                m4a_seek
                0x0001ab94                m4a_seek_raw
 .text          0x0001ac94      0xaac /home/ubuntu/Desktop/RockboxRCC/bu480/lib/rbcodec/codecs/libm4a.a(demux.o)
                0x0001ac94                qtmovie_read
 .text.codec_init
                0x0001b740       0x4c /home/ubuntu/Desktop/RockboxRCC/bu480/lib/rbcodec/codecs/libcodec.a(codeclib.o)
                0x0001b740                codec_init
 .text.codec_set_replaygain
                0x0001b78c       0x5c /home/ubuntu/Desktop/RockboxRCC/bu480/lib/rbcodec/codecs/libcodec.a(codeclib.o)
                0x0001b78c                codec_set_replaygain
 .text.codec_malloc
                0x0001b7e8       0x50 /home/ubuntu/Desktop/RockboxRCC/bu480/lib/rbcodec/codecs/libcodec.a(codeclib.o)
                0x0001b7e8                codec_malloc
 .text.codec_calloc
                0x0001b838       0x50 /home/ubuntu/Desktop/RockboxRCC/bu480/lib/rbcodec/codecs/libcodec.a(codeclib.o)
                0x0001b838                codec_calloc
 .text.codec_free
                0x0001b888        0x4 /home/ubuntu/Desktop/RockboxRCC/bu480/lib/rbcodec/codecs/libcodec.a(codeclib.o)
                0x0001b888                codec_free
 .text.codec_realloc
                0x0001b88c       0x54 /home/ubuntu/Desktop/RockboxRCC/bu480/lib/rbcodec/codecs/libcodec.a(codeclib.o)
                0x0001b88c                codec_realloc
 .text.strlen   0x0001b8e0       0x2c /home/ubuntu/Desktop/RockboxRCC/bu480/lib/rbcodec/codecs/libcodec.a(codeclib.o)
                0x0001b8e0                strlen
 .text.strcpy   0x0001b90c       0x2c /home/ubuntu/Desktop/RockboxRCC/bu480/lib/rbcodec/codecs/libcodec.a(codeclib.o)
                0x0001b90c                strcpy
 .text.strcat   0x0001b938       0x2c /home/ubuntu/Desktop/RockboxRCC/bu480/lib/rbcodec/codecs/libcodec.a(codeclib.o)
                0x0001b938                strcat
 .text.strcmp   0x0001b964       0x2c /home/ubuntu/Desktop/RockboxRCC/bu480/lib/rbcodec/codecs/libcodec.a(codeclib.o)
                0x0001b964                strcmp
 .text.memcpy   0x0001b990       0x2c /home/ubuntu/Desktop/RockboxRCC/bu480/lib/rbcodec/codecs/libcodec.a(codeclib.o)
                0x0001b990                memcpy
 .text.memset   0x0001b9bc       0x2c /home/ubuntu/Desktop/RockboxRCC/bu480/lib/rbcodec/codecs/libcodec.a(codeclib.o)
                0x0001b9bc                memset
 .text.memcmp   0x0001b9e8       0x2c /home/ubuntu/Desktop/RockboxRCC/bu480/lib/rbcodec/codecs/libcodec.a(codeclib.o)
                0x0001b9e8                memcmp
 .text.memchr   0x0001ba14       0x2c /home/ubuntu/Desktop/RockboxRCC/bu480/lib/rbcodec/codecs/libcodec.a(codeclib.o)
                0x0001ba14                memchr
 .text.memmove  0x0001ba40       0x2c /home/ubuntu/Desktop/RockboxRCC/bu480/lib/rbcodec/codecs/libcodec.a(codeclib.o)
                0x0001ba40                memmove
 .text.qsort    0x0001ba6c       0x2c /home/ubuntu/Desktop/RockboxRCC/bu480/lib/rbcodec/codecs/libcodec.a(codeclib.o)
                0x0001ba6c                qsort
 .text.fft4_dispatch
                0x0001ba98       0x54 /home/ubuntu/Desktop/RockboxRCC/bu480/lib/rbcodec/codecs/libcodec.a(fft-ffmpeg.o)
 .text.fft8_dispatch
                0x0001baec      0x178 /home/ubuntu/Desktop/RockboxRCC/bu480/lib/rbcodec/codecs/libcodec.a(fft-ffmpeg.o)
 .text.fft16    0x0001bc64      0x490 /home/ubuntu/Desktop/RockboxRCC/bu480/lib/rbcodec/codecs/libcodec.a(fft-ffmpeg.o)
 .text.pass     0x0001c0f4      0x4fc /home/ubuntu/Desktop/RockboxRCC/bu480/lib/rbcodec/codecs/libcodec.a(fft-ffmpeg.o)
 .text.fft32    0x0001c5f0      0x2fc /home/ubuntu/Desktop/RockboxRCC/bu480/lib/rbcodec/codecs/libcodec.a(fft-ffmpeg.o)
 .text.fft64    0x0001c8ec       0x30 /home/ubuntu/Desktop/RockboxRCC/bu480/lib/rbcodec/codecs/libcodec.a(fft-ffmpeg.o)
 .text.fft128   0x0001c91c       0x30 /home/ubuntu/Desktop/RockboxRCC/bu480/lib/rbcodec/codecs/libcodec.a(fft-ffmpeg.o)
 .text.fft256   0x0001c94c       0x30 /home/ubuntu/Desktop/RockboxRCC/bu480/lib/rbcodec/codecs/libcodec.a(fft-ffmpeg.o)
 .text.fft512   0x0001c97c       0x30 /home/ubuntu/Desktop/RockboxRCC/bu480/lib/rbcodec/codecs/libcodec.a(fft-ffmpeg.o)
 .text.fft1024  0x0001c9ac       0x30 /home/ubuntu/Desktop/RockboxRCC/bu480/lib/rbcodec/codecs/libcodec.a(fft-ffmpeg.o)
 .text.fft2048  0x0001c9dc       0x30 /home/ubuntu/Desktop/RockboxRCC/bu480/lib/rbcodec/codecs/libcodec.a(fft-ffmpeg.o)
 .text.fft4096  0x0001ca0c       0x30 /home/ubuntu/Desktop/RockboxRCC/bu480/lib/rbcodec/codecs/libcodec.a(fft-ffmpeg.o)
 .text.ff_fft_calc_c
                0x0001ca3c       0x24 /home/ubuntu/Desktop/RockboxRCC/bu480/lib/rbcodec/codecs/libcodec.a(fft-ffmpeg.o)
                0x0001ca3c                ff_fft_calc_c
 .text.ff_imdct_half
                0x0001ca60      0x734 /home/ubuntu/Desktop/RockboxRCC/bu480/lib/rbcodec/codecs/libcodec.a(mdct.o)
                0x0001ca60                ff_imdct_half
 .text.ff_imdct_calc
                0x0001d194      0x104 /home/ubuntu/Desktop/RockboxRCC/bu480/lib/rbcodec/codecs/libcodec.a(mdct.o)
                0x0001d194                ff_imdct_calc
 .text          0x0001d298       0xc8 /home/ubuntu/android-ndk-r9c/toolchains/arm-linux-androideabi-4.8/prebuilt/linux-x86/bin/../lib/gcc/arm-linux-androideabi/4.8/libgcc.a(_udivsi3.o)
                0x0001d298                __udivsi3
                0x0001d298                __aeabi_uidiv
                0x0001d340                __aeabi_uidivmod
 .text          0x0001d360       0xfc /home/ubuntu/android-ndk-r9c/toolchains/arm-linux-androideabi-4.8/prebuilt/linux-x86/bin/../lib/gcc/arm-linux-androideabi/4.8/libgcc.a(_divsi3.o)
                0x0001d360                __divsi3
                0x0001d360                __aeabi_idiv
                0x0001d43c                __aeabi_idivmod
 .text          0x0001d45c       0x44 /home/ubuntu/android-ndk-r9c/toolchains/arm-linux-androideabi-4.8/prebuilt/linux-x86/bin/../lib/gcc/arm-linux-androideabi/4.8/libgcc.a(_aeabi_ldivmod.o)
                0x0001d45c                __aeabi_ldivmod
 .text          0x0001d4a0       0x3c /home/ubuntu/android-ndk-r9c/toolchains/arm-linux-androideabi-4.8/prebuilt/linux-x86/bin/../lib/gcc/arm-linux-androideabi/4.8/libgcc.a(_aeabi_uldivmod.o)
                0x0001d4a0                __aeabi_uldivmod
 .text          0x0001d4dc       0x10 /home/ubuntu/android-ndk-r9c/toolchains/arm-linux-androideabi-4.8/prebuilt/linux-x86/bin/../lib/gcc/arm-linux-androideabi/4.8/libgcc.a(_dvmd_lnx.o)
                0x0001d4dc                __aeabi_idiv0
                0x0001d4dc                __aeabi_ldiv0
 .text          0x0001d4ec       0x78 /home/ubuntu/android-ndk-r9c/toolchains/arm-linux-androideabi-4.8/prebuilt/linux-x86/bin/../lib/gcc/arm-linux-androideabi/4.8/libgcc.a(bpabi.o)
                0x0001d4ec                __gnu_ldivmod_helper
                0x0001d528                __gnu_uldivmod_helper
 .text          0x0001d564      0xf20 /home/ubuntu/android-ndk-r9c/toolchains/arm-linux-androideabi-4.8/prebuilt/linux-x86/bin/../lib/gcc/arm-linux-androideabi/4.8/libgcc.a(unwind-arm.o)
                0x0001e114                __aeabi_unwind_cpp_pr0
                0x0001e11c                __aeabi_unwind_cpp_pr1
                0x0001e124                __aeabi_unwind_cpp_pr2
                0x0001d9a8                _Unwind_GetCFA
                0x0001d9b0                __gnu_Unwind_RaiseException
                0x0001da54                __gnu_Unwind_ForcedUnwind
                0x0001da70                __gnu_Unwind_Resume
                0x0001dae4                __gnu_Unwind_Resume_or_Rethrow
                0x0001db04                _Unwind_Complete
                0x0001db08                _Unwind_DeleteException
                0x0001db28                _Unwind_VRS_Get
                0x0001dbac                _Unwind_VRS_Set
                0x0001dc34                __gnu_Unwind_Backtrace
                0x0001e12c                _Unwind_VRS_Pop
 .text          0x0001e484      0x1a8 /home/ubuntu/android-ndk-r9c/toolchains/arm-linux-androideabi-4.8/prebuilt/linux-x86/bin/../lib/gcc/arm-linux-androideabi/4.8/libgcc.a(libunwind.o)
                0x0001e484                __restore_core_regs
                0x0001e484                restore_core_regs
                0x0001e498                __gnu_Unwind_Restore_VFP
                0x0001e4a0                __gnu_Unwind_Save_VFP
                0x0001e4a8                __gnu_Unwind_Restore_VFP_D
                0x0001e4b0                __gnu_Unwind_Save_VFP_D
                0x0001e4b8                __gnu_Unwind_Restore_VFP_D_16_to_31
                0x0001e4c0                __gnu_Unwind_Save_VFP_D_16_to_31
                0x0001e4c8                __gnu_Unwind_Restore_WMMXD
                0x0001e50c                __gnu_Unwind_Save_WMMXD
                0x0001e550                __gnu_Unwind_Restore_WMMXC
                0x0001e564                __gnu_Unwind_Save_WMMXC
                0x0001e578                ___Unwind_RaiseException
                0x0001e578                _Unwind_RaiseException
                0x0001e59c                ___Unwind_Resume
                0x0001e59c                _Unwind_Resume
                0x0001e5c0                ___Unwind_Resume_or_Rethrow
                0x0001e5c0                _Unwind_Resume_or_Rethrow
                0x0001e5e4                ___Unwind_ForcedUnwind
                0x0001e5e4                _Unwind_ForcedUnwind
                0x0001e608                ___Unwind_Backtrace
                0x0001e608                _Unwind_Backtrace
 .text          0x0001e62c      0x484 /home/ubuntu/android-ndk-r9c/toolchains/arm-linux-androideabi-4.8/prebuilt/linux-x86/bin/../lib/gcc/arm-linux-androideabi/4.8/libgcc.a(pr-support.o)
                0x0001e6b8                __gnu_unwind_execute
                0x0001ea34                __gnu_unwind_frame
                0x0001ea74                _Unwind_GetRegionStart
                0x0001ea84                _Unwind_GetLanguageSpecificData
                0x0001eaa0                _Unwind_GetDataRelBase
                0x0001eaa8                _Unwind_GetTextRelBase
 .text          0x0001eab0      0x498 /home/ubuntu/android-ndk-r9c/toolchains/arm-linux-androideabi-4.8/prebuilt/linux-x86/bin/../lib/gcc/arm-linux-androideabi/4.8/libgcc.a(_divdi3.o)
                0x0001eab0                __divdi3
 .text          0xffffffffffffffff      0x404 /home/ubuntu/android-ndk-r9c/toolchains/arm-linux-androideabi-4.8/prebuilt/linux-x86/bin/../lib/gcc/arm-linux-androideabi/4.8/libgcc.a(_udivdi3.o)
                0x0001ef48                __udivdi3

.rodata         0x0001f360    0x14f20
 .rodata        0x0001f360       0x84 /home/ubuntu/Desktop/RockboxRCC/bu480/lib/rbcodec/codecs/libfaad.a(decoder.o)
 .rodata        0x0001f3e4       0xbc /home/ubuntu/Desktop/RockboxRCC/bu480/lib/rbcodec/codecs/libfaad.a(drc.o)
 ** merge strings
                0x0001f4a0      0x481
 .rodata        0x0001f924       0xa4 /home/ubuntu/Desktop/RockboxRCC/bu480/lib/rbcodec/codecs/libfaad.a(mp4.o)
 .rodata        0x0001f9c8       0x84 /home/ubuntu/Desktop/RockboxRCC/bu480/lib/rbcodec/codecs/libfaad.a(syntax.o)
 .rodata        0x0001fa4c      0x388 /home/ubuntu/Desktop/RockboxRCC/bu480/lib/rbcodec/codecs/libfaad.a(common.o)
 .rodata        0x0001fdd4      0x590 /home/ubuntu/Desktop/RockboxRCC/bu480/lib/rbcodec/codecs/libfaad.a(huffman.o)
 .rodata        0x00020380     0x1840 /home/ubuntu/Desktop/RockboxRCC/bu480/lib/rbcodec/codecs/libfaad.a(sbr_hfadj.o)
 .rodata        0x00021bc0        0xc /home/ubuntu/Desktop/RockboxRCC/bu480/lib/rbcodec/codecs/libfaad.a(sbr_hfgen.o)
 .rodata        0x00021be0      0xb00 /home/ubuntu/Desktop/RockboxRCC/bu480/lib/rbcodec/codecs/libfaad.a(sbr_qmf.o)
 .rodata        0x000226e0       0x90 /home/ubuntu/Desktop/RockboxRCC/bu480/lib/rbcodec/codecs/libfaad.a(sbr_syntax.o)
 .rodata        0x00022780     0x83a0 /home/ubuntu/Desktop/RockboxRCC/bu480/lib/rbcodec/codecs/libfaad.a(specrec.o)
 .rodata        0x0002ab20      0x100 /home/ubuntu/Desktop/RockboxRCC/bu480/lib/rbcodec/codecs/libfaad.a(tns.o)
 .rodata        0x0002ac20     0x2400 /home/ubuntu/Desktop/RockboxRCC/bu480/lib/rbcodec/codecs/libfaad.a(filtbank.o)
 .rodata        0x0002d020       0x1c /home/ubuntu/Desktop/RockboxRCC/bu480/lib/rbcodec/codecs/libfaad.a(is.o)
 .rodata        0x0002d03c       0x10 /home/ubuntu/Desktop/RockboxRCC/bu480/lib/rbcodec/codecs/libfaad.a(pns.o)
 .rodata        0x0002d04c     0x21b0 /home/ubuntu/Desktop/RockboxRCC/bu480/lib/rbcodec/codecs/libfaad.a(ps_dec.o)
 .rodata        0x0002f1fc      0x27c /home/ubuntu/Desktop/RockboxRCC/bu480/lib/rbcodec/codecs/libfaad.a(ps_syntax.o)
 .rodata        0x0002f480      0x380 /home/ubuntu/Desktop/RockboxRCC/bu480/lib/rbcodec/codecs/libfaad.a(sbr_dct.o)
 .rodata        0x0002f800      0x350 /home/ubuntu/Desktop/RockboxRCC/bu480/lib/rbcodec/codecs/libfaad.a(sbr_fbt.o)
 .rodata        0x0002fb50      0x528 /home/ubuntu/Desktop/RockboxRCC/bu480/lib/rbcodec/codecs/libfaad.a(sbr_huff.o)
 .rodata        0x00030078      0x200 /home/ubuntu/Desktop/RockboxRCC/bu480/lib/rbcodec/codecs/libcodec.a(codeclib.o)
                0x00030078                bs_clz_tab
                0x00030178                bs_log2_tab
 .rodata        0x00030278     0x4008 /home/ubuntu/Desktop/RockboxRCC/bu480/lib/rbcodec/codecs/libcodec.a(mdct_lookup.o)
                0x00030278                revtab
                0x00032278                sincos_lookup1
                0x00033278                sincos_lookup0

.ARM.extab      0x00034280       0x48
 .ARM.extab     0x00034280        0xc /home/ubuntu/android-ndk-r9c/toolchains/arm-linux-androideabi-4.8/prebuilt/linux-x86/bin/../lib/gcc/arm-linux-androideabi/4.8/libgcc.a(_dvmd_lnx.o)
 .ARM.extab     0x0003428c        0xc /home/ubuntu/android-ndk-r9c/toolchains/arm-linux-androideabi-4.8/prebuilt/linux-x86/bin/../lib/gcc/arm-linux-androideabi/4.8/libgcc.a(unwind-arm.o)
 .ARM.extab     0x00034298       0x30 /home/ubuntu/android-ndk-r9c/toolchains/arm-linux-androideabi-4.8/prebuilt/linux-x86/bin/../lib/gcc/arm-linux-androideabi/4.8/libgcc.a(pr-support.o)

.ARM.exidx      0x000342c8      0x128
 .ARM.exidx     0x000342c8        0x8 /home/ubuntu/android-ndk-r9c/toolchains/arm-linux-androideabi-4.8/prebuilt/linux-x86/bin/../lib/gcc/arm-linux-androideabi/4.8/libgcc.a(_dvmd_lnx.o)
 .ARM.exidx     0xffffffffffffffff       0x10 /home/ubuntu/android-ndk-r9c/toolchains/arm-linux-androideabi-4.8/prebuilt/linux-x86/bin/../lib/gcc/arm-linux-androideabi/4.8/libgcc.a(bpabi.o)
 .ARM.exidx     0xffffffffffffffff       0xd8 /home/ubuntu/android-ndk-r9c/toolchains/arm-linux-androideabi-4.8/prebuilt/linux-x86/bin/../lib/gcc/arm-linux-androideabi/4.8/libgcc.a(unwind-arm.o)
 ** ARM cantunwind
                0x00034388        0x8
 .ARM.exidx     0x00034390       0x48 /home/ubuntu/android-ndk-r9c/toolchains/arm-linux-androideabi-4.8/prebuilt/linux-x86/bin/../lib/gcc/arm-linux-androideabi/4.8/libgcc.a(pr-support.o)
 .ARM.exidx     0x000343d8        0x8 /home/ubuntu/android-ndk-r9c/toolchains/arm-linux-androideabi-4.8/prebuilt/linux-x86/bin/../lib/gcc/arm-linux-androideabi/4.8/libgcc.a(_divdi3.o)
 .ARM.exidx     0x000343e0        0x8 /home/ubuntu/android-ndk-r9c/toolchains/arm-linux-androideabi-4.8/prebuilt/linux-x86/bin/../lib/gcc/arm-linux-androideabi/4.8/libgcc.a(_udivdi3.o)
 ** ARM cantunwind
                0x000343e8        0x8

.data.rel.ro.local
                0x00035de4       0x8c
 .data.rel.ro.local
                0x00035de4       0x60 /home/ubuntu/Desktop/RockboxRCC/bu480/lib/rbcodec/codecs/libfaad.a(specrec.o)
 .data.rel.ro.local
                0x00035e44       0x2c /home/ubuntu/Desktop/RockboxRCC/bu480/lib/rbcodec/codecs/libcodec.a(fft-ffmpeg.o)

.fini_array     0x00035e70        0x8
 .fini_array    0x00035e70        0x4 /home/ubuntu/android-ndk-r9c/platforms/android-19/arch-arm/usr/lib/crtbegin_so.o
 .fini_array    0x00035e74        0x4 /home/ubuntu/android-ndk-r9c/platforms/android-19/arch-arm/usr/lib/crtend_so.o

.data.rel.ro    0x00035e78       0x1c
 .data.rel.ro   0x00035e78       0x1c /home/ubuntu/Desktop/RockboxRCC/bu480/lib/rbcodec/codecs/aac.o
                0x00035e78                __header

.init_array     0x00035e94        0x4
 .init_array    0x00035e94        0x4 /home/ubuntu/android-ndk-r9c/platforms/android-19/arch-arm/usr/lib/crtend_so.o

.dynamic        0x00035e98       0xe0
 ** dynamic     0x00035e98       0xe0

.got            0x00035f78       0x88
 ** GOT         0x00035f78       0x64
 ** GOT PLT     0x00035fdc       0x24

.data           0x00036000     0x1c20
 .data          0x00036000        0x4 /home/ubuntu/android-ndk-r9c/platforms/android-19/arch-arm/usr/lib/crtbegin_so.o
                0x00036000                __dso_handle
 .data          0x00036004        0x4 /home/ubuntu/Desktop/RockboxRCC/bu480/lib/rbcodec/codecs/codec_crt0.o
                0x00036004                ci
 .data.rel.local
                0x00036008       0x74 /home/ubuntu/Desktop/RockboxRCC/bu480/lib/rbcodec/codecs/libfaad.a(error.o)
                0x00036008                err_msg
 .data          0x0003607c        0x8 /home/ubuntu/Desktop/RockboxRCC/bu480/lib/rbcodec/codecs/libfaad.a(common.o)
 .data          0x00036084     0x1adc /home/ubuntu/Desktop/RockboxRCC/bu480/lib/rbcodec/codecs/libfaad.a(huffman.o)
                0x00037aa4                hcb_bin_table_size
                0x00037b54                hcbN
                0x00037b04                hcb_2_quad_table_size
                0x00037ad4                hcb_2_pair_table_size
                0x00037b34                unsigned_cb
 .data.rel.local
                0x00037b60       0xc0 /home/ubuntu/Desktop/RockboxRCC/bu480/lib/rbcodec/codecs/libfaad.a(huffman.o)
                0x00037b60                hcb_bin_table
                0x00037bf0                hcb_table
                0x00037bc0                hcb_2_quad_table
                0x00037b90                hcb_2_pair_table

.bss            0x00037c20    0x1a4e0
 .bss           0x00037c20     0x4240 /home/ubuntu/Desktop/RockboxRCC/bu480/lib/rbcodec/codecs/libfaad.a(decoder.o)
 .bss           0x0003be60       0x8c /home/ubuntu/Desktop/RockboxRCC/bu480/lib/rbcodec/codecs/libfaad.a(drc.o)
 .bss           0x0003bf00      0x800 /home/ubuntu/Desktop/RockboxRCC/bu480/lib/rbcodec/codecs/libfaad.a(syntax.o)
                0x0003bf00                spec_data
 .bss           0x0003c700      0x800 /home/ubuntu/Desktop/RockboxRCC/bu480/lib/rbcodec/codecs/libfaad.a(bits.o)
 .bss           0x0003cf00        0x4 /home/ubuntu/Desktop/RockboxRCC/bu480/lib/rbcodec/codecs/libfaad.a(sbr_dec.o)
 .bss           0x0003cf20     0x2000 /home/ubuntu/Desktop/RockboxRCC/bu480/lib/rbcodec/codecs/libfaad.a(specrec.o)
 .bss           0x0003ef20     0x2000 /home/ubuntu/Desktop/RockboxRCC/bu480/lib/rbcodec/codecs/libfaad.a(filtbank.o)
 .bss           0x00040f20     0x6200 /home/ubuntu/Desktop/RockboxRCC/bu480/lib/rbcodec/codecs/libfaad.a(ps_dec.o)
 .bss           0x00047120        0xc /home/ubuntu/Desktop/RockboxRCC/bu480/lib/rbcodec/codecs/libcodec.a(codeclib.o)
 ** common      0x00047140     0xafc0
