Archive member included because of file (symbol)

/home/ubuntu/Desktop/RockboxRCC/bu480/lib/rbcodec/codecs/libdemac.a(decoder.o)
                              /home/ubuntu/Desktop/RockboxRCC/bu480/lib/rbcodec/codecs/ape.o (init_frame_decoder)
/home/ubuntu/Desktop/RockboxRCC/bu480/lib/rbcodec/codecs/libdemac.a(parser.o)
                              /home/ubuntu/Desktop/RockboxRCC/bu480/lib/rbcodec/codecs/ape.o (ape_parseheaderbuf)
/home/ubuntu/Desktop/RockboxRCC/bu480/lib/rbcodec/codecs/libdemac.a(filter_1280_15.o)
                              /home/ubuntu/Desktop/RockboxRCC/bu480/lib/rbcodec/codecs/libdemac.a(decoder.o) (init_filter_1280_15)
/home/ubuntu/Desktop/RockboxRCC/bu480/lib/rbcodec/codecs/libdemac.a(filter_16_11.o)
                              /home/ubuntu/Desktop/RockboxRCC/bu480/lib/rbcodec/codecs/libdemac.a(decoder.o) (init_filter_16_11)
/home/ubuntu/Desktop/RockboxRCC/bu480/lib/rbcodec/codecs/libdemac.a(filter_256_13.o)
                              /home/ubuntu/Desktop/RockboxRCC/bu480/lib/rbcodec/codecs/libdemac.a(decoder.o) (init_filter_256_13)
/home/ubuntu/Desktop/RockboxRCC/bu480/lib/rbcodec/codecs/libdemac.a(filter_32_10.o)
                              /home/ubuntu/Desktop/RockboxRCC/bu480/lib/rbcodec/codecs/libdemac.a(decoder.o) (init_filter_32_10)
/home/ubuntu/Desktop/RockboxRCC/bu480/lib/rbcodec/codecs/libdemac.a(filter_64_11.o)
                              /home/ubuntu/Desktop/RockboxRCC/bu480/lib/rbcodec/codecs/libdemac.a(decoder.o) (init_filter_64_11)
/home/ubuntu/Desktop/RockboxRCC/bu480/lib/rbcodec/codecs/libdemac.a(predictor.o)
                              /home/ubuntu/Desktop/RockboxRCC/bu480/lib/rbcodec/codecs/libdemac.a(decoder.o) (init_predictor_decoder)
/home/ubuntu/Desktop/RockboxRCC/bu480/lib/rbcodec/codecs/libdemac.a(predictor-arm.o)
                              /home/ubuntu/Desktop/RockboxRCC/bu480/lib/rbcodec/codecs/libdemac.a(decoder.o) (predictor_decode_stereo)
/home/ubuntu/Desktop/RockboxRCC/bu480/lib/rbcodec/codecs/libdemac.a(entropy.o)
                              /home/ubuntu/Desktop/RockboxRCC/bu480/lib/rbcodec/codecs/libdemac.a(decoder.o) (init_entropy_decoder)
/home/ubuntu/Desktop/RockboxRCC/bu480/lib/rbcodec/codecs/libcodec.a(codeclib.o)
                              /home/ubuntu/Desktop/RockboxRCC/bu480/lib/rbcodec/codecs/ape.o (codec_init)
/home/ubuntu/android-ndk-r9c/toolchains/arm-linux-androideabi-4.8/prebuilt/linux-x86/bin/../lib/gcc/arm-linux-androideabi/4.8/libgcc.a(_udivsi3.o)
                              /home/ubuntu/Desktop/RockboxRCC/bu480/lib/rbcodec/codecs/ape.o (__aeabi_uidiv)
/home/ubuntu/android-ndk-r9c/toolchains/arm-linux-androideabi-4.8/prebuilt/linux-x86/bin/../lib/gcc/arm-linux-androideabi/4.8/libgcc.a(_aeabi_ldivmod.o)
                              /home/ubuntu/Desktop/RockboxRCC/bu480/lib/rbcodec/codecs/ape.o (__aeabi_ldivmod)
/home/ubuntu/android-ndk-r9c/toolchains/arm-linux-androideabi-4.8/prebuilt/linux-x86/bin/../lib/gcc/arm-linux-androideabi/4.8/libgcc.a(_dvmd_lnx.o)
                              /home/ubuntu/android-ndk-r9c/toolchains/arm-linux-androideabi-4.8/prebuilt/linux-x86/bin/../lib/gcc/arm-linux-androideabi/4.8/libgcc.a(_udivsi3.o) (__aeabi_idiv0)
/home/ubuntu/android-ndk-r9c/toolchains/arm-linux-androideabi-4.8/prebuilt/linux-x86/bin/../lib/gcc/arm-linux-androideabi/4.8/libgcc.a(bpabi.o)
                              /home/ubuntu/android-ndk-r9c/toolchains/arm-linux-androideabi-4.8/prebuilt/linux-x86/bin/../lib/gcc/arm-linux-androideabi/4.8/libgcc.a(_aeabi_ldivmod.o) (__gnu_ldivmod_helper)
/home/ubuntu/android-ndk-r9c/toolchains/arm-linux-androideabi-4.8/prebuilt/linux-x86/bin/../lib/gcc/arm-linux-androideabi/4.8/libgcc.a(unwind-arm.o)
                              /home/ubuntu/android-ndk-r9c/toolchains/arm-linux-androideabi-4.8/prebuilt/linux-x86/bin/../lib/gcc/arm-linux-androideabi/4.8/libgcc.a(bpabi.o) (__aeabi_unwind_cpp_pr0)
/home/ubuntu/android-ndk-r9c/toolchains/arm-linux-androideabi-4.8/prebuilt/linux-x86/bin/../lib/gcc/arm-linux-androideabi/4.8/libgcc.a(libunwind.o)
                              /home/ubuntu/android-ndk-r9c/toolchains/arm-linux-androideabi-4.8/prebuilt/linux-x86/bin/../lib/gcc/arm-linux-androideabi/4.8/libgcc.a(unwind-arm.o) (restore_core_regs)
/home/ubuntu/android-ndk-r9c/toolchains/arm-linux-androideabi-4.8/prebuilt/linux-x86/bin/../lib/gcc/arm-linux-androideabi/4.8/libgcc.a(pr-support.o)
                              /home/ubuntu/android-ndk-r9c/toolchains/arm-linux-androideabi-4.8/prebuilt/linux-x86/bin/../lib/gcc/arm-linux-androideabi/4.8/libgcc.a(unwind-arm.o) (__gnu_unwind_execute)
/home/ubuntu/android-ndk-r9c/toolchains/arm-linux-androideabi-4.8/prebuilt/linux-x86/bin/../lib/gcc/arm-linux-androideabi/4.8/libgcc.a(_divdi3.o)
                              /home/ubuntu/android-ndk-r9c/toolchains/arm-linux-androideabi-4.8/prebuilt/linux-x86/bin/../lib/gcc/arm-linux-androideabi/4.8/libgcc.a(bpabi.o) (__divdi3)
/home/ubuntu/android-ndk-r9c/toolchains/arm-linux-androideabi-4.8/prebuilt/linux-x86/bin/../lib/gcc/arm-linux-androideabi/4.8/libgcc.a(_udivdi3.o)
                              /home/ubuntu/android-ndk-r9c/toolchains/arm-linux-androideabi-4.8/prebuilt/linux-x86/bin/../lib/gcc/arm-linux-androideabi/4.8/libgcc.a(bpabi.o) (__udivdi3)

Discarded input sections

 .text          0x00000000       0x14 /home/ubuntu/android-ndk-r9c/platforms/android-19/arch-arm/usr/lib/crtbegin_so.o
 .bss           0x00000000        0x0 /home/ubuntu/android-ndk-r9c/platforms/android-19/arch-arm/usr/lib/crtbegin_so.o
 .note.GNU-stack
                0x00000000        0x0 /home/ubuntu/android-ndk-r9c/platforms/android-19/arch-arm/usr/lib/crtbegin_so.o
 .data          0x00000000        0x0 /home/ubuntu/Desktop/RockboxRCC/bu480/lib/rbcodec/codecs/ape.o
 .note.GNU-stack
                0x00000000        0x0 /home/ubuntu/Desktop/RockboxRCC/bu480/lib/rbcodec/codecs/ape.o
 .bss           0x00000000        0x0 /home/ubuntu/Desktop/RockboxRCC/bu480/lib/rbcodec/codecs/codec_crt0.o
 .note.GNU-stack
                0x00000000        0x0 /home/ubuntu/Desktop/RockboxRCC/bu480/lib/rbcodec/codecs/codec_crt0.o
 .data          0x00000000        0x0 /home/ubuntu/Desktop/RockboxRCC/bu480/lib/rbcodec/codecs/libdemac.a(decoder.o)
 .note.GNU-stack
                0x00000000        0x0 /home/ubuntu/Desktop/RockboxRCC/bu480/lib/rbcodec/codecs/libdemac.a(decoder.o)
 .data          0x00000000        0x0 /home/ubuntu/Desktop/RockboxRCC/bu480/lib/rbcodec/codecs/libdemac.a(parser.o)
 .bss           0x00000000        0x0 /home/ubuntu/Desktop/RockboxRCC/bu480/lib/rbcodec/codecs/libdemac.a(parser.o)
 .note.GNU-stack
                0x00000000        0x0 /home/ubuntu/Desktop/RockboxRCC/bu480/lib/rbcodec/codecs/libdemac.a(parser.o)
 .data          0x00000000        0x0 /home/ubuntu/Desktop/RockboxRCC/bu480/lib/rbcodec/codecs/libdemac.a(filter_1280_15.o)
 .note.GNU-stack
                0x00000000        0x0 /home/ubuntu/Desktop/RockboxRCC/bu480/lib/rbcodec/codecs/libdemac.a(filter_1280_15.o)
 .data          0x00000000        0x0 /home/ubuntu/Desktop/RockboxRCC/bu480/lib/rbcodec/codecs/libdemac.a(filter_16_11.o)
 .note.GNU-stack
                0x00000000        0x0 /home/ubuntu/Desktop/RockboxRCC/bu480/lib/rbcodec/codecs/libdemac.a(filter_16_11.o)
 .data          0x00000000        0x0 /home/ubuntu/Desktop/RockboxRCC/bu480/lib/rbcodec/codecs/libdemac.a(filter_256_13.o)
 .note.GNU-stack
                0x00000000        0x0 /home/ubuntu/Desktop/RockboxRCC/bu480/lib/rbcodec/codecs/libdemac.a(filter_256_13.o)
 .data          0x00000000        0x0 /home/ubuntu/Desktop/RockboxRCC/bu480/lib/rbcodec/codecs/libdemac.a(filter_32_10.o)
 .note.GNU-stack
                0x00000000        0x0 /home/ubuntu/Desktop/RockboxRCC/bu480/lib/rbcodec/codecs/libdemac.a(filter_32_10.o)
 .data          0x00000000        0x0 /home/ubuntu/Desktop/RockboxRCC/bu480/lib/rbcodec/codecs/libdemac.a(filter_64_11.o)
 .note.GNU-stack
                0x00000000        0x0 /home/ubuntu/Desktop/RockboxRCC/bu480/lib/rbcodec/codecs/libdemac.a(filter_64_11.o)
 .data          0x00000000        0x0 /home/ubuntu/Desktop/RockboxRCC/bu480/lib/rbcodec/codecs/libdemac.a(predictor.o)
 .bss           0x00000000        0x0 /home/ubuntu/Desktop/RockboxRCC/bu480/lib/rbcodec/codecs/libdemac.a(predictor.o)
 .note.GNU-stack
                0x00000000        0x0 /home/ubuntu/Desktop/RockboxRCC/bu480/lib/rbcodec/codecs/libdemac.a(predictor.o)
 .data          0x00000000        0x0 /home/ubuntu/Desktop/RockboxRCC/bu480/lib/rbcodec/codecs/libdemac.a(predictor-arm.o)
 .bss           0x00000000        0x0 /home/ubuntu/Desktop/RockboxRCC/bu480/lib/rbcodec/codecs/libdemac.a(predictor-arm.o)
 .note.GNU-stack
                0x00000000        0x0 /home/ubuntu/Desktop/RockboxRCC/bu480/lib/rbcodec/codecs/libdemac.a(predictor-arm.o)
 .data          0x00000000        0x0 /home/ubuntu/Desktop/RockboxRCC/bu480/lib/rbcodec/codecs/libdemac.a(entropy.o)
 .note.GNU-stack
                0x00000000        0x0 /home/ubuntu/Desktop/RockboxRCC/bu480/lib/rbcodec/codecs/libdemac.a(entropy.o)
 .text          0x00000000        0x0 /home/ubuntu/Desktop/RockboxRCC/bu480/lib/rbcodec/codecs/libcodec.a(codeclib.o)
 .data          0x00000000        0x0 /home/ubuntu/Desktop/RockboxRCC/bu480/lib/rbcodec/codecs/libcodec.a(codeclib.o)
 .note.GNU-stack
                0x00000000        0x0 /home/ubuntu/Desktop/RockboxRCC/bu480/lib/rbcodec/codecs/libcodec.a(codeclib.o)
 .data          0x00000000        0x0 /home/ubuntu/android-ndk-r9c/toolchains/arm-linux-androideabi-4.8/prebuilt/linux-x86/bin/../lib/gcc/arm-linux-androideabi/4.8/libgcc.a(_udivsi3.o)
 .bss           0x00000000        0x0 /home/ubuntu/android-ndk-r9c/toolchains/arm-linux-androideabi-4.8/prebuilt/linux-x86/bin/../lib/gcc/arm-linux-androideabi/4.8/libgcc.a(_udivsi3.o)
 .note.GNU-stack
                0x00000000        0x0 /home/ubuntu/android-ndk-r9c/toolchains/arm-linux-androideabi-4.8/prebuilt/linux-x86/bin/../lib/gcc/arm-linux-androideabi/4.8/libgcc.a(_udivsi3.o)
 .data          0x00000000        0x0 /home/ubuntu/android-ndk-r9c/toolchains/arm-linux-androideabi-4.8/prebuilt/linux-x86/bin/../lib/gcc/arm-linux-androideabi/4.8/libgcc.a(_aeabi_ldivmod.o)
 .bss           0x00000000        0x0 /home/ubuntu/android-ndk-r9c/toolchains/arm-linux-androideabi-4.8/prebuilt/linux-x86/bin/../lib/gcc/arm-linux-androideabi/4.8/libgcc.a(_aeabi_ldivmod.o)
 .note.GNU-stack
                0x00000000        0x0 /home/ubuntu/android-ndk-r9c/toolchains/arm-linux-androideabi-4.8/prebuilt/linux-x86/bin/../lib/gcc/arm-linux-androideabi/4.8/libgcc.a(_aeabi_ldivmod.o)
 .data          0x00000000        0x0 /home/ubuntu/android-ndk-r9c/toolchains/arm-linux-androideabi-4.8/prebuilt/linux-x86/bin/../lib/gcc/arm-linux-androideabi/4.8/libgcc.a(_dvmd_lnx.o)
 .bss           0x00000000        0x0 /home/ubuntu/android-ndk-r9c/toolchains/arm-linux-androideabi-4.8/prebuilt/linux-x86/bin/../lib/gcc/arm-linux-androideabi/4.8/libgcc.a(_dvmd_lnx.o)
 .note.GNU-stack
                0x00000000        0x0 /home/ubuntu/android-ndk-r9c/toolchains/arm-linux-androideabi-4.8/prebuilt/linux-x86/bin/../lib/gcc/arm-linux-androideabi/4.8/libgcc.a(_dvmd_lnx.o)
 .data          0x00000000        0x0 /home/ubuntu/android-ndk-r9c/toolchains/arm-linux-androideabi-4.8/prebuilt/linux-x86/bin/../lib/gcc/arm-linux-androideabi/4.8/libgcc.a(bpabi.o)
 .bss           0x00000000        0x0 /home/ubuntu/android-ndk-r9c/toolchains/arm-linux-androideabi-4.8/prebuilt/linux-x86/bin/../lib/gcc/arm-linux-androideabi/4.8/libgcc.a(bpabi.o)
 .ARM.extab     0x00000000        0x0 /home/ubuntu/android-ndk-r9c/toolchains/arm-linux-androideabi-4.8/prebuilt/linux-x86/bin/../lib/gcc/arm-linux-androideabi/4.8/libgcc.a(bpabi.o)
 .note.GNU-stack
                0x00000000        0x0 /home/ubuntu/android-ndk-r9c/toolchains/arm-linux-androideabi-4.8/prebuilt/linux-x86/bin/../lib/gcc/arm-linux-androideabi/4.8/libgcc.a(bpabi.o)
 .data          0x00000000        0x0 /home/ubuntu/android-ndk-r9c/toolchains/arm-linux-androideabi-4.8/prebuilt/linux-x86/bin/../lib/gcc/arm-linux-androideabi/4.8/libgcc.a(unwind-arm.o)
 .bss           0x00000000        0x0 /home/ubuntu/android-ndk-r9c/toolchains/arm-linux-androideabi-4.8/prebuilt/linux-x86/bin/../lib/gcc/arm-linux-androideabi/4.8/libgcc.a(unwind-arm.o)
 .note.GNU-stack
                0x00000000        0x0 /home/ubuntu/android-ndk-r9c/toolchains/arm-linux-androideabi-4.8/prebuilt/linux-x86/bin/../lib/gcc/arm-linux-androideabi/4.8/libgcc.a(unwind-arm.o)
 .data          0x00000000        0x0 /home/ubuntu/android-ndk-r9c/toolchains/arm-linux-androideabi-4.8/prebuilt/linux-x86/bin/../lib/gcc/arm-linux-androideabi/4.8/libgcc.a(libunwind.o)
 .bss           0x00000000        0x0 /home/ubuntu/android-ndk-r9c/toolchains/arm-linux-androideabi-4.8/prebuilt/linux-x86/bin/../lib/gcc/arm-linux-androideabi/4.8/libgcc.a(libunwind.o)
 .note.GNU-stack
                0x00000000        0x0 /home/ubuntu/android-ndk-r9c/toolchains/arm-linux-androideabi-4.8/prebuilt/linux-x86/bin/../lib/gcc/arm-linux-androideabi/4.8/libgcc.a(libunwind.o)
 .data          0x00000000        0x0 /home/ubuntu/android-ndk-r9c/toolchains/arm-linux-androideabi-4.8/prebuilt/linux-x86/bin/../lib/gcc/arm-linux-androideabi/4.8/libgcc.a(pr-support.o)
 .bss           0x00000000        0x0 /home/ubuntu/android-ndk-r9c/toolchains/arm-linux-androideabi-4.8/prebuilt/linux-x86/bin/../lib/gcc/arm-linux-androideabi/4.8/libgcc.a(pr-support.o)
 .note.GNU-stack
                0x00000000        0x0 /home/ubuntu/android-ndk-r9c/toolchains/arm-linux-androideabi-4.8/prebuilt/linux-x86/bin/../lib/gcc/arm-linux-androideabi/4.8/libgcc.a(pr-support.o)
 .data          0x00000000        0x0 /home/ubuntu/android-ndk-r9c/toolchains/arm-linux-androideabi-4.8/prebuilt/linux-x86/bin/../lib/gcc/arm-linux-androideabi/4.8/libgcc.a(_divdi3.o)
 .bss           0x00000000        0x0 /home/ubuntu/android-ndk-r9c/toolchains/arm-linux-androideabi-4.8/prebuilt/linux-x86/bin/../lib/gcc/arm-linux-androideabi/4.8/libgcc.a(_divdi3.o)
 .ARM.extab     0x00000000        0x0 /home/ubuntu/android-ndk-r9c/toolchains/arm-linux-androideabi-4.8/prebuilt/linux-x86/bin/../lib/gcc/arm-linux-androideabi/4.8/libgcc.a(_divdi3.o)
 .note.GNU-stack
                0x00000000        0x0 /home/ubuntu/android-ndk-r9c/toolchains/arm-linux-androideabi-4.8/prebuilt/linux-x86/bin/../lib/gcc/arm-linux-androideabi/4.8/libgcc.a(_divdi3.o)
 .data          0x00000000        0x0 /home/ubuntu/android-ndk-r9c/toolchains/arm-linux-androideabi-4.8/prebuilt/linux-x86/bin/../lib/gcc/arm-linux-androideabi/4.8/libgcc.a(_udivdi3.o)
 .bss           0x00000000        0x0 /home/ubuntu/android-ndk-r9c/toolchains/arm-linux-androideabi-4.8/prebuilt/linux-x86/bin/../lib/gcc/arm-linux-androideabi/4.8/libgcc.a(_udivdi3.o)
 .ARM.extab     0x00000000        0x0 /home/ubuntu/android-ndk-r9c/toolchains/arm-linux-androideabi-4.8/prebuilt/linux-x86/bin/../lib/gcc/arm-linux-androideabi/4.8/libgcc.a(_udivdi3.o)
 .note.GNU-stack
                0x00000000        0x0 /home/ubuntu/android-ndk-r9c/toolchains/arm-linux-androideabi-4.8/prebuilt/linux-x86/bin/../lib/gcc/arm-linux-androideabi/4.8/libgcc.a(_udivdi3.o)
 .text          0x00000000        0x0 /home/ubuntu/android-ndk-r9c/platforms/android-19/arch-arm/usr/lib/crtend_so.o
 .data          0x00000000        0x0 /home/ubuntu/android-ndk-r9c/platforms/android-19/arch-arm/usr/lib/crtend_so.o
 .bss           0x00000000        0x0 /home/ubuntu/android-ndk-r9c/platforms/android-19/arch-arm/usr/lib/crtend_so.o
 .note.GNU-stack
                0x00000000        0x0 /home/ubuntu/android-ndk-r9c/platforms/android-19/arch-arm/usr/lib/crtend_so.o

Memory map

 ** file header
                0x00000000       0x34
 ** segment headers
                0x00000034      0x100

.interp         0x00000134       0x13
 ** fill        0x00000134       0x13

.dynsym         0x00000148      0x6a0
 ** dynsym      0x00000148      0x6a0

.dynstr         0x000007e8      0x73c
 ** string table
                0x000007e8      0x73c

.hash           0x00000f24      0x334
 ** hash        0x00000f24      0x334

.rel.dyn        0x00001258       0x60
 ** dynamic relocs
                0x00001258       0x60

.rel.plt        0x000012b8       0x30
 ** dynamic relocs
                0x000012b8       0x30

.plt            0x000012e8       0x5c
 ** PLT         0x000012e8       0x5c

.text           0x00001344     0x9d68
 .text.exit     0x00001344       0x10 /home/ubuntu/android-ndk-r9c/platforms/android-19/arch-arm/usr/lib/crtbegin_so.o
                0x00001344                __on_dlclose
 .text          0x00001354      0x6d0 /home/ubuntu/Desktop/RockboxRCC/bu480/lib/rbcodec/codecs/ape.o
                0x00001354                codec_run
                0x000019e4                codec_main
 .text          0x00001a24       0x14 /home/ubuntu/Desktop/RockboxRCC/bu480/lib/rbcodec/codecs/codec_crt0.o
                0x00001a24                _start
                0x00001a2c                codec_start
 .text          0x00001a38      0x470 /home/ubuntu/Desktop/RockboxRCC/bu480/lib/rbcodec/codecs/libdemac.a(decoder.o)
                0x00001a38                init_frame_decoder
                0x00001b0c                decode_chunk
 .text          0x00001ea8      0x498 /home/ubuntu/Desktop/RockboxRCC/bu480/lib/rbcodec/codecs/libdemac.a(parser.o)
                0x00001ea8                ape_parseheaderbuf
 .text          0x00002340     0x10c8 /home/ubuntu/Desktop/RockboxRCC/bu480/lib/rbcodec/codecs/libdemac.a(filter_1280_15.o)
                0x00002340                init_filter_1280_15
                0x000023bc                apply_filter_1280_15
 .text          0x00003408      0xe44 /home/ubuntu/Desktop/RockboxRCC/bu480/lib/rbcodec/codecs/libdemac.a(filter_16_11.o)
                0x00003408                init_filter_16_11
                0x00003484                apply_filter_16_11
 .text          0x0000424c     0x10c8 /home/ubuntu/Desktop/RockboxRCC/bu480/lib/rbcodec/codecs/libdemac.a(filter_256_13.o)
                0x0000424c                init_filter_256_13
                0x000042c8                apply_filter_256_13
 .text          0x00005314     0x1088 /home/ubuntu/Desktop/RockboxRCC/bu480/lib/rbcodec/codecs/libdemac.a(filter_32_10.o)
                0x00005314                init_filter_32_10
                0x00005390                apply_filter_32_10
 .text          0x0000639c     0x10c0 /home/ubuntu/Desktop/RockboxRCC/bu480/lib/rbcodec/codecs/libdemac.a(filter_64_11.o)
                0x0000639c                init_filter_64_11
                0x00006418                apply_filter_64_11
 .text          0x0000745c       0x94 /home/ubuntu/Desktop/RockboxRCC/bu480/lib/rbcodec/codecs/libdemac.a(predictor.o)
                0x0000745c                init_predictor_decoder
 .text          0x000074f0      0x480 /home/ubuntu/Desktop/RockboxRCC/bu480/lib/rbcodec/codecs/libdemac.a(predictor-arm.o)
                0x000074f0                predictor_decode_stereo
                0x00007844                predictor_decode_mono
 .text          0x00007970     0x1468 /home/ubuntu/Desktop/RockboxRCC/bu480/lib/rbcodec/codecs/libdemac.a(entropy.o)
                0x00007ae8                init_entropy_decoder
                0x00007c8c                entropy_decode
 .text.codec_init
                0x00008dd8       0x4c /home/ubuntu/Desktop/RockboxRCC/bu480/lib/rbcodec/codecs/libcodec.a(codeclib.o)
                0x00008dd8                codec_init
 .text.codec_set_replaygain
                0x00008e24       0x5c /home/ubuntu/Desktop/RockboxRCC/bu480/lib/rbcodec/codecs/libcodec.a(codeclib.o)
                0x00008e24                codec_set_replaygain
 .text.codec_malloc
                0x00008e80       0x50 /home/ubuntu/Desktop/RockboxRCC/bu480/lib/rbcodec/codecs/libcodec.a(codeclib.o)
                0x00008e80                codec_malloc
 .text.codec_calloc
                0x00008ed0       0x50 /home/ubuntu/Desktop/RockboxRCC/bu480/lib/rbcodec/codecs/libcodec.a(codeclib.o)
                0x00008ed0                codec_calloc
 .text.codec_free
                0x00008f20        0x4 /home/ubuntu/Desktop/RockboxRCC/bu480/lib/rbcodec/codecs/libcodec.a(codeclib.o)
                0x00008f20                codec_free
 .text.codec_realloc
                0x00008f24       0x54 /home/ubuntu/Desktop/RockboxRCC/bu480/lib/rbcodec/codecs/libcodec.a(codeclib.o)
                0x00008f24                codec_realloc
 .text.strlen   0x00008f78       0x2c /home/ubuntu/Desktop/RockboxRCC/bu480/lib/rbcodec/codecs/libcodec.a(codeclib.o)
                0x00008f78                strlen
 .text.strcpy   0x00008fa4       0x2c /home/ubuntu/Desktop/RockboxRCC/bu480/lib/rbcodec/codecs/libcodec.a(codeclib.o)
                0x00008fa4                strcpy
 .text.strcat   0x00008fd0       0x2c /home/ubuntu/Desktop/RockboxRCC/bu480/lib/rbcodec/codecs/libcodec.a(codeclib.o)
                0x00008fd0                strcat
 .text.strcmp   0x00008ffc       0x2c /home/ubuntu/Desktop/RockboxRCC/bu480/lib/rbcodec/codecs/libcodec.a(codeclib.o)
                0x00008ffc                strcmp
 .text.memcpy   0x00009028       0x2c /home/ubuntu/Desktop/RockboxRCC/bu480/lib/rbcodec/codecs/libcodec.a(codeclib.o)
                0x00009028                memcpy
 .text.memset   0x00009054       0x2c /home/ubuntu/Desktop/RockboxRCC/bu480/lib/rbcodec/codecs/libcodec.a(codeclib.o)
                0x00009054                memset
 .text.memcmp   0x00009080       0x2c /home/ubuntu/Desktop/RockboxRCC/bu480/lib/rbcodec/codecs/libcodec.a(codeclib.o)
                0x00009080                memcmp
 .text.memchr   0x000090ac       0x2c /home/ubuntu/Desktop/RockboxRCC/bu480/lib/rbcodec/codecs/libcodec.a(codeclib.o)
                0x000090ac                memchr
 .text.memmove  0x000090d8       0x2c /home/ubuntu/Desktop/RockboxRCC/bu480/lib/rbcodec/codecs/libcodec.a(codeclib.o)
                0x000090d8                memmove
 .text.qsort    0x00009104       0x2c /home/ubuntu/Desktop/RockboxRCC/bu480/lib/rbcodec/codecs/libcodec.a(codeclib.o)
                0x00009104                qsort
 .text          0x00009130       0xc8 /home/ubuntu/android-ndk-r9c/toolchains/arm-linux-androideabi-4.8/prebuilt/linux-x86/bin/../lib/gcc/arm-linux-androideabi/4.8/libgcc.a(_udivsi3.o)
                0x00009130                __udivsi3
                0x00009130                __aeabi_uidiv
                0x000091d8                __aeabi_uidivmod
 .text          0x000091f8       0x44 /home/ubuntu/android-ndk-r9c/toolchains/arm-linux-androideabi-4.8/prebuilt/linux-x86/bin/../lib/gcc/arm-linux-androideabi/4.8/libgcc.a(_aeabi_ldivmod.o)
                0x000091f8                __aeabi_ldivmod
 .text          0x0000923c       0x10 /home/ubuntu/android-ndk-r9c/toolchains/arm-linux-androideabi-4.8/prebuilt/linux-x86/bin/../lib/gcc/arm-linux-androideabi/4.8/libgcc.a(_dvmd_lnx.o)
                0x0000923c                __aeabi_idiv0
                0x0000923c                __aeabi_ldiv0
 .text          0x0000924c       0x78 /home/ubuntu/android-ndk-r9c/toolchains/arm-linux-androideabi-4.8/prebuilt/linux-x86/bin/../lib/gcc/arm-linux-androideabi/4.8/libgcc.a(bpabi.o)
                0x0000924c                __gnu_ldivmod_helper
                0x00009288                __gnu_uldivmod_helper
 .text          0x000092c4      0xf20 /home/ubuntu/android-ndk-r9c/toolchains/arm-linux-androideabi-4.8/prebuilt/linux-x86/bin/../lib/gcc/arm-linux-androideabi/4.8/libgcc.a(unwind-arm.o)
                0x00009e74                __aeabi_unwind_cpp_pr0
                0x00009e7c                __aeabi_unwind_cpp_pr1
                0x00009e84                __aeabi_unwind_cpp_pr2
                0x00009708                _Unwind_GetCFA
                0x00009710                __gnu_Unwind_RaiseException
                0x000097b4                __gnu_Unwind_ForcedUnwind
                0x000097d0                __gnu_Unwind_Resume
                0x00009844                __gnu_Unwind_Resume_or_Rethrow
                0x00009864                _Unwind_Complete
                0x00009868                _Unwind_DeleteException
                0x00009888                _Unwind_VRS_Get
                0x0000990c                _Unwind_VRS_Set
                0x00009994                __gnu_Unwind_Backtrace
                0x00009e8c                _Unwind_VRS_Pop
 .text          0x0000a1e4      0x1a8 /home/ubuntu/android-ndk-r9c/toolchains/arm-linux-androideabi-4.8/prebuilt/linux-x86/bin/../lib/gcc/arm-linux-androideabi/4.8/libgcc.a(libunwind.o)
                0x0000a1e4                __restore_core_regs
                0x0000a1e4                restore_core_regs
                0x0000a1f8                __gnu_Unwind_Restore_VFP
                0x0000a200                __gnu_Unwind_Save_VFP
                0x0000a208                __gnu_Unwind_Restore_VFP_D
                0x0000a210                __gnu_Unwind_Save_VFP_D
                0x0000a218                __gnu_Unwind_Restore_VFP_D_16_to_31
                0x0000a220                __gnu_Unwind_Save_VFP_D_16_to_31
                0x0000a228                __gnu_Unwind_Restore_WMMXD
                0x0000a26c                __gnu_Unwind_Save_WMMXD
                0x0000a2b0                __gnu_Unwind_Restore_WMMXC
                0x0000a2c4                __gnu_Unwind_Save_WMMXC
                0x0000a2d8                ___Unwind_RaiseException
                0x0000a2d8                _Unwind_RaiseException
                0x0000a2fc                ___Unwind_Resume
                0x0000a2fc                _Unwind_Resume
                0x0000a320                ___Unwind_Resume_or_Rethrow
                0x0000a320                _Unwind_Resume_or_Rethrow
                0x0000a344                ___Unwind_ForcedUnwind
                0x0000a344                _Unwind_ForcedUnwind
                0x0000a368                ___Unwind_Backtrace
                0x0000a368                _Unwind_Backtrace
 .text          0x0000a38c      0x484 /home/ubuntu/android-ndk-r9c/toolchains/arm-linux-androideabi-4.8/prebuilt/linux-x86/bin/../lib/gcc/arm-linux-androideabi/4.8/libgcc.a(pr-support.o)
                0x0000a418                __gnu_unwind_execute
                0x0000a794                __gnu_unwind_frame
                0x0000a7d4                _Unwind_GetRegionStart
                0x0000a7e4                _Unwind_GetLanguageSpecificData
                0x0000a800                _Unwind_GetDataRelBase
                0x0000a808                _Unwind_GetTextRelBase
 .text          0x0000a810      0x498 /home/ubuntu/android-ndk-r9c/toolchains/arm-linux-androideabi-4.8/prebuilt/linux-x86/bin/../lib/gcc/arm-linux-androideabi/4.8/libgcc.a(_divdi3.o)
                0x0000a810                __divdi3
 .text          0xffffffffffffffff      0x404 /home/ubuntu/android-ndk-r9c/toolchains/arm-linux-androideabi-4.8/prebuilt/linux-x86/bin/../lib/gcc/arm-linux-androideabi/4.8/libgcc.a(_udivdi3.o)
                0x0000aca8                __udivdi3

.rodata         0x0000b0b0      0x620
 ** merge strings
                0x0000b0b0        0x6
 .rodata        0x0000b0b8       0x10 /home/ubuntu/Desktop/RockboxRCC/bu480/lib/rbcodec/codecs/libdemac.a(predictor.o)
 .rodata        0x0000b0c8      0x408 /home/ubuntu/Desktop/RockboxRCC/bu480/lib/rbcodec/codecs/libdemac.a(entropy.o)
 .rodata        0x0000b4d0      0x200 /home/ubuntu/Desktop/RockboxRCC/bu480/lib/rbcodec/codecs/libcodec.a(codeclib.o)
                0x0000b4d0                bs_clz_tab
                0x0000b5d0                bs_log2_tab

.ARM.extab      0x0000b6d0       0x48
 .ARM.extab     0x0000b6d0        0xc /home/ubuntu/android-ndk-r9c/toolchains/arm-linux-androideabi-4.8/prebuilt/linux-x86/bin/../lib/gcc/arm-linux-androideabi/4.8/libgcc.a(_dvmd_lnx.o)
 .ARM.extab     0x0000b6dc        0xc /home/ubuntu/android-ndk-r9c/toolchains/arm-linux-androideabi-4.8/prebuilt/linux-x86/bin/../lib/gcc/arm-linux-androideabi/4.8/libgcc.a(unwind-arm.o)
 .ARM.extab     0x0000b6e8       0x30 /home/ubuntu/android-ndk-r9c/toolchains/arm-linux-androideabi-4.8/prebuilt/linux-x86/bin/../lib/gcc/arm-linux-androideabi/4.8/libgcc.a(pr-support.o)

.ARM.exidx      0x0000b718      0x128
 .ARM.exidx     0x0000b718        0x8 /home/ubuntu/android-ndk-r9c/toolchains/arm-linux-androideabi-4.8/prebuilt/linux-x86/bin/../lib/gcc/arm-linux-androideabi/4.8/libgcc.a(_dvmd_lnx.o)
 .ARM.exidx     0xffffffffffffffff       0x10 /home/ubuntu/android-ndk-r9c/toolchains/arm-linux-androideabi-4.8/prebuilt/linux-x86/bin/../lib/gcc/arm-linux-androideabi/4.8/libgcc.a(bpabi.o)
 .ARM.exidx     0xffffffffffffffff       0xd8 /home/ubuntu/android-ndk-r9c/toolchains/arm-linux-androideabi-4.8/prebuilt/linux-x86/bin/../lib/gcc/arm-linux-androideabi/4.8/libgcc.a(unwind-arm.o)
 ** ARM cantunwind
                0x0000b7d8        0x8
 .ARM.exidx     0x0000b7e0       0x48 /home/ubuntu/android-ndk-r9c/toolchains/arm-linux-androideabi-4.8/prebuilt/linux-x86/bin/../lib/gcc/arm-linux-androideabi/4.8/libgcc.a(pr-support.o)
 .ARM.exidx     0x0000b828        0x8 /home/ubuntu/android-ndk-r9c/toolchains/arm-linux-androideabi-4.8/prebuilt/linux-x86/bin/../lib/gcc/arm-linux-androideabi/4.8/libgcc.a(_divdi3.o)
 .ARM.exidx     0x0000b830        0x8 /home/ubuntu/android-ndk-r9c/toolchains/arm-linux-androideabi-4.8/prebuilt/linux-x86/bin/../lib/gcc/arm-linux-androideabi/4.8/libgcc.a(_udivdi3.o)
 ** ARM cantunwind
                0x0000b838        0x8

.fini_array     0x0000ceb4        0x8
 .fini_array    0x0000ceb4        0x4 /home/ubuntu/android-ndk-r9c/platforms/android-19/arch-arm/usr/lib/crtbegin_so.o
 .fini_array    0x0000ceb8        0x4 /home/ubuntu/android-ndk-r9c/platforms/android-19/arch-arm/usr/lib/crtend_so.o

.data.rel.ro    0x0000cebc       0x1c
 .data.rel.ro   0x0000cebc       0x1c /home/ubuntu/Desktop/RockboxRCC/bu480/lib/rbcodec/codecs/ape.o
                0x0000cebc                __header

.init_array     0x0000ced8        0x4
 .init_array    0x0000ced8        0x4 /home/ubuntu/android-ndk-r9c/platforms/android-19/arch-arm/usr/lib/crtend_so.o

.dynamic        0x0000cedc       0xe0
 ** dynamic     0x0000cedc       0xe0

.got            0x0000cfbc       0x44
 ** GOT         0x0000cfbc       0x20
 ** GOT PLT     0x0000cfdc       0x24

.data           0x0000d000        0x8
 .data          0x0000d000        0x4 /home/ubuntu/android-ndk-r9c/platforms/android-19/arch-arm/usr/lib/crtbegin_so.o
                0x0000d000                __dso_handle
 .data          0x0000d004        0x4 /home/ubuntu/Desktop/RockboxRCC/bu480/lib/rbcodec/codecs/codec_crt0.o
                0x0000d004                ci

.bss            0x0000d020    0x2573c
 .bss           0x0000d020    0x1f4c0 /home/ubuntu/Desktop/RockboxRCC/bu480/lib/rbcodec/codecs/ape.o
 .bss           0x0002c4e0     0x6180 /home/ubuntu/Desktop/RockboxRCC/bu480/lib/rbcodec/codecs/libdemac.a(decoder.o)
 .bss           0x00032660       0x28 /home/ubuntu/Desktop/RockboxRCC/bu480/lib/rbcodec/codecs/libdemac.a(filter_1280_15.o)
 .bss           0x00032688       0x28 /home/ubuntu/Desktop/RockboxRCC/bu480/lib/rbcodec/codecs/libdemac.a(filter_16_11.o)
 .bss           0x000326b0       0x28 /home/ubuntu/Desktop/RockboxRCC/bu480/lib/rbcodec/codecs/libdemac.a(filter_256_13.o)
 .bss           0x000326d8       0x28 /home/ubuntu/Desktop/RockboxRCC/bu480/lib/rbcodec/codecs/libdemac.a(filter_32_10.o)
 .bss           0x00032700       0x28 /home/ubuntu/Desktop/RockboxRCC/bu480/lib/rbcodec/codecs/libdemac.a(filter_64_11.o)
 .bss           0x00032728       0x28 /home/ubuntu/Desktop/RockboxRCC/bu480/lib/rbcodec/codecs/libdemac.a(entropy.o)
 .bss           0x00032750        0xc /home/ubuntu/Desktop/RockboxRCC/bu480/lib/rbcodec/codecs/libcodec.a(codeclib.o)
