Archive member included because of file (symbol)

/home/ubuntu/Desktop/RockboxRCC/bu480/lib/rbcodec/codecs/libpcm.a(linear_pcm.o)
                              /home/ubuntu/Desktop/RockboxRCC/bu480/lib/rbcodec/codecs/smaf.o (get_linear_pcm_codec)
/home/ubuntu/Desktop/RockboxRCC/bu480/lib/rbcodec/codecs/libpcm.a(yamaha_adpcm.o)
                              /home/ubuntu/Desktop/RockboxRCC/bu480/lib/rbcodec/codecs/smaf.o (get_yamaha_adpcm_codec)
/home/ubuntu/Desktop/RockboxRCC/bu480/lib/rbcodec/codecs/libpcm.a(adpcm_seek.o)
                              /home/ubuntu/Desktop/RockboxRCC/bu480/lib/rbcodec/codecs/libpcm.a(yamaha_adpcm.o) (init_seek_table)
/home/ubuntu/Desktop/RockboxRCC/bu480/lib/rbcodec/codecs/libcodec.a(codeclib.o)
                              /home/ubuntu/Desktop/RockboxRCC/bu480/lib/rbcodec/codecs/smaf.o (codec_init)
/home/ubuntu/android-ndk-r9c/toolchains/arm-linux-androideabi-4.8/prebuilt/linux-x86/bin/../lib/gcc/arm-linux-androideabi/4.8/libgcc.a(_udivsi3.o)
                              /home/ubuntu/Desktop/RockboxRCC/bu480/lib/rbcodec/codecs/libpcm.a(linear_pcm.o) (__aeabi_uidiv)
/home/ubuntu/android-ndk-r9c/toolchains/arm-linux-androideabi-4.8/prebuilt/linux-x86/bin/../lib/gcc/arm-linux-androideabi/4.8/libgcc.a(_divsi3.o)
                              /home/ubuntu/Desktop/RockboxRCC/bu480/lib/rbcodec/codecs/smaf.o (__aeabi_idiv)
/home/ubuntu/android-ndk-r9c/toolchains/arm-linux-androideabi-4.8/prebuilt/linux-x86/bin/../lib/gcc/arm-linux-androideabi/4.8/libgcc.a(_aeabi_ldivmod.o)
                              /home/ubuntu/Desktop/RockboxRCC/bu480/lib/rbcodec/codecs/smaf.o (__aeabi_ldivmod)
/home/ubuntu/android-ndk-r9c/toolchains/arm-linux-androideabi-4.8/prebuilt/linux-x86/bin/../lib/gcc/arm-linux-androideabi/4.8/libgcc.a(_aeabi_uldivmod.o)
                              /home/ubuntu/Desktop/RockboxRCC/bu480/lib/rbcodec/codecs/libpcm.a(linear_pcm.o) (__aeabi_uldivmod)
/home/ubuntu/android-ndk-r9c/toolchains/arm-linux-androideabi-4.8/prebuilt/linux-x86/bin/../lib/gcc/arm-linux-androideabi/4.8/libgcc.a(_dvmd_lnx.o)
                              /home/ubuntu/android-ndk-r9c/toolchains/arm-linux-androideabi-4.8/prebuilt/linux-x86/bin/../lib/gcc/arm-linux-androideabi/4.8/libgcc.a(_udivsi3.o) (__aeabi_idiv0)
/home/ubuntu/android-ndk-r9c/toolchains/arm-linux-androideabi-4.8/prebuilt/linux-x86/bin/../lib/gcc/arm-linux-androideabi/4.8/libgcc.a(bpabi.o)
                              /home/ubuntu/android-ndk-r9c/toolchains/arm-linux-androideabi-4.8/prebuilt/linux-x86/bin/../lib/gcc/arm-linux-androideabi/4.8/libgcc.a(_aeabi_ldivmod.o) (__gnu_ldivmod_helper)
/home/ubuntu/android-ndk-r9c/toolchains/arm-linux-androideabi-4.8/prebuilt/linux-x86/bin/../lib/gcc/arm-linux-androideabi/4.8/libgcc.a(unwind-arm.o)
                              /home/ubuntu/android-ndk-r9c/toolchains/arm-linux-androideabi-4.8/prebuilt/linux-x86/bin/../lib/gcc/arm-linux-androideabi/4.8/libgcc.a(bpabi.o) (__aeabi_unwind_cpp_pr0)
/home/ubuntu/android-ndk-r9c/toolchains/arm-linux-androideabi-4.8/prebuilt/linux-x86/bin/../lib/gcc/arm-linux-androideabi/4.8/libgcc.a(libunwind.o)
                              /home/ubuntu/android-ndk-r9c/toolchains/arm-linux-androideabi-4.8/prebuilt/linux-x86/bin/../lib/gcc/arm-linux-androideabi/4.8/libgcc.a(unwind-arm.o) (restore_core_regs)
/home/ubuntu/android-ndk-r9c/toolchains/arm-linux-androideabi-4.8/prebuilt/linux-x86/bin/../lib/gcc/arm-linux-androideabi/4.8/libgcc.a(pr-support.o)
                              /home/ubuntu/android-ndk-r9c/toolchains/arm-linux-androideabi-4.8/prebuilt/linux-x86/bin/../lib/gcc/arm-linux-androideabi/4.8/libgcc.a(unwind-arm.o) (__gnu_unwind_execute)
/home/ubuntu/android-ndk-r9c/toolchains/arm-linux-androideabi-4.8/prebuilt/linux-x86/bin/../lib/gcc/arm-linux-androideabi/4.8/libgcc.a(_divdi3.o)
                              /home/ubuntu/android-ndk-r9c/toolchains/arm-linux-androideabi-4.8/prebuilt/linux-x86/bin/../lib/gcc/arm-linux-androideabi/4.8/libgcc.a(bpabi.o) (__divdi3)
/home/ubuntu/android-ndk-r9c/toolchains/arm-linux-androideabi-4.8/prebuilt/linux-x86/bin/../lib/gcc/arm-linux-androideabi/4.8/libgcc.a(_udivdi3.o)
                              /home/ubuntu/android-ndk-r9c/toolchains/arm-linux-androideabi-4.8/prebuilt/linux-x86/bin/../lib/gcc/arm-linux-androideabi/4.8/libgcc.a(bpabi.o) (__udivdi3)

Discarded input sections

 .text          0x00000000       0x14 /home/ubuntu/android-ndk-r9c/platforms/android-19/arch-arm/usr/lib/crtbegin_so.o
 .bss           0x00000000        0x0 /home/ubuntu/android-ndk-r9c/platforms/android-19/arch-arm/usr/lib/crtbegin_so.o
 .note.GNU-stack
                0x00000000        0x0 /home/ubuntu/android-ndk-r9c/platforms/android-19/arch-arm/usr/lib/crtbegin_so.o
 .data          0x00000000        0x0 /home/ubuntu/Desktop/RockboxRCC/bu480/lib/rbcodec/codecs/smaf.o
 .note.GNU-stack
                0x00000000        0x0 /home/ubuntu/Desktop/RockboxRCC/bu480/lib/rbcodec/codecs/smaf.o
 .bss           0x00000000        0x0 /home/ubuntu/Desktop/RockboxRCC/bu480/lib/rbcodec/codecs/codec_crt0.o
 .note.GNU-stack
                0x00000000        0x0 /home/ubuntu/Desktop/RockboxRCC/bu480/lib/rbcodec/codecs/codec_crt0.o
 .data          0x00000000        0x0 /home/ubuntu/Desktop/RockboxRCC/bu480/lib/rbcodec/codecs/libpcm.a(linear_pcm.o)
 .note.GNU-stack
                0x00000000        0x0 /home/ubuntu/Desktop/RockboxRCC/bu480/lib/rbcodec/codecs/libpcm.a(linear_pcm.o)
 .data          0x00000000        0x0 /home/ubuntu/Desktop/RockboxRCC/bu480/lib/rbcodec/codecs/libpcm.a(yamaha_adpcm.o)
 .note.GNU-stack
                0x00000000        0x0 /home/ubuntu/Desktop/RockboxRCC/bu480/lib/rbcodec/codecs/libpcm.a(yamaha_adpcm.o)
 .data          0x00000000        0x0 /home/ubuntu/Desktop/RockboxRCC/bu480/lib/rbcodec/codecs/libpcm.a(adpcm_seek.o)
 .note.GNU-stack
                0x00000000        0x0 /home/ubuntu/Desktop/RockboxRCC/bu480/lib/rbcodec/codecs/libpcm.a(adpcm_seek.o)
 .text          0x00000000        0x0 /home/ubuntu/Desktop/RockboxRCC/bu480/lib/rbcodec/codecs/libcodec.a(codeclib.o)
 .data          0x00000000        0x0 /home/ubuntu/Desktop/RockboxRCC/bu480/lib/rbcodec/codecs/libcodec.a(codeclib.o)
 .note.GNU-stack
                0x00000000        0x0 /home/ubuntu/Desktop/RockboxRCC/bu480/lib/rbcodec/codecs/libcodec.a(codeclib.o)
 .data          0x00000000        0x0 /home/ubuntu/android-ndk-r9c/toolchains/arm-linux-androideabi-4.8/prebuilt/linux-x86/bin/../lib/gcc/arm-linux-androideabi/4.8/libgcc.a(_udivsi3.o)
 .bss           0x00000000        0x0 /home/ubuntu/android-ndk-r9c/toolchains/arm-linux-androideabi-4.8/prebuilt/linux-x86/bin/../lib/gcc/arm-linux-androideabi/4.8/libgcc.a(_udivsi3.o)
 .note.GNU-stack
                0x00000000        0x0 /home/ubuntu/android-ndk-r9c/toolchains/arm-linux-androideabi-4.8/prebuilt/linux-x86/bin/../lib/gcc/arm-linux-androideabi/4.8/libgcc.a(_udivsi3.o)
 .data          0x00000000        0x0 /home/ubuntu/android-ndk-r9c/toolchains/arm-linux-androideabi-4.8/prebuilt/linux-x86/bin/../lib/gcc/arm-linux-androideabi/4.8/libgcc.a(_divsi3.o)
 .bss           0x00000000        0x0 /home/ubuntu/android-ndk-r9c/toolchains/arm-linux-androideabi-4.8/prebuilt/linux-x86/bin/../lib/gcc/arm-linux-androideabi/4.8/libgcc.a(_divsi3.o)
 .note.GNU-stack
                0x00000000        0x0 /home/ubuntu/android-ndk-r9c/toolchains/arm-linux-androideabi-4.8/prebuilt/linux-x86/bin/../lib/gcc/arm-linux-androideabi/4.8/libgcc.a(_divsi3.o)
 .data          0x00000000        0x0 /home/ubuntu/android-ndk-r9c/toolchains/arm-linux-androideabi-4.8/prebuilt/linux-x86/bin/../lib/gcc/arm-linux-androideabi/4.8/libgcc.a(_aeabi_ldivmod.o)
 .bss           0x00000000        0x0 /home/ubuntu/android-ndk-r9c/toolchains/arm-linux-androideabi-4.8/prebuilt/linux-x86/bin/../lib/gcc/arm-linux-androideabi/4.8/libgcc.a(_aeabi_ldivmod.o)
 .note.GNU-stack
                0x00000000        0x0 /home/ubuntu/android-ndk-r9c/toolchains/arm-linux-androideabi-4.8/prebuilt/linux-x86/bin/../lib/gcc/arm-linux-androideabi/4.8/libgcc.a(_aeabi_ldivmod.o)
 .data          0x00000000        0x0 /home/ubuntu/android-ndk-r9c/toolchains/arm-linux-androideabi-4.8/prebuilt/linux-x86/bin/../lib/gcc/arm-linux-androideabi/4.8/libgcc.a(_aeabi_uldivmod.o)
 .bss           0x00000000        0x0 /home/ubuntu/android-ndk-r9c/toolchains/arm-linux-androideabi-4.8/prebuilt/linux-x86/bin/../lib/gcc/arm-linux-androideabi/4.8/libgcc.a(_aeabi_uldivmod.o)
 .note.GNU-stack
                0x00000000        0x0 /home/ubuntu/android-ndk-r9c/toolchains/arm-linux-androideabi-4.8/prebuilt/linux-x86/bin/../lib/gcc/arm-linux-androideabi/4.8/libgcc.a(_aeabi_uldivmod.o)
 .data          0x00000000        0x0 /home/ubuntu/android-ndk-r9c/toolchains/arm-linux-androideabi-4.8/prebuilt/linux-x86/bin/../lib/gcc/arm-linux-androideabi/4.8/libgcc.a(_dvmd_lnx.o)
 .bss           0x00000000        0x0 /home/ubuntu/android-ndk-r9c/toolchains/arm-linux-androideabi-4.8/prebuilt/linux-x86/bin/../lib/gcc/arm-linux-androideabi/4.8/libgcc.a(_dvmd_lnx.o)
 .note.GNU-stack
                0x00000000        0x0 /home/ubuntu/android-ndk-r9c/toolchains/arm-linux-androideabi-4.8/prebuilt/linux-x86/bin/../lib/gcc/arm-linux-androideabi/4.8/libgcc.a(_dvmd_lnx.o)
 .data          0x00000000        0x0 /home/ubuntu/android-ndk-r9c/toolchains/arm-linux-androideabi-4.8/prebuilt/linux-x86/bin/../lib/gcc/arm-linux-androideabi/4.8/libgcc.a(bpabi.o)
 .bss           0x00000000        0x0 /home/ubuntu/android-ndk-r9c/toolchains/arm-linux-androideabi-4.8/prebuilt/linux-x86/bin/../lib/gcc/arm-linux-androideabi/4.8/libgcc.a(bpabi.o)
 .ARM.extab     0x00000000        0x0 /home/ubuntu/android-ndk-r9c/toolchains/arm-linux-androideabi-4.8/prebuilt/linux-x86/bin/../lib/gcc/arm-linux-androideabi/4.8/libgcc.a(bpabi.o)
 .note.GNU-stack
                0x00000000        0x0 /home/ubuntu/android-ndk-r9c/toolchains/arm-linux-androideabi-4.8/prebuilt/linux-x86/bin/../lib/gcc/arm-linux-androideabi/4.8/libgcc.a(bpabi.o)
 .data          0x00000000        0x0 /home/ubuntu/android-ndk-r9c/toolchains/arm-linux-androideabi-4.8/prebuilt/linux-x86/bin/../lib/gcc/arm-linux-androideabi/4.8/libgcc.a(unwind-arm.o)
 .bss           0x00000000        0x0 /home/ubuntu/android-ndk-r9c/toolchains/arm-linux-androideabi-4.8/prebuilt/linux-x86/bin/../lib/gcc/arm-linux-androideabi/4.8/libgcc.a(unwind-arm.o)
 .note.GNU-stack
                0x00000000        0x0 /home/ubuntu/android-ndk-r9c/toolchains/arm-linux-androideabi-4.8/prebuilt/linux-x86/bin/../lib/gcc/arm-linux-androideabi/4.8/libgcc.a(unwind-arm.o)
 .data          0x00000000        0x0 /home/ubuntu/android-ndk-r9c/toolchains/arm-linux-androideabi-4.8/prebuilt/linux-x86/bin/../lib/gcc/arm-linux-androideabi/4.8/libgcc.a(libunwind.o)
 .bss           0x00000000        0x0 /home/ubuntu/android-ndk-r9c/toolchains/arm-linux-androideabi-4.8/prebuilt/linux-x86/bin/../lib/gcc/arm-linux-androideabi/4.8/libgcc.a(libunwind.o)
 .note.GNU-stack
                0x00000000        0x0 /home/ubuntu/android-ndk-r9c/toolchains/arm-linux-androideabi-4.8/prebuilt/linux-x86/bin/../lib/gcc/arm-linux-androideabi/4.8/libgcc.a(libunwind.o)
 .data          0x00000000        0x0 /home/ubuntu/android-ndk-r9c/toolchains/arm-linux-androideabi-4.8/prebuilt/linux-x86/bin/../lib/gcc/arm-linux-androideabi/4.8/libgcc.a(pr-support.o)
 .bss           0x00000000        0x0 /home/ubuntu/android-ndk-r9c/toolchains/arm-linux-androideabi-4.8/prebuilt/linux-x86/bin/../lib/gcc/arm-linux-androideabi/4.8/libgcc.a(pr-support.o)
 .note.GNU-stack
                0x00000000        0x0 /home/ubuntu/android-ndk-r9c/toolchains/arm-linux-androideabi-4.8/prebuilt/linux-x86/bin/../lib/gcc/arm-linux-androideabi/4.8/libgcc.a(pr-support.o)
 .data          0x00000000        0x0 /home/ubuntu/android-ndk-r9c/toolchains/arm-linux-androideabi-4.8/prebuilt/linux-x86/bin/../lib/gcc/arm-linux-androideabi/4.8/libgcc.a(_divdi3.o)
 .bss           0x00000000        0x0 /home/ubuntu/android-ndk-r9c/toolchains/arm-linux-androideabi-4.8/prebuilt/linux-x86/bin/../lib/gcc/arm-linux-androideabi/4.8/libgcc.a(_divdi3.o)
 .ARM.extab     0x00000000        0x0 /home/ubuntu/android-ndk-r9c/toolchains/arm-linux-androideabi-4.8/prebuilt/linux-x86/bin/../lib/gcc/arm-linux-androideabi/4.8/libgcc.a(_divdi3.o)
 .note.GNU-stack
                0x00000000        0x0 /home/ubuntu/android-ndk-r9c/toolchains/arm-linux-androideabi-4.8/prebuilt/linux-x86/bin/../lib/gcc/arm-linux-androideabi/4.8/libgcc.a(_divdi3.o)
 .data          0x00000000        0x0 /home/ubuntu/android-ndk-r9c/toolchains/arm-linux-androideabi-4.8/prebuilt/linux-x86/bin/../lib/gcc/arm-linux-androideabi/4.8/libgcc.a(_udivdi3.o)
 .bss           0x00000000        0x0 /home/ubuntu/android-ndk-r9c/toolchains/arm-linux-androideabi-4.8/prebuilt/linux-x86/bin/../lib/gcc/arm-linux-androideabi/4.8/libgcc.a(_udivdi3.o)
 .ARM.extab     0x00000000        0x0 /home/ubuntu/android-ndk-r9c/toolchains/arm-linux-androideabi-4.8/prebuilt/linux-x86/bin/../lib/gcc/arm-linux-androideabi/4.8/libgcc.a(_udivdi3.o)
 .note.GNU-stack
                0x00000000        0x0 /home/ubuntu/android-ndk-r9c/toolchains/arm-linux-androideabi-4.8/prebuilt/linux-x86/bin/../lib/gcc/arm-linux-androideabi/4.8/libgcc.a(_udivdi3.o)
 .text          0x00000000        0x0 /home/ubuntu/android-ndk-r9c/platforms/android-19/arch-arm/usr/lib/crtend_so.o
 .data          0x00000000        0x0 /home/ubuntu/android-ndk-r9c/platforms/android-19/arch-arm/usr/lib/crtend_so.o
 .bss           0x00000000        0x0 /home/ubuntu/android-ndk-r9c/platforms/android-19/arch-arm/usr/lib/crtend_so.o
 .note.GNU-stack
                0x00000000        0x0 /home/ubuntu/android-ndk-r9c/platforms/android-19/arch-arm/usr/lib/crtend_so.o

Memory map

 ** file header
                0x00000000       0x34
 ** segment headers
                0x00000034      0x100

.interp         0x00000134       0x13
 ** fill        0x00000134       0x13

.dynsym         0x00000148      0x610
 ** dynsym      0x00000148      0x610

.dynstr         0x00000758      0x668
 ** string table
                0x00000758      0x668

.hash           0x00000dc0      0x298
 ** hash        0x00000dc0      0x298

.rel.dyn        0x00001058       0xa8
 ** dynamic relocs
                0x00001058       0xa8

.rel.plt        0x00001100       0x30
 ** dynamic relocs
                0x00001100       0x30

.plt            0x00001130       0x5c
 ** PLT         0x00001130       0x5c

.text           0x0000118c     0x3d44
 .text.exit     0x0000118c       0x10 /home/ubuntu/android-ndk-r9c/platforms/android-19/arch-arm/usr/lib/crtbegin_so.o
                0x0000118c                __on_dlclose
 .text          0x0000119c      0xbbc /home/ubuntu/Desktop/RockboxRCC/bu480/lib/rbcodec/codecs/smaf.o
                0x0000132c                codec_run
                0x00001d18                codec_main
 .text          0x00001d58       0x14 /home/ubuntu/Desktop/RockboxRCC/bu480/lib/rbcodec/codecs/codec_crt0.o
                0x00001d58                _start
                0x00001d60                codec_start
 .text          0x00001d6c      0x658 /home/ubuntu/Desktop/RockboxRCC/bu480/lib/rbcodec/codecs/libpcm.a(linear_pcm.o)
                0x000023b4                get_linear_pcm_codec
 .text          0x000023c4      0x4d0 /home/ubuntu/Desktop/RockboxRCC/bu480/lib/rbcodec/codecs/libpcm.a(yamaha_adpcm.o)
                0x00002860                get_yamaha_adpcm_codec
 .text          0x00002894      0x230 /home/ubuntu/Desktop/RockboxRCC/bu480/lib/rbcodec/codecs/libpcm.a(adpcm_seek.o)
                0x00002894                init_seek_table
                0x00002908                add_adpcm_data
                0x000029dc                seek
 .text.codec_init
                0x00002ac4       0x4c /home/ubuntu/Desktop/RockboxRCC/bu480/lib/rbcodec/codecs/libcodec.a(codeclib.o)
                0x00002ac4                codec_init
 .text.codec_set_replaygain
                0x00002b10       0x5c /home/ubuntu/Desktop/RockboxRCC/bu480/lib/rbcodec/codecs/libcodec.a(codeclib.o)
                0x00002b10                codec_set_replaygain
 .text.codec_malloc
                0x00002b6c       0x50 /home/ubuntu/Desktop/RockboxRCC/bu480/lib/rbcodec/codecs/libcodec.a(codeclib.o)
                0x00002b6c                codec_malloc
 .text.codec_calloc
                0x00002bbc       0x50 /home/ubuntu/Desktop/RockboxRCC/bu480/lib/rbcodec/codecs/libcodec.a(codeclib.o)
                0x00002bbc                codec_calloc
 .text.codec_free
                0x00002c0c        0x4 /home/ubuntu/Desktop/RockboxRCC/bu480/lib/rbcodec/codecs/libcodec.a(codeclib.o)
                0x00002c0c                codec_free
 .text.codec_realloc
                0x00002c10       0x54 /home/ubuntu/Desktop/RockboxRCC/bu480/lib/rbcodec/codecs/libcodec.a(codeclib.o)
                0x00002c10                codec_realloc
 .text.strlen   0x00002c64       0x2c /home/ubuntu/Desktop/RockboxRCC/bu480/lib/rbcodec/codecs/libcodec.a(codeclib.o)
                0x00002c64                strlen
 .text.strcpy   0x00002c90       0x2c /home/ubuntu/Desktop/RockboxRCC/bu480/lib/rbcodec/codecs/libcodec.a(codeclib.o)
                0x00002c90                strcpy
 .text.strcat   0x00002cbc       0x2c /home/ubuntu/Desktop/RockboxRCC/bu480/lib/rbcodec/codecs/libcodec.a(codeclib.o)
                0x00002cbc                strcat
 .text.strcmp   0x00002ce8       0x2c /home/ubuntu/Desktop/RockboxRCC/bu480/lib/rbcodec/codecs/libcodec.a(codeclib.o)
                0x00002ce8                strcmp
 .text.memcpy   0x00002d14       0x2c /home/ubuntu/Desktop/RockboxRCC/bu480/lib/rbcodec/codecs/libcodec.a(codeclib.o)
                0x00002d14                memcpy
 .text.memset   0x00002d40       0x2c /home/ubuntu/Desktop/RockboxRCC/bu480/lib/rbcodec/codecs/libcodec.a(codeclib.o)
                0x00002d40                memset
 .text.memcmp   0x00002d6c       0x2c /home/ubuntu/Desktop/RockboxRCC/bu480/lib/rbcodec/codecs/libcodec.a(codeclib.o)
                0x00002d6c                memcmp
 .text.memchr   0x00002d98       0x2c /home/ubuntu/Desktop/RockboxRCC/bu480/lib/rbcodec/codecs/libcodec.a(codeclib.o)
                0x00002d98                memchr
 .text.memmove  0x00002dc4       0x2c /home/ubuntu/Desktop/RockboxRCC/bu480/lib/rbcodec/codecs/libcodec.a(codeclib.o)
                0x00002dc4                memmove
 .text.qsort    0x00002df0       0x2c /home/ubuntu/Desktop/RockboxRCC/bu480/lib/rbcodec/codecs/libcodec.a(codeclib.o)
                0x00002df0                qsort
 .text          0x00002e1c       0xc8 /home/ubuntu/android-ndk-r9c/toolchains/arm-linux-androideabi-4.8/prebuilt/linux-x86/bin/../lib/gcc/arm-linux-androideabi/4.8/libgcc.a(_udivsi3.o)
                0x00002e1c                __udivsi3
                0x00002e1c                __aeabi_uidiv
                0x00002ec4                __aeabi_uidivmod
 .text          0x00002ee4       0xfc /home/ubuntu/android-ndk-r9c/toolchains/arm-linux-androideabi-4.8/prebuilt/linux-x86/bin/../lib/gcc/arm-linux-androideabi/4.8/libgcc.a(_divsi3.o)
                0x00002ee4                __divsi3
                0x00002ee4                __aeabi_idiv
                0x00002fc0                __aeabi_idivmod
 .text          0x00002fe0       0x44 /home/ubuntu/android-ndk-r9c/toolchains/arm-linux-androideabi-4.8/prebuilt/linux-x86/bin/../lib/gcc/arm-linux-androideabi/4.8/libgcc.a(_aeabi_ldivmod.o)
                0x00002fe0                __aeabi_ldivmod
 .text          0x00003024       0x3c /home/ubuntu/android-ndk-r9c/toolchains/arm-linux-androideabi-4.8/prebuilt/linux-x86/bin/../lib/gcc/arm-linux-androideabi/4.8/libgcc.a(_aeabi_uldivmod.o)
                0x00003024                __aeabi_uldivmod
 .text          0x00003060       0x10 /home/ubuntu/android-ndk-r9c/toolchains/arm-linux-androideabi-4.8/prebuilt/linux-x86/bin/../lib/gcc/arm-linux-androideabi/4.8/libgcc.a(_dvmd_lnx.o)
                0x00003060                __aeabi_idiv0
                0x00003060                __aeabi_ldiv0
 .text          0x00003070       0x78 /home/ubuntu/android-ndk-r9c/toolchains/arm-linux-androideabi-4.8/prebuilt/linux-x86/bin/../lib/gcc/arm-linux-androideabi/4.8/libgcc.a(bpabi.o)
                0x00003070                __gnu_ldivmod_helper
                0x000030ac                __gnu_uldivmod_helper
 .text          0x000030e8      0xf20 /home/ubuntu/android-ndk-r9c/toolchains/arm-linux-androideabi-4.8/prebuilt/linux-x86/bin/../lib/gcc/arm-linux-androideabi/4.8/libgcc.a(unwind-arm.o)
                0x00003c98                __aeabi_unwind_cpp_pr0
                0x00003ca0                __aeabi_unwind_cpp_pr1
                0x00003ca8                __aeabi_unwind_cpp_pr2
                0x0000352c                _Unwind_GetCFA
                0x00003534                __gnu_Unwind_RaiseException
                0x000035d8                __gnu_Unwind_ForcedUnwind
                0x000035f4                __gnu_Unwind_Resume
                0x00003668                __gnu_Unwind_Resume_or_Rethrow
                0x00003688                _Unwind_Complete
                0x0000368c                _Unwind_DeleteException
                0x000036ac                _Unwind_VRS_Get
                0x00003730                _Unwind_VRS_Set
                0x000037b8                __gnu_Unwind_Backtrace
                0x00003cb0                _Unwind_VRS_Pop
 .text          0x00004008      0x1a8 /home/ubuntu/android-ndk-r9c/toolchains/arm-linux-androideabi-4.8/prebuilt/linux-x86/bin/../lib/gcc/arm-linux-androideabi/4.8/libgcc.a(libunwind.o)
                0x00004008                __restore_core_regs
                0x00004008                restore_core_regs
                0x0000401c                __gnu_Unwind_Restore_VFP
                0x00004024                __gnu_Unwind_Save_VFP
                0x0000402c                __gnu_Unwind_Restore_VFP_D
                0x00004034                __gnu_Unwind_Save_VFP_D
                0x0000403c                __gnu_Unwind_Restore_VFP_D_16_to_31
                0x00004044                __gnu_Unwind_Save_VFP_D_16_to_31
                0x0000404c                __gnu_Unwind_Restore_WMMXD
                0x00004090                __gnu_Unwind_Save_WMMXD
                0x000040d4                __gnu_Unwind_Restore_WMMXC
                0x000040e8                __gnu_Unwind_Save_WMMXC
                0x000040fc                ___Unwind_RaiseException
                0x000040fc                _Unwind_RaiseException
                0x00004120                ___Unwind_Resume
                0x00004120                _Unwind_Resume
                0x00004144                ___Unwind_Resume_or_Rethrow
                0x00004144                _Unwind_Resume_or_Rethrow
                0x00004168                ___Unwind_ForcedUnwind
                0x00004168                _Unwind_ForcedUnwind
                0x0000418c                ___Unwind_Backtrace
                0x0000418c                _Unwind_Backtrace
 .text          0x000041b0      0x484 /home/ubuntu/android-ndk-r9c/toolchains/arm-linux-androideabi-4.8/prebuilt/linux-x86/bin/../lib/gcc/arm-linux-androideabi/4.8/libgcc.a(pr-support.o)
                0x0000423c                __gnu_unwind_execute
                0x000045b8                __gnu_unwind_frame
                0x000045f8                _Unwind_GetRegionStart
                0x00004608                _Unwind_GetLanguageSpecificData
                0x00004624                _Unwind_GetDataRelBase
                0x0000462c                _Unwind_GetTextRelBase
 .text          0x00004634      0x498 /home/ubuntu/android-ndk-r9c/toolchains/arm-linux-androideabi-4.8/prebuilt/linux-x86/bin/../lib/gcc/arm-linux-androideabi/4.8/libgcc.a(_divdi3.o)
                0x00004634                __divdi3
 .text          0xffffffffffffffff      0x404 /home/ubuntu/android-ndk-r9c/toolchains/arm-linux-androideabi-4.8/prebuilt/linux-x86/bin/../lib/gcc/arm-linux-androideabi/4.8/libgcc.a(_udivdi3.o)
                0x00004acc                __udivdi3

.rodata         0x00004ed0      0x2a8
 .rodata        0x00004ed0       0x28 /home/ubuntu/Desktop/RockboxRCC/bu480/lib/rbcodec/codecs/smaf.o
 ** merge strings
                0x00004ef8       0x3d
 .rodata        0x00004f38       0x40 /home/ubuntu/Desktop/RockboxRCC/bu480/lib/rbcodec/codecs/libpcm.a(yamaha_adpcm.o)
 .rodata        0x00004f78      0x200 /home/ubuntu/Desktop/RockboxRCC/bu480/lib/rbcodec/codecs/libcodec.a(codeclib.o)
                0x00004f78                bs_clz_tab
                0x00005078                bs_log2_tab

.ARM.extab      0x00005178       0x48
 .ARM.extab     0x00005178        0xc /home/ubuntu/android-ndk-r9c/toolchains/arm-linux-androideabi-4.8/prebuilt/linux-x86/bin/../lib/gcc/arm-linux-androideabi/4.8/libgcc.a(_dvmd_lnx.o)
 .ARM.extab     0x00005184        0xc /home/ubuntu/android-ndk-r9c/toolchains/arm-linux-androideabi-4.8/prebuilt/linux-x86/bin/../lib/gcc/arm-linux-androideabi/4.8/libgcc.a(unwind-arm.o)
 .ARM.extab     0x00005190       0x30 /home/ubuntu/android-ndk-r9c/toolchains/arm-linux-androideabi-4.8/prebuilt/linux-x86/bin/../lib/gcc/arm-linux-androideabi/4.8/libgcc.a(pr-support.o)

.ARM.exidx      0x000051c0      0x128
 .ARM.exidx     0x000051c0        0x8 /home/ubuntu/android-ndk-r9c/toolchains/arm-linux-androideabi-4.8/prebuilt/linux-x86/bin/../lib/gcc/arm-linux-androideabi/4.8/libgcc.a(_dvmd_lnx.o)
 .ARM.exidx     0xffffffffffffffff       0x10 /home/ubuntu/android-ndk-r9c/toolchains/arm-linux-androideabi-4.8/prebuilt/linux-x86/bin/../lib/gcc/arm-linux-androideabi/4.8/libgcc.a(bpabi.o)
 .ARM.exidx     0xffffffffffffffff       0xd8 /home/ubuntu/android-ndk-r9c/toolchains/arm-linux-androideabi-4.8/prebuilt/linux-x86/bin/../lib/gcc/arm-linux-androideabi/4.8/libgcc.a(unwind-arm.o)
 ** ARM cantunwind
                0x00005280        0x8
 .ARM.exidx     0x00005288       0x48 /home/ubuntu/android-ndk-r9c/toolchains/arm-linux-androideabi-4.8/prebuilt/linux-x86/bin/../lib/gcc/arm-linux-androideabi/4.8/libgcc.a(pr-support.o)
 .ARM.exidx     0x000052d0        0x8 /home/ubuntu/android-ndk-r9c/toolchains/arm-linux-androideabi-4.8/prebuilt/linux-x86/bin/../lib/gcc/arm-linux-androideabi/4.8/libgcc.a(_divdi3.o)
 .ARM.exidx     0x000052d8        0x8 /home/ubuntu/android-ndk-r9c/toolchains/arm-linux-androideabi-4.8/prebuilt/linux-x86/bin/../lib/gcc/arm-linux-androideabi/4.8/libgcc.a(_udivdi3.o)
 ** ARM cantunwind
                0x000052e0        0x8

.data.rel.ro.local
                0x00006e90        0xc
 .data.rel.ro.local
                0x00006e90        0xc /home/ubuntu/Desktop/RockboxRCC/bu480/lib/rbcodec/codecs/libpcm.a(linear_pcm.o)

.fini_array     0x00006e9c        0x8
 .fini_array    0x00006e9c        0x4 /home/ubuntu/android-ndk-r9c/platforms/android-19/arch-arm/usr/lib/crtbegin_so.o
 .fini_array    0x00006ea0        0x4 /home/ubuntu/android-ndk-r9c/platforms/android-19/arch-arm/usr/lib/crtend_so.o

.data.rel.ro    0x00006ea4       0x34
 .data.rel.ro   0x00006ea4       0x34 /home/ubuntu/Desktop/RockboxRCC/bu480/lib/rbcodec/codecs/smaf.o
                0x00006ebc                __header

.init_array     0x00006ed8        0x4
 .init_array    0x00006ed8        0x4 /home/ubuntu/android-ndk-r9c/platforms/android-19/arch-arm/usr/lib/crtend_so.o

.dynamic        0x00006edc       0xe0
 ** dynamic     0x00006edc       0xe0

.got            0x00006fbc       0x44
 ** GOT         0x00006fbc       0x20
 ** GOT PLT     0x00006fdc       0x24

.data           0x00007000       0x14
 .data          0x00007000        0x4 /home/ubuntu/android-ndk-r9c/platforms/android-19/arch-arm/usr/lib/crtbegin_so.o
                0x00007000                __dso_handle
 .data          0x00007004        0x4 /home/ubuntu/Desktop/RockboxRCC/bu480/lib/rbcodec/codecs/codec_crt0.o
                0x00007004                ci
 .data.rel.local
                0x00007008        0xc /home/ubuntu/Desktop/RockboxRCC/bu480/lib/rbcodec/codecs/libpcm.a(yamaha_adpcm.o)

.bss            0x00007014     0x67a0
 .bss           0x00007014     0x404c /home/ubuntu/Desktop/RockboxRCC/bu480/lib/rbcodec/codecs/smaf.o
 .bss           0x0000b060        0xc /home/ubuntu/Desktop/RockboxRCC/bu480/lib/rbcodec/codecs/libpcm.a(linear_pcm.o)
 .bss           0x0000b06c       0x1c /home/ubuntu/Desktop/RockboxRCC/bu480/lib/rbcodec/codecs/libpcm.a(yamaha_adpcm.o)
 .bss           0x0000b088     0x2720 /home/ubuntu/Desktop/RockboxRCC/bu480/lib/rbcodec/codecs/libpcm.a(adpcm_seek.o)
 .bss           0x0000d7a8        0xc /home/ubuntu/Desktop/RockboxRCC/bu480/lib/rbcodec/codecs/libcodec.a(codeclib.o)
