Archive member included because of file (symbol)

/home/ubuntu/Desktop/RockboxRCC/bu480/lib/rbcodec/codecs/libtremor.a(vorbisfile.o)
                              /home/ubuntu/Desktop/RockboxRCC/bu480/lib/rbcodec/codecs/vorbis.o (ov_clear)
/home/ubuntu/Desktop/RockboxRCC/bu480/lib/rbcodec/codecs/libtremor.a(oggmalloc.o)
                              /home/ubuntu/Desktop/RockboxRCC/bu480/lib/rbcodec/codecs/vorbis.o (ogg_malloc_init)
/home/ubuntu/Desktop/RockboxRCC/bu480/lib/rbcodec/codecs/libtremor.a(block.o)
                              /home/ubuntu/Desktop/RockboxRCC/bu480/lib/rbcodec/codecs/libtremor.a(vorbisfile.o) (vorbis_block_init)
/home/ubuntu/Desktop/RockboxRCC/bu480/lib/rbcodec/codecs/libtremor.a(framing.o)
                              /home/ubuntu/Desktop/RockboxRCC/bu480/lib/rbcodec/codecs/libtremor.a(vorbisfile.o) (ogg_page_continued)
/home/ubuntu/Desktop/RockboxRCC/bu480/lib/rbcodec/codecs/libtremor.a(info.o)
                              /home/ubuntu/Desktop/RockboxRCC/bu480/lib/rbcodec/codecs/libtremor.a(vorbisfile.o) (vorbis_info_blocksize)
/home/ubuntu/Desktop/RockboxRCC/bu480/lib/rbcodec/codecs/libtremor.a(registry.o)
                              /home/ubuntu/Desktop/RockboxRCC/bu480/lib/rbcodec/codecs/libtremor.a(block.o) (_mapping_P)
/home/ubuntu/Desktop/RockboxRCC/bu480/lib/rbcodec/codecs/libtremor.a(res012.o)
                              /home/ubuntu/Desktop/RockboxRCC/bu480/lib/rbcodec/codecs/libtremor.a(registry.o) (residue2_exportbundle)
/home/ubuntu/Desktop/RockboxRCC/bu480/lib/rbcodec/codecs/libtremor.a(sharedbook.o)
                              /home/ubuntu/Desktop/RockboxRCC/bu480/lib/rbcodec/codecs/libtremor.a(block.o) (vorbis_staticbook_destroy)
/home/ubuntu/Desktop/RockboxRCC/bu480/lib/rbcodec/codecs/libtremor.a(synthesis.o)
                              /home/ubuntu/Desktop/RockboxRCC/bu480/lib/rbcodec/codecs/libtremor.a(vorbisfile.o) (vorbis_synthesis)
/home/ubuntu/Desktop/RockboxRCC/bu480/lib/rbcodec/codecs/libtremor.a(window.o)
                              /home/ubuntu/Desktop/RockboxRCC/bu480/lib/rbcodec/codecs/libtremor.a(block.o) (_vorbis_window)
/home/ubuntu/Desktop/RockboxRCC/bu480/lib/rbcodec/codecs/libtremor.a(bitwise.o)
                              /home/ubuntu/Desktop/RockboxRCC/bu480/lib/rbcodec/codecs/libtremor.a(info.o) (oggpack_readinit)
/home/ubuntu/Desktop/RockboxRCC/bu480/lib/rbcodec/codecs/libtremor.a(codebook.o)
                              /home/ubuntu/Desktop/RockboxRCC/bu480/lib/rbcodec/codecs/libtremor.a(info.o) (vorbis_staticbook_unpack)
/home/ubuntu/Desktop/RockboxRCC/bu480/lib/rbcodec/codecs/libtremor.a(floor0.o)
                              /home/ubuntu/Desktop/RockboxRCC/bu480/lib/rbcodec/codecs/libtremor.a(registry.o) (floor0_exportbundle)
/home/ubuntu/Desktop/RockboxRCC/bu480/lib/rbcodec/codecs/libtremor.a(floor1.o)
                              /home/ubuntu/Desktop/RockboxRCC/bu480/lib/rbcodec/codecs/libtremor.a(registry.o) (floor1_exportbundle)
/home/ubuntu/Desktop/RockboxRCC/bu480/lib/rbcodec/codecs/libtremor.a(mapping0.o)
                              /home/ubuntu/Desktop/RockboxRCC/bu480/lib/rbcodec/codecs/libtremor.a(registry.o) (mapping0_exportbundle)
/home/ubuntu/Desktop/RockboxRCC/bu480/lib/libtlsf.a(tlsf.o)
                              /home/ubuntu/Desktop/RockboxRCC/bu480/lib/rbcodec/codecs/libtremor.a(oggmalloc.o) (destroy_memory_pool)
/home/ubuntu/Desktop/RockboxRCC/bu480/lib/rbcodec/codecs/libcodec.a(codeclib.o)
                              /home/ubuntu/Desktop/RockboxRCC/bu480/lib/rbcodec/codecs/vorbis.o (codec_init)
/home/ubuntu/Desktop/RockboxRCC/bu480/lib/rbcodec/codecs/libcodec.a(mdct.o)
                              /home/ubuntu/Desktop/RockboxRCC/bu480/lib/rbcodec/codecs/libtremor.a(mapping0.o) (ff_imdct_half)
/home/ubuntu/Desktop/RockboxRCC/bu480/lib/rbcodec/codecs/libcodec.a(mdct_lookup.o)
                              /home/ubuntu/Desktop/RockboxRCC/bu480/lib/rbcodec/codecs/libcodec.a(mdct.o) (revtab)
/home/ubuntu/Desktop/RockboxRCC/bu480/lib/rbcodec/codecs/libcodec.a(fft-ffmpeg.o)
                              /home/ubuntu/Desktop/RockboxRCC/bu480/lib/rbcodec/codecs/libcodec.a(mdct.o) (ff_fft_calc_c)
/home/ubuntu/android-ndk-r9c/toolchains/arm-linux-androideabi-4.8/prebuilt/linux-x86/bin/../lib/gcc/arm-linux-androideabi/4.8/libgcc.a(_udivsi3.o)
                              /home/ubuntu/Desktop/RockboxRCC/bu480/lib/rbcodec/codecs/libtremor.a(codebook.o) (__aeabi_uidiv)
/home/ubuntu/android-ndk-r9c/toolchains/arm-linux-androideabi-4.8/prebuilt/linux-x86/bin/../lib/gcc/arm-linux-androideabi/4.8/libgcc.a(_divsi3.o)
                              /home/ubuntu/Desktop/RockboxRCC/bu480/lib/rbcodec/codecs/libtremor.a(res012.o) (__aeabi_idiv)
/home/ubuntu/android-ndk-r9c/toolchains/arm-linux-androideabi-4.8/prebuilt/linux-x86/bin/../lib/gcc/arm-linux-androideabi/4.8/libgcc.a(_aeabi_ldivmod.o)
                              /home/ubuntu/Desktop/RockboxRCC/bu480/lib/rbcodec/codecs/libtremor.a(vorbisfile.o) (__aeabi_ldivmod)
/home/ubuntu/android-ndk-r9c/toolchains/arm-linux-androideabi-4.8/prebuilt/linux-x86/bin/../lib/gcc/arm-linux-androideabi/4.8/libgcc.a(_dvmd_lnx.o)
                              /home/ubuntu/android-ndk-r9c/toolchains/arm-linux-androideabi-4.8/prebuilt/linux-x86/bin/../lib/gcc/arm-linux-androideabi/4.8/libgcc.a(_udivsi3.o) (__aeabi_idiv0)
/home/ubuntu/android-ndk-r9c/toolchains/arm-linux-androideabi-4.8/prebuilt/linux-x86/bin/../lib/gcc/arm-linux-androideabi/4.8/libgcc.a(bpabi.o)
                              /home/ubuntu/android-ndk-r9c/toolchains/arm-linux-androideabi-4.8/prebuilt/linux-x86/bin/../lib/gcc/arm-linux-androideabi/4.8/libgcc.a(_aeabi_ldivmod.o) (__gnu_ldivmod_helper)
/home/ubuntu/android-ndk-r9c/toolchains/arm-linux-androideabi-4.8/prebuilt/linux-x86/bin/../lib/gcc/arm-linux-androideabi/4.8/libgcc.a(unwind-arm.o)
                              /home/ubuntu/android-ndk-r9c/toolchains/arm-linux-androideabi-4.8/prebuilt/linux-x86/bin/../lib/gcc/arm-linux-androideabi/4.8/libgcc.a(bpabi.o) (__aeabi_unwind_cpp_pr0)
/home/ubuntu/android-ndk-r9c/toolchains/arm-linux-androideabi-4.8/prebuilt/linux-x86/bin/../lib/gcc/arm-linux-androideabi/4.8/libgcc.a(libunwind.o)
                              /home/ubuntu/android-ndk-r9c/toolchains/arm-linux-androideabi-4.8/prebuilt/linux-x86/bin/../lib/gcc/arm-linux-androideabi/4.8/libgcc.a(unwind-arm.o) (restore_core_regs)
/home/ubuntu/android-ndk-r9c/toolchains/arm-linux-androideabi-4.8/prebuilt/linux-x86/bin/../lib/gcc/arm-linux-androideabi/4.8/libgcc.a(pr-support.o)
                              /home/ubuntu/android-ndk-r9c/toolchains/arm-linux-androideabi-4.8/prebuilt/linux-x86/bin/../lib/gcc/arm-linux-androideabi/4.8/libgcc.a(unwind-arm.o) (__gnu_unwind_execute)
/home/ubuntu/android-ndk-r9c/toolchains/arm-linux-androideabi-4.8/prebuilt/linux-x86/bin/../lib/gcc/arm-linux-androideabi/4.8/libgcc.a(_divdi3.o)
                              /home/ubuntu/android-ndk-r9c/toolchains/arm-linux-androideabi-4.8/prebuilt/linux-x86/bin/../lib/gcc/arm-linux-androideabi/4.8/libgcc.a(bpabi.o) (__divdi3)
/home/ubuntu/android-ndk-r9c/toolchains/arm-linux-androideabi-4.8/prebuilt/linux-x86/bin/../lib/gcc/arm-linux-androideabi/4.8/libgcc.a(_udivdi3.o)
                              /home/ubuntu/android-ndk-r9c/toolchains/arm-linux-androideabi-4.8/prebuilt/linux-x86/bin/../lib/gcc/arm-linux-androideabi/4.8/libgcc.a(bpabi.o) (__udivdi3)

Allocating common symbols
Common symbol       size              file

rb_jump_buf         0x100             /home/ubuntu/Desktop/RockboxRCC/bu480/lib/rbcodec/codecs/vorbis.o

Discarded input sections

 .text          0x00000000       0x14 /home/ubuntu/android-ndk-r9c/platforms/android-19/arch-arm/usr/lib/crtbegin_so.o
 .bss           0x00000000        0x0 /home/ubuntu/android-ndk-r9c/platforms/android-19/arch-arm/usr/lib/crtbegin_so.o
 .note.GNU-stack
                0x00000000        0x0 /home/ubuntu/android-ndk-r9c/platforms/android-19/arch-arm/usr/lib/crtbegin_so.o
 .data          0x00000000        0x0 /home/ubuntu/Desktop/RockboxRCC/bu480/lib/rbcodec/codecs/vorbis.o
 .bss           0x00000000        0x0 /home/ubuntu/Desktop/RockboxRCC/bu480/lib/rbcodec/codecs/vorbis.o
 .note.GNU-stack
                0x00000000        0x0 /home/ubuntu/Desktop/RockboxRCC/bu480/lib/rbcodec/codecs/vorbis.o
 .bss           0x00000000        0x0 /home/ubuntu/Desktop/RockboxRCC/bu480/lib/rbcodec/codecs/codec_crt0.o
 .note.GNU-stack
                0x00000000        0x0 /home/ubuntu/Desktop/RockboxRCC/bu480/lib/rbcodec/codecs/codec_crt0.o
 .data          0x00000000        0x0 /home/ubuntu/Desktop/RockboxRCC/bu480/lib/rbcodec/codecs/libtremor.a(vorbisfile.o)
 .bss           0x00000000        0x0 /home/ubuntu/Desktop/RockboxRCC/bu480/lib/rbcodec/codecs/libtremor.a(vorbisfile.o)
 .note.GNU-stack
                0x00000000        0x0 /home/ubuntu/Desktop/RockboxRCC/bu480/lib/rbcodec/codecs/libtremor.a(vorbisfile.o)
 .data          0x00000000        0x0 /home/ubuntu/Desktop/RockboxRCC/bu480/lib/rbcodec/codecs/libtremor.a(oggmalloc.o)
 .bss           0x00000000        0x0 /home/ubuntu/Desktop/RockboxRCC/bu480/lib/rbcodec/codecs/libtremor.a(oggmalloc.o)
 .note.GNU-stack
                0x00000000        0x0 /home/ubuntu/Desktop/RockboxRCC/bu480/lib/rbcodec/codecs/libtremor.a(oggmalloc.o)
 .data          0x00000000        0x0 /home/ubuntu/Desktop/RockboxRCC/bu480/lib/rbcodec/codecs/libtremor.a(block.o)
 .note.GNU-stack
                0x00000000        0x0 /home/ubuntu/Desktop/RockboxRCC/bu480/lib/rbcodec/codecs/libtremor.a(block.o)
 .data          0x00000000        0x0 /home/ubuntu/Desktop/RockboxRCC/bu480/lib/rbcodec/codecs/libtremor.a(framing.o)
 .bss           0x00000000        0x0 /home/ubuntu/Desktop/RockboxRCC/bu480/lib/rbcodec/codecs/libtremor.a(framing.o)
 .note.GNU-stack
                0x00000000        0x0 /home/ubuntu/Desktop/RockboxRCC/bu480/lib/rbcodec/codecs/libtremor.a(framing.o)
 .data          0x00000000        0x0 /home/ubuntu/Desktop/RockboxRCC/bu480/lib/rbcodec/codecs/libtremor.a(info.o)
 .bss           0x00000000        0x0 /home/ubuntu/Desktop/RockboxRCC/bu480/lib/rbcodec/codecs/libtremor.a(info.o)
 .note.GNU-stack
                0x00000000        0x0 /home/ubuntu/Desktop/RockboxRCC/bu480/lib/rbcodec/codecs/libtremor.a(info.o)
 .text          0x00000000        0x0 /home/ubuntu/Desktop/RockboxRCC/bu480/lib/rbcodec/codecs/libtremor.a(registry.o)
 .data          0x00000000        0x0 /home/ubuntu/Desktop/RockboxRCC/bu480/lib/rbcodec/codecs/libtremor.a(registry.o)
 .bss           0x00000000        0x0 /home/ubuntu/Desktop/RockboxRCC/bu480/lib/rbcodec/codecs/libtremor.a(registry.o)
 .note.GNU-stack
                0x00000000        0x0 /home/ubuntu/Desktop/RockboxRCC/bu480/lib/rbcodec/codecs/libtremor.a(registry.o)
 .data          0x00000000        0x0 /home/ubuntu/Desktop/RockboxRCC/bu480/lib/rbcodec/codecs/libtremor.a(res012.o)
 .bss           0x00000000        0x0 /home/ubuntu/Desktop/RockboxRCC/bu480/lib/rbcodec/codecs/libtremor.a(res012.o)
 .note.GNU-stack
                0x00000000        0x0 /home/ubuntu/Desktop/RockboxRCC/bu480/lib/rbcodec/codecs/libtremor.a(res012.o)
 .data          0x00000000        0x0 /home/ubuntu/Desktop/RockboxRCC/bu480/lib/rbcodec/codecs/libtremor.a(sharedbook.o)
 .bss           0x00000000        0x0 /home/ubuntu/Desktop/RockboxRCC/bu480/lib/rbcodec/codecs/libtremor.a(sharedbook.o)
 .note.GNU-stack
                0x00000000        0x0 /home/ubuntu/Desktop/RockboxRCC/bu480/lib/rbcodec/codecs/libtremor.a(sharedbook.o)
 .data          0x00000000        0x0 /home/ubuntu/Desktop/RockboxRCC/bu480/lib/rbcodec/codecs/libtremor.a(synthesis.o)
 .bss           0x00000000        0x0 /home/ubuntu/Desktop/RockboxRCC/bu480/lib/rbcodec/codecs/libtremor.a(synthesis.o)
 .note.GNU-stack
                0x00000000        0x0 /home/ubuntu/Desktop/RockboxRCC/bu480/lib/rbcodec/codecs/libtremor.a(synthesis.o)
 .data          0x00000000        0x0 /home/ubuntu/Desktop/RockboxRCC/bu480/lib/rbcodec/codecs/libtremor.a(window.o)
 .bss           0x00000000        0x0 /home/ubuntu/Desktop/RockboxRCC/bu480/lib/rbcodec/codecs/libtremor.a(window.o)
 .note.GNU-stack
                0x00000000        0x0 /home/ubuntu/Desktop/RockboxRCC/bu480/lib/rbcodec/codecs/libtremor.a(window.o)
 .data          0x00000000        0x0 /home/ubuntu/Desktop/RockboxRCC/bu480/lib/rbcodec/codecs/libtremor.a(bitwise.o)
 .bss           0x00000000        0x0 /home/ubuntu/Desktop/RockboxRCC/bu480/lib/rbcodec/codecs/libtremor.a(bitwise.o)
 .note.GNU-stack
                0x00000000        0x0 /home/ubuntu/Desktop/RockboxRCC/bu480/lib/rbcodec/codecs/libtremor.a(bitwise.o)
 .data          0x00000000        0x0 /home/ubuntu/Desktop/RockboxRCC/bu480/lib/rbcodec/codecs/libtremor.a(codebook.o)
 .bss           0x00000000        0x0 /home/ubuntu/Desktop/RockboxRCC/bu480/lib/rbcodec/codecs/libtremor.a(codebook.o)
 .note.GNU-stack
                0x00000000        0x0 /home/ubuntu/Desktop/RockboxRCC/bu480/lib/rbcodec/codecs/libtremor.a(codebook.o)
 .data          0x00000000        0x0 /home/ubuntu/Desktop/RockboxRCC/bu480/lib/rbcodec/codecs/libtremor.a(floor0.o)
 .bss           0x00000000        0x0 /home/ubuntu/Desktop/RockboxRCC/bu480/lib/rbcodec/codecs/libtremor.a(floor0.o)
 .note.GNU-stack
                0x00000000        0x0 /home/ubuntu/Desktop/RockboxRCC/bu480/lib/rbcodec/codecs/libtremor.a(floor0.o)
 .data          0x00000000        0x0 /home/ubuntu/Desktop/RockboxRCC/bu480/lib/rbcodec/codecs/libtremor.a(floor1.o)
 .bss           0x00000000        0x0 /home/ubuntu/Desktop/RockboxRCC/bu480/lib/rbcodec/codecs/libtremor.a(floor1.o)
 .note.GNU-stack
                0x00000000        0x0 /home/ubuntu/Desktop/RockboxRCC/bu480/lib/rbcodec/codecs/libtremor.a(floor1.o)
 .data          0x00000000        0x0 /home/ubuntu/Desktop/RockboxRCC/bu480/lib/rbcodec/codecs/libtremor.a(mapping0.o)
 .bss           0x00000000        0x0 /home/ubuntu/Desktop/RockboxRCC/bu480/lib/rbcodec/codecs/libtremor.a(mapping0.o)
 .note.GNU-stack
                0x00000000        0x0 /home/ubuntu/Desktop/RockboxRCC/bu480/lib/rbcodec/codecs/libtremor.a(mapping0.o)
 .text          0x00000000        0x0 /home/ubuntu/Desktop/RockboxRCC/bu480/lib/libtlsf.a(tlsf.o)
 .data          0x00000000        0x0 /home/ubuntu/Desktop/RockboxRCC/bu480/lib/libtlsf.a(tlsf.o)
 .note.GNU-stack
                0x00000000        0x0 /home/ubuntu/Desktop/RockboxRCC/bu480/lib/libtlsf.a(tlsf.o)
 .text          0x00000000        0x0 /home/ubuntu/Desktop/RockboxRCC/bu480/lib/rbcodec/codecs/libcodec.a(codeclib.o)
 .data          0x00000000        0x0 /home/ubuntu/Desktop/RockboxRCC/bu480/lib/rbcodec/codecs/libcodec.a(codeclib.o)
 .note.GNU-stack
                0x00000000        0x0 /home/ubuntu/Desktop/RockboxRCC/bu480/lib/rbcodec/codecs/libcodec.a(codeclib.o)
 .text          0x00000000        0x0 /home/ubuntu/Desktop/RockboxRCC/bu480/lib/rbcodec/codecs/libcodec.a(mdct.o)
 .data          0x00000000        0x0 /home/ubuntu/Desktop/RockboxRCC/bu480/lib/rbcodec/codecs/libcodec.a(mdct.o)
 .bss           0x00000000        0x0 /home/ubuntu/Desktop/RockboxRCC/bu480/lib/rbcodec/codecs/libcodec.a(mdct.o)
 .note.GNU-stack
                0x00000000        0x0 /home/ubuntu/Desktop/RockboxRCC/bu480/lib/rbcodec/codecs/libcodec.a(mdct.o)
 .text          0x00000000        0x0 /home/ubuntu/Desktop/RockboxRCC/bu480/lib/rbcodec/codecs/libcodec.a(mdct_lookup.o)
 .data          0x00000000        0x0 /home/ubuntu/Desktop/RockboxRCC/bu480/lib/rbcodec/codecs/libcodec.a(mdct_lookup.o)
 .bss           0x00000000        0x0 /home/ubuntu/Desktop/RockboxRCC/bu480/lib/rbcodec/codecs/libcodec.a(mdct_lookup.o)
 .note.GNU-stack
                0x00000000        0x0 /home/ubuntu/Desktop/RockboxRCC/bu480/lib/rbcodec/codecs/libcodec.a(mdct_lookup.o)
 .text          0x00000000        0x0 /home/ubuntu/Desktop/RockboxRCC/bu480/lib/rbcodec/codecs/libcodec.a(fft-ffmpeg.o)
 .data          0x00000000        0x0 /home/ubuntu/Desktop/RockboxRCC/bu480/lib/rbcodec/codecs/libcodec.a(fft-ffmpeg.o)
 .bss           0x00000000        0x0 /home/ubuntu/Desktop/RockboxRCC/bu480/lib/rbcodec/codecs/libcodec.a(fft-ffmpeg.o)
 .note.GNU-stack
                0x00000000        0x0 /home/ubuntu/Desktop/RockboxRCC/bu480/lib/rbcodec/codecs/libcodec.a(fft-ffmpeg.o)
 .data          0x00000000        0x0 /home/ubuntu/android-ndk-r9c/toolchains/arm-linux-androideabi-4.8/prebuilt/linux-x86/bin/../lib/gcc/arm-linux-androideabi/4.8/libgcc.a(_udivsi3.o)
 .bss           0x00000000        0x0 /home/ubuntu/android-ndk-r9c/toolchains/arm-linux-androideabi-4.8/prebuilt/linux-x86/bin/../lib/gcc/arm-linux-androideabi/4.8/libgcc.a(_udivsi3.o)
 .note.GNU-stack
                0x00000000        0x0 /home/ubuntu/android-ndk-r9c/toolchains/arm-linux-androideabi-4.8/prebuilt/linux-x86/bin/../lib/gcc/arm-linux-androideabi/4.8/libgcc.a(_udivsi3.o)
 .data          0x00000000        0x0 /home/ubuntu/android-ndk-r9c/toolchains/arm-linux-androideabi-4.8/prebuilt/linux-x86/bin/../lib/gcc/arm-linux-androideabi/4.8/libgcc.a(_divsi3.o)
 .bss           0x00000000        0x0 /home/ubuntu/android-ndk-r9c/toolchains/arm-linux-androideabi-4.8/prebuilt/linux-x86/bin/../lib/gcc/arm-linux-androideabi/4.8/libgcc.a(_divsi3.o)
 .note.GNU-stack
                0x00000000        0x0 /home/ubuntu/android-ndk-r9c/toolchains/arm-linux-androideabi-4.8/prebuilt/linux-x86/bin/../lib/gcc/arm-linux-androideabi/4.8/libgcc.a(_divsi3.o)
 .data          0x00000000        0x0 /home/ubuntu/android-ndk-r9c/toolchains/arm-linux-androideabi-4.8/prebuilt/linux-x86/bin/../lib/gcc/arm-linux-androideabi/4.8/libgcc.a(_aeabi_ldivmod.o)
 .bss           0x00000000        0x0 /home/ubuntu/android-ndk-r9c/toolchains/arm-linux-androideabi-4.8/prebuilt/linux-x86/bin/../lib/gcc/arm-linux-androideabi/4.8/libgcc.a(_aeabi_ldivmod.o)
 .note.GNU-stack
                0x00000000        0x0 /home/ubuntu/android-ndk-r9c/toolchains/arm-linux-androideabi-4.8/prebuilt/linux-x86/bin/../lib/gcc/arm-linux-androideabi/4.8/libgcc.a(_aeabi_ldivmod.o)
 .data          0x00000000        0x0 /home/ubuntu/android-ndk-r9c/toolchains/arm-linux-androideabi-4.8/prebuilt/linux-x86/bin/../lib/gcc/arm-linux-androideabi/4.8/libgcc.a(_dvmd_lnx.o)
 .bss           0x00000000        0x0 /home/ubuntu/android-ndk-r9c/toolchains/arm-linux-androideabi-4.8/prebuilt/linux-x86/bin/../lib/gcc/arm-linux-androideabi/4.8/libgcc.a(_dvmd_lnx.o)
 .note.GNU-stack
                0x00000000        0x0 /home/ubuntu/android-ndk-r9c/toolchains/arm-linux-androideabi-4.8/prebuilt/linux-x86/bin/../lib/gcc/arm-linux-androideabi/4.8/libgcc.a(_dvmd_lnx.o)
 .data          0x00000000        0x0 /home/ubuntu/android-ndk-r9c/toolchains/arm-linux-androideabi-4.8/prebuilt/linux-x86/bin/../lib/gcc/arm-linux-androideabi/4.8/libgcc.a(bpabi.o)
 .bss           0x00000000        0x0 /home/ubuntu/android-ndk-r9c/toolchains/arm-linux-androideabi-4.8/prebuilt/linux-x86/bin/../lib/gcc/arm-linux-androideabi/4.8/libgcc.a(bpabi.o)
 .ARM.extab     0x00000000        0x0 /home/ubuntu/android-ndk-r9c/toolchains/arm-linux-androideabi-4.8/prebuilt/linux-x86/bin/../lib/gcc/arm-linux-androideabi/4.8/libgcc.a(bpabi.o)
 .note.GNU-stack
                0x00000000        0x0 /home/ubuntu/android-ndk-r9c/toolchains/arm-linux-androideabi-4.8/prebuilt/linux-x86/bin/../lib/gcc/arm-linux-androideabi/4.8/libgcc.a(bpabi.o)
 .data          0x00000000        0x0 /home/ubuntu/android-ndk-r9c/toolchains/arm-linux-androideabi-4.8/prebuilt/linux-x86/bin/../lib/gcc/arm-linux-androideabi/4.8/libgcc.a(unwind-arm.o)
 .bss           0x00000000        0x0 /home/ubuntu/android-ndk-r9c/toolchains/arm-linux-androideabi-4.8/prebuilt/linux-x86/bin/../lib/gcc/arm-linux-androideabi/4.8/libgcc.a(unwind-arm.o)
 .note.GNU-stack
                0x00000000        0x0 /home/ubuntu/android-ndk-r9c/toolchains/arm-linux-androideabi-4.8/prebuilt/linux-x86/bin/../lib/gcc/arm-linux-androideabi/4.8/libgcc.a(unwind-arm.o)
 .data          0x00000000        0x0 /home/ubuntu/android-ndk-r9c/toolchains/arm-linux-androideabi-4.8/prebuilt/linux-x86/bin/../lib/gcc/arm-linux-androideabi/4.8/libgcc.a(libunwind.o)
 .bss           0x00000000        0x0 /home/ubuntu/android-ndk-r9c/toolchains/arm-linux-androideabi-4.8/prebuilt/linux-x86/bin/../lib/gcc/arm-linux-androideabi/4.8/libgcc.a(libunwind.o)
 .note.GNU-stack
                0x00000000        0x0 /home/ubuntu/android-ndk-r9c/toolchains/arm-linux-androideabi-4.8/prebuilt/linux-x86/bin/../lib/gcc/arm-linux-androideabi/4.8/libgcc.a(libunwind.o)
 .data          0x00000000        0x0 /home/ubuntu/android-ndk-r9c/toolchains/arm-linux-androideabi-4.8/prebuilt/linux-x86/bin/../lib/gcc/arm-linux-androideabi/4.8/libgcc.a(pr-support.o)
 .bss           0x00000000        0x0 /home/ubuntu/android-ndk-r9c/toolchains/arm-linux-androideabi-4.8/prebuilt/linux-x86/bin/../lib/gcc/arm-linux-androideabi/4.8/libgcc.a(pr-support.o)
 .note.GNU-stack
                0x00000000        0x0 /home/ubuntu/android-ndk-r9c/toolchains/arm-linux-androideabi-4.8/prebuilt/linux-x86/bin/../lib/gcc/arm-linux-androideabi/4.8/libgcc.a(pr-support.o)
 .data          0x00000000        0x0 /home/ubuntu/android-ndk-r9c/toolchains/arm-linux-androideabi-4.8/prebuilt/linux-x86/bin/../lib/gcc/arm-linux-androideabi/4.8/libgcc.a(_divdi3.o)
 .bss           0x00000000        0x0 /home/ubuntu/android-ndk-r9c/toolchains/arm-linux-androideabi-4.8/prebuilt/linux-x86/bin/../lib/gcc/arm-linux-androideabi/4.8/libgcc.a(_divdi3.o)
 .ARM.extab     0x00000000        0x0 /home/ubuntu/android-ndk-r9c/toolchains/arm-linux-androideabi-4.8/prebuilt/linux-x86/bin/../lib/gcc/arm-linux-androideabi/4.8/libgcc.a(_divdi3.o)
 .note.GNU-stack
                0x00000000        0x0 /home/ubuntu/android-ndk-r9c/toolchains/arm-linux-androideabi-4.8/prebuilt/linux-x86/bin/../lib/gcc/arm-linux-androideabi/4.8/libgcc.a(_divdi3.o)
 .data          0x00000000        0x0 /home/ubuntu/android-ndk-r9c/toolchains/arm-linux-androideabi-4.8/prebuilt/linux-x86/bin/../lib/gcc/arm-linux-androideabi/4.8/libgcc.a(_udivdi3.o)
 .bss           0x00000000        0x0 /home/ubuntu/android-ndk-r9c/toolchains/arm-linux-androideabi-4.8/prebuilt/linux-x86/bin/../lib/gcc/arm-linux-androideabi/4.8/libgcc.a(_udivdi3.o)
 .ARM.extab     0x00000000        0x0 /home/ubuntu/android-ndk-r9c/toolchains/arm-linux-androideabi-4.8/prebuilt/linux-x86/bin/../lib/gcc/arm-linux-androideabi/4.8/libgcc.a(_udivdi3.o)
 .note.GNU-stack
                0x00000000        0x0 /home/ubuntu/android-ndk-r9c/toolchains/arm-linux-androideabi-4.8/prebuilt/linux-x86/bin/../lib/gcc/arm-linux-androideabi/4.8/libgcc.a(_udivdi3.o)
 .text          0x00000000        0x0 /home/ubuntu/android-ndk-r9c/platforms/android-19/arch-arm/usr/lib/crtend_so.o
 .data          0x00000000        0x0 /home/ubuntu/android-ndk-r9c/platforms/android-19/arch-arm/usr/lib/crtend_so.o
 .bss           0x00000000        0x0 /home/ubuntu/android-ndk-r9c/platforms/android-19/arch-arm/usr/lib/crtend_so.o
 .note.GNU-stack
                0x00000000        0x0 /home/ubuntu/android-ndk-r9c/platforms/android-19/arch-arm/usr/lib/crtend_so.o

Memory map

 ** file header
                0x00000000       0x34
 ** segment headers
                0x00000034      0x100

.interp         0x00000134       0x13
 ** fill        0x00000134       0x13

.dynsym         0x00000148      0xc20
 ** dynsym      0x00000148      0xc20

.dynstr         0x00000d68      0xca6
 ** string table
                0x00000d68      0xca6

.hash           0x00001a10      0x51c
 ** hash        0x00001a10      0x51c

.rel.dyn        0x00001f2c      0x238
 ** dynamic relocs
                0x00001f2c      0x238

.rel.plt        0x00002164       0x40
 ** dynamic relocs
                0x00002164       0x40

.plt            0x000021a4       0x74
 ** PLT         0x000021a4       0x74

.text           0x00002218    0x109a8
 .text.exit     0x00002218       0x10 /home/ubuntu/android-ndk-r9c/platforms/android-19/arch-arm/usr/lib/crtbegin_so.o
                0x00002218                __on_dlclose
 .text          0x00002228      0x538 /home/ubuntu/Desktop/RockboxRCC/bu480/lib/rbcodec/codecs/vorbis.o
                0x00002308                codec_run
                0x00002704                codec_main
 .text          0x00002760       0x14 /home/ubuntu/Desktop/RockboxRCC/bu480/lib/rbcodec/codecs/codec_crt0.o
                0x00002760                _start
                0x00002768                codec_start
 .text          0x00002774     0x2b58 /home/ubuntu/Desktop/RockboxRCC/bu480/lib/rbcodec/codecs/libtremor.a(vorbisfile.o)
                0x00003850                ov_clear
                0x0000393c                ov_pcm_total
                0x000039d4                ov_time_total
                0x00003a90                ov_raw_seek
                0x00003f08                ov_open_callbacks
                0x000042a0                rescale64
                0x00004378                ov_pcm_seek_page
                0x00004bc4                ov_pcm_seek
                0x00004f10                ov_time_seek
                0x0000505c                ov_raw_tell
                0x0000507c                ov_time_tell
                0x000051b0                ov_info
                0x00005208                ov_read_fixed
 .text          0x000052cc      0x120 /home/ubuntu/Desktop/RockboxRCC/bu480/lib/rbcodec/codecs/libtremor.a(oggmalloc.o)
                0x000052cc                ogg_malloc_init
                0x00005310                ogg_malloc_destroy
                0x0000534c                ogg_malloc
                0x00005380                ogg_calloc
                0x000053b4                ogg_realloc
                0x000053e8                ogg_free
 .text          0x000053ec      0xea8 /home/ubuntu/Desktop/RockboxRCC/bu480/lib/rbcodec/codecs/libtremor.a(block.o)
                0x000053ec                vorbis_block_init
                0x00005414                _vorbis_block_alloc
                0x000054a0                _vorbis_block_ripcord
                0x0000554c                vorbis_block_clear
                0x00005580                vorbis_synthesis_restart
                0x000055e0                vorbis_dsp_clear
                0x000056e8                vorbis_synthesis_init
                0x00005abc                vorbis_synthesis_blockin
                0x000061e4                vorbis_synthesis_pcmout
                0x00006260                vorbis_synthesis_read
 .text          0x00006294      0xc4c /home/ubuntu/Desktop/RockboxRCC/bu480/lib/rbcodec/codecs/libtremor.a(framing.o)
                0x0000638c                ogg_page_continued
                0x0000639c                ogg_page_bos
                0x000063ac                ogg_page_eos
                0x000063bc                ogg_page_granulepos
                0x00006490                ogg_page_serialno
                0x000064b8                ogg_stream_clear
                0x0000650c                ogg_stream_init
                0x000065a4                _os_body_expand
                0x00006610                ogg_sync_init
                0x00006638                ogg_sync_clear
                0x0000666c                ogg_sync_buffer
                0x0000673c                ogg_sync_wrote
                0x0000676c                ogg_sync_pageseek
                0x000069a4                ogg_stream_pagein
                0x00006de0                ogg_sync_reset
                0x00006e0c                ogg_stream_reset
                0x00006e64                ogg_stream_reset_serialno
                0x00006e98                ogg_stream_packetout
                0x00006ebc                ogg_stream_packetpeek
 .text          0x00006ee0      0x79c /home/ubuntu/Desktop/RockboxRCC/bu480/lib/rbcodec/codecs/libtremor.a(info.o)
                0x00006ee0                vorbis_info_blocksize
                0x00006ef8                vorbis_info_init
                0x00006f20                vorbis_info_clear
                0x000070e0                vorbis_synthesis_idheader
                0x00007184                vorbis_synthesis_headerin
 .text          0x0000767c      0xb14 /home/ubuntu/Desktop/RockboxRCC/bu480/lib/rbcodec/codecs/libtremor.a(res012.o)
 .text          0x00008190      0xfac /home/ubuntu/Desktop/RockboxRCC/bu480/lib/rbcodec/codecs/libtremor.a(sharedbook.o)
                0x00008224                _ilog
                0x00008248                _book_maptype1_quantvals
                0x000082c8                vorbis_staticbook_destroy
                0x0000830c                vorbis_book_clear
                0x00008378                vorbis_book_init_decode
 .text          0x0000913c      0x324 /home/ubuntu/Desktop/RockboxRCC/bu480/lib/rbcodec/codecs/libtremor.a(synthesis.o)
                0x0000913c                vorbis_synthesis
                0x000092b4                vorbis_synthesis_trackonly
                0x000093cc                vorbis_packet_blocksize
 .text          0x00009460       0xf4 /home/ubuntu/Desktop/RockboxRCC/bu480/lib/rbcodec/codecs/libtremor.a(window.o)
                0x00009460                _vorbis_window
 .text          0x00009554      0x140 /home/ubuntu/Desktop/RockboxRCC/bu480/lib/rbcodec/codecs/libtremor.a(bitwise.o)
                0x00009554                oggpack_readinit
                0x00009580                oggpack_read
 .text          0x00009694     0x273c /home/ubuntu/Desktop/RockboxRCC/bu480/lib/rbcodec/codecs/libtremor.a(codebook.o)
                0x00009d84                vorbis_staticbook_unpack
                0x0000a14c                vorbis_book_decode
                0x0000a438                vorbis_book_decodevs_add
                0x0000abb4                vorbis_book_decodev_add
                0x0000b234                vorbis_book_decodev_set
                0x0000b954                vorbis_book_decodevv_add
 .text          0x0000bdd0      0x9d8 /home/ubuntu/Desktop/RockboxRCC/bu480/lib/rbcodec/codecs/libtremor.a(floor0.o)
 .text          0x0000c7a8      0xc2c /home/ubuntu/Desktop/RockboxRCC/bu480/lib/rbcodec/codecs/libtremor.a(floor1.o)
 .text          0x0000d3d4      0x95c /home/ubuntu/Desktop/RockboxRCC/bu480/lib/rbcodec/codecs/libtremor.a(mapping0.o)
 .text.get_new_area
                0x0000dd30        0x8 /home/ubuntu/Desktop/RockboxRCC/bu480/lib/libtlsf.a(tlsf.o)
                0x0000dd30                get_new_area
 .text.get_used_size
                0x0000dd38        0x8 /home/ubuntu/Desktop/RockboxRCC/bu480/lib/libtlsf.a(tlsf.o)
                0x0000dd38                get_used_size
 .text.get_max_size
                0x0000dd40        0x8 /home/ubuntu/Desktop/RockboxRCC/bu480/lib/libtlsf.a(tlsf.o)
                0x0000dd40                get_max_size
 .text.destroy_memory_pool
                0x0000dd48        0xc /home/ubuntu/Desktop/RockboxRCC/bu480/lib/libtlsf.a(tlsf.o)
                0x0000dd48                destroy_memory_pool
 .text.free_ex  0x0000dd54      0x364 /home/ubuntu/Desktop/RockboxRCC/bu480/lib/libtlsf.a(tlsf.o)
                0x0000dd54                free_ex
 .text.init_memory_pool
                0x0000e0b8      0x128 /home/ubuntu/Desktop/RockboxRCC/bu480/lib/libtlsf.a(tlsf.o)
                0x0000e0b8                init_memory_pool
 .text.add_new_area
                0x0000e1e0      0x198 /home/ubuntu/Desktop/RockboxRCC/bu480/lib/libtlsf.a(tlsf.o)
                0x0000e1e0                add_new_area
 .text.malloc_ex
                0x0000e378      0x5c8 /home/ubuntu/Desktop/RockboxRCC/bu480/lib/libtlsf.a(tlsf.o)
                0x0000e378                malloc_ex
 .text.tlsf_malloc
                0x0000e940       0x6c /home/ubuntu/Desktop/RockboxRCC/bu480/lib/libtlsf.a(tlsf.o)
                0x0000e940                tlsf_malloc
 .text.tlsf_free
                0x0000e9ac       0x1c /home/ubuntu/Desktop/RockboxRCC/bu480/lib/libtlsf.a(tlsf.o)
                0x0000e9ac                tlsf_free
 .text.realloc_ex
                0x0000e9c8      0x588 /home/ubuntu/Desktop/RockboxRCC/bu480/lib/libtlsf.a(tlsf.o)
                0x0000e9c8                realloc_ex
 .text.tlsf_realloc
                0x0000ef50       0x30 /home/ubuntu/Desktop/RockboxRCC/bu480/lib/libtlsf.a(tlsf.o)
                0x0000ef50                tlsf_realloc
 .text.calloc_ex
                0x0000ef80       0x54 /home/ubuntu/Desktop/RockboxRCC/bu480/lib/libtlsf.a(tlsf.o)
                0x0000ef80                calloc_ex
 .text.tlsf_calloc
                0x0000efd4       0x1c /home/ubuntu/Desktop/RockboxRCC/bu480/lib/libtlsf.a(tlsf.o)
                0x0000efd4                tlsf_calloc
 .text.codec_init
                0x0000eff0       0x4c /home/ubuntu/Desktop/RockboxRCC/bu480/lib/rbcodec/codecs/libcodec.a(codeclib.o)
                0x0000eff0                codec_init
 .text.codec_set_replaygain
                0x0000f03c       0x5c /home/ubuntu/Desktop/RockboxRCC/bu480/lib/rbcodec/codecs/libcodec.a(codeclib.o)
                0x0000f03c                codec_set_replaygain
 .text.codec_malloc
                0x0000f098       0x50 /home/ubuntu/Desktop/RockboxRCC/bu480/lib/rbcodec/codecs/libcodec.a(codeclib.o)
                0x0000f098                codec_malloc
 .text.codec_calloc
                0x0000f0e8       0x50 /home/ubuntu/Desktop/RockboxRCC/bu480/lib/rbcodec/codecs/libcodec.a(codeclib.o)
                0x0000f0e8                codec_calloc
 .text.codec_free
                0x0000f138        0x4 /home/ubuntu/Desktop/RockboxRCC/bu480/lib/rbcodec/codecs/libcodec.a(codeclib.o)
                0x0000f138                codec_free
 .text.codec_realloc
                0x0000f13c       0x54 /home/ubuntu/Desktop/RockboxRCC/bu480/lib/rbcodec/codecs/libcodec.a(codeclib.o)
                0x0000f13c                codec_realloc
 .text.strlen   0x0000f190       0x2c /home/ubuntu/Desktop/RockboxRCC/bu480/lib/rbcodec/codecs/libcodec.a(codeclib.o)
                0x0000f190                strlen
 .text.strcpy   0x0000f1bc       0x2c /home/ubuntu/Desktop/RockboxRCC/bu480/lib/rbcodec/codecs/libcodec.a(codeclib.o)
                0x0000f1bc                strcpy
 .text.strcat   0x0000f1e8       0x2c /home/ubuntu/Desktop/RockboxRCC/bu480/lib/rbcodec/codecs/libcodec.a(codeclib.o)
                0x0000f1e8                strcat
 .text.strcmp   0x0000f214       0x2c /home/ubuntu/Desktop/RockboxRCC/bu480/lib/rbcodec/codecs/libcodec.a(codeclib.o)
                0x0000f214                strcmp
 .text.memcpy   0x0000f240       0x2c /home/ubuntu/Desktop/RockboxRCC/bu480/lib/rbcodec/codecs/libcodec.a(codeclib.o)
                0x0000f240                memcpy
 .text.memset   0x0000f26c       0x2c /home/ubuntu/Desktop/RockboxRCC/bu480/lib/rbcodec/codecs/libcodec.a(codeclib.o)
                0x0000f26c                memset
 .text.memcmp   0x0000f298       0x2c /home/ubuntu/Desktop/RockboxRCC/bu480/lib/rbcodec/codecs/libcodec.a(codeclib.o)
                0x0000f298                memcmp
 .text.memchr   0x0000f2c4       0x2c /home/ubuntu/Desktop/RockboxRCC/bu480/lib/rbcodec/codecs/libcodec.a(codeclib.o)
                0x0000f2c4                memchr
 .text.memmove  0x0000f2f0       0x2c /home/ubuntu/Desktop/RockboxRCC/bu480/lib/rbcodec/codecs/libcodec.a(codeclib.o)
                0x0000f2f0                memmove
 .text.qsort    0x0000f31c       0x2c /home/ubuntu/Desktop/RockboxRCC/bu480/lib/rbcodec/codecs/libcodec.a(codeclib.o)
                0x0000f31c                qsort
 .text.ff_imdct_half
                0x0000f348      0x734 /home/ubuntu/Desktop/RockboxRCC/bu480/lib/rbcodec/codecs/libcodec.a(mdct.o)
                0x0000f348                ff_imdct_half
 .text.ff_imdct_calc
                0x0000fa7c      0x104 /home/ubuntu/Desktop/RockboxRCC/bu480/lib/rbcodec/codecs/libcodec.a(mdct.o)
                0x0000fa7c                ff_imdct_calc
 .text.fft4_dispatch
                0x0000fb80       0x54 /home/ubuntu/Desktop/RockboxRCC/bu480/lib/rbcodec/codecs/libcodec.a(fft-ffmpeg.o)
 .text.fft8_dispatch
                0x0000fbd4      0x178 /home/ubuntu/Desktop/RockboxRCC/bu480/lib/rbcodec/codecs/libcodec.a(fft-ffmpeg.o)
 .text.fft16    0x0000fd4c      0x490 /home/ubuntu/Desktop/RockboxRCC/bu480/lib/rbcodec/codecs/libcodec.a(fft-ffmpeg.o)
 .text.pass     0x000101dc      0x4fc /home/ubuntu/Desktop/RockboxRCC/bu480/lib/rbcodec/codecs/libcodec.a(fft-ffmpeg.o)
 .text.fft32    0x000106d8      0x2fc /home/ubuntu/Desktop/RockboxRCC/bu480/lib/rbcodec/codecs/libcodec.a(fft-ffmpeg.o)
 .text.fft64    0x000109d4       0x30 /home/ubuntu/Desktop/RockboxRCC/bu480/lib/rbcodec/codecs/libcodec.a(fft-ffmpeg.o)
 .text.fft128   0x00010a04       0x30 /home/ubuntu/Desktop/RockboxRCC/bu480/lib/rbcodec/codecs/libcodec.a(fft-ffmpeg.o)
 .text.fft256   0x00010a34       0x30 /home/ubuntu/Desktop/RockboxRCC/bu480/lib/rbcodec/codecs/libcodec.a(fft-ffmpeg.o)
 .text.fft512   0x00010a64       0x30 /home/ubuntu/Desktop/RockboxRCC/bu480/lib/rbcodec/codecs/libcodec.a(fft-ffmpeg.o)
 .text.fft1024  0x00010a94       0x30 /home/ubuntu/Desktop/RockboxRCC/bu480/lib/rbcodec/codecs/libcodec.a(fft-ffmpeg.o)
 .text.fft2048  0x00010ac4       0x30 /home/ubuntu/Desktop/RockboxRCC/bu480/lib/rbcodec/codecs/libcodec.a(fft-ffmpeg.o)
 .text.fft4096  0x00010af4       0x30 /home/ubuntu/Desktop/RockboxRCC/bu480/lib/rbcodec/codecs/libcodec.a(fft-ffmpeg.o)
 .text.ff_fft_calc_c
                0x00010b24       0x24 /home/ubuntu/Desktop/RockboxRCC/bu480/lib/rbcodec/codecs/libcodec.a(fft-ffmpeg.o)
                0x00010b24                ff_fft_calc_c
 .text          0x00010b48       0xc8 /home/ubuntu/android-ndk-r9c/toolchains/arm-linux-androideabi-4.8/prebuilt/linux-x86/bin/../lib/gcc/arm-linux-androideabi/4.8/libgcc.a(_udivsi3.o)
                0x00010b48                __udivsi3
                0x00010b48                __aeabi_uidiv
                0x00010bf0                __aeabi_uidivmod
 .text          0x00010c10       0xfc /home/ubuntu/android-ndk-r9c/toolchains/arm-linux-androideabi-4.8/prebuilt/linux-x86/bin/../lib/gcc/arm-linux-androideabi/4.8/libgcc.a(_divsi3.o)
                0x00010c10                __divsi3
                0x00010c10                __aeabi_idiv
                0x00010cec                __aeabi_idivmod
 .text          0x00010d0c       0x44 /home/ubuntu/android-ndk-r9c/toolchains/arm-linux-androideabi-4.8/prebuilt/linux-x86/bin/../lib/gcc/arm-linux-androideabi/4.8/libgcc.a(_aeabi_ldivmod.o)
                0x00010d0c                __aeabi_ldivmod
 .text          0x00010d50       0x10 /home/ubuntu/android-ndk-r9c/toolchains/arm-linux-androideabi-4.8/prebuilt/linux-x86/bin/../lib/gcc/arm-linux-androideabi/4.8/libgcc.a(_dvmd_lnx.o)
                0x00010d50                __aeabi_idiv0
                0x00010d50                __aeabi_ldiv0
 .text          0x00010d60       0x78 /home/ubuntu/android-ndk-r9c/toolchains/arm-linux-androideabi-4.8/prebuilt/linux-x86/bin/../lib/gcc/arm-linux-androideabi/4.8/libgcc.a(bpabi.o)
                0x00010d60                __gnu_ldivmod_helper
                0x00010d9c                __gnu_uldivmod_helper
 .text          0x00010dd8      0xf20 /home/ubuntu/android-ndk-r9c/toolchains/arm-linux-androideabi-4.8/prebuilt/linux-x86/bin/../lib/gcc/arm-linux-androideabi/4.8/libgcc.a(unwind-arm.o)
                0x00011988                __aeabi_unwind_cpp_pr0
                0x00011990                __aeabi_unwind_cpp_pr1
                0x00011998                __aeabi_unwind_cpp_pr2
                0x0001121c                _Unwind_GetCFA
                0x00011224                __gnu_Unwind_RaiseException
                0x000112c8                __gnu_Unwind_ForcedUnwind
                0x000112e4                __gnu_Unwind_Resume
                0x00011358                __gnu_Unwind_Resume_or_Rethrow
                0x00011378                _Unwind_Complete
                0x0001137c                _Unwind_DeleteException
                0x0001139c                _Unwind_VRS_Get
                0x00011420                _Unwind_VRS_Set
                0x000114a8                __gnu_Unwind_Backtrace
                0x000119a0                _Unwind_VRS_Pop
 .text          0x00011cf8      0x1a8 /home/ubuntu/android-ndk-r9c/toolchains/arm-linux-androideabi-4.8/prebuilt/linux-x86/bin/../lib/gcc/arm-linux-androideabi/4.8/libgcc.a(libunwind.o)
                0x00011cf8                __restore_core_regs
                0x00011cf8                restore_core_regs
                0x00011d0c                __gnu_Unwind_Restore_VFP
                0x00011d14                __gnu_Unwind_Save_VFP
                0x00011d1c                __gnu_Unwind_Restore_VFP_D
                0x00011d24                __gnu_Unwind_Save_VFP_D
                0x00011d2c                __gnu_Unwind_Restore_VFP_D_16_to_31
                0x00011d34                __gnu_Unwind_Save_VFP_D_16_to_31
                0x00011d3c                __gnu_Unwind_Restore_WMMXD
                0x00011d80                __gnu_Unwind_Save_WMMXD
                0x00011dc4                __gnu_Unwind_Restore_WMMXC
                0x00011dd8                __gnu_Unwind_Save_WMMXC
                0x00011dec                ___Unwind_RaiseException
                0x00011dec                _Unwind_RaiseException
                0x00011e10                ___Unwind_Resume
                0x00011e10                _Unwind_Resume
                0x00011e34                ___Unwind_Resume_or_Rethrow
                0x00011e34                _Unwind_Resume_or_Rethrow
                0x00011e58                ___Unwind_ForcedUnwind
                0x00011e58                _Unwind_ForcedUnwind
                0x00011e7c                ___Unwind_Backtrace
                0x00011e7c                _Unwind_Backtrace
 .text          0x00011ea0      0x484 /home/ubuntu/android-ndk-r9c/toolchains/arm-linux-androideabi-4.8/prebuilt/linux-x86/bin/../lib/gcc/arm-linux-androideabi/4.8/libgcc.a(pr-support.o)
                0x00011f2c                __gnu_unwind_execute
                0x000122a8                __gnu_unwind_frame
                0x000122e8                _Unwind_GetRegionStart
                0x000122f8                _Unwind_GetLanguageSpecificData
                0x00012314                _Unwind_GetDataRelBase
                0x0001231c                _Unwind_GetTextRelBase
 .text          0x00012324      0x498 /home/ubuntu/android-ndk-r9c/toolchains/arm-linux-androideabi-4.8/prebuilt/linux-x86/bin/../lib/gcc/arm-linux-androideabi/4.8/libgcc.a(_divdi3.o)
                0x00012324                __divdi3
 .text          0xffffffffffffffff      0x404 /home/ubuntu/android-ndk-r9c/toolchains/arm-linux-androideabi-4.8/prebuilt/linux-x86/bin/../lib/gcc/arm-linux-androideabi/4.8/libgcc.a(_udivdi3.o)
                0x000127bc                __udivdi3

.rodata         0x00012bc0     0xd3a8
 .rodata        0x00012bc0      0x400 /home/ubuntu/Desktop/RockboxRCC/bu480/lib/rbcodec/codecs/libtremor.a(framing.o)
 ** merge strings
                0x00012fc0        0xf
 .rodata        0x00012fd0     0x7f80 /home/ubuntu/Desktop/RockboxRCC/bu480/lib/rbcodec/codecs/libtremor.a(window.o)
 .rodata        0x0001af50       0x84 /home/ubuntu/Desktop/RockboxRCC/bu480/lib/rbcodec/codecs/libtremor.a(bitwise.o)
                0x0001af50                mask
 .rodata        0x0001afd4      0x58c /home/ubuntu/Desktop/RockboxRCC/bu480/lib/rbcodec/codecs/libtremor.a(floor0.o)
 .rodata        0x0001b560      0x400 /home/ubuntu/Desktop/RockboxRCC/bu480/lib/rbcodec/codecs/libtremor.a(floor1.o)
 .rodata        0x0001b960      0x400 /home/ubuntu/Desktop/RockboxRCC/bu480/lib/libtlsf.a(tlsf.o)
 .rodata        0x0001bd60      0x200 /home/ubuntu/Desktop/RockboxRCC/bu480/lib/rbcodec/codecs/libcodec.a(codeclib.o)
                0x0001bd60                bs_clz_tab
                0x0001be60                bs_log2_tab
 .rodata        0x0001bf60     0x4008 /home/ubuntu/Desktop/RockboxRCC/bu480/lib/rbcodec/codecs/libcodec.a(mdct_lookup.o)
                0x0001bf60                revtab
                0x0001df60                sincos_lookup1
                0x0001ef60                sincos_lookup0

.ARM.extab      0x0001ff68       0x48
 .ARM.extab     0x0001ff68        0xc /home/ubuntu/android-ndk-r9c/toolchains/arm-linux-androideabi-4.8/prebuilt/linux-x86/bin/../lib/gcc/arm-linux-androideabi/4.8/libgcc.a(_dvmd_lnx.o)
 .ARM.extab     0x0001ff74        0xc /home/ubuntu/android-ndk-r9c/toolchains/arm-linux-androideabi-4.8/prebuilt/linux-x86/bin/../lib/gcc/arm-linux-androideabi/4.8/libgcc.a(unwind-arm.o)
 .ARM.extab     0x0001ff80       0x30 /home/ubuntu/android-ndk-r9c/toolchains/arm-linux-androideabi-4.8/prebuilt/linux-x86/bin/../lib/gcc/arm-linux-androideabi/4.8/libgcc.a(pr-support.o)

.ARM.exidx      0x0001ffb0      0x128
 .ARM.exidx     0x0001ffb0        0x8 /home/ubuntu/android-ndk-r9c/toolchains/arm-linux-androideabi-4.8/prebuilt/linux-x86/bin/../lib/gcc/arm-linux-androideabi/4.8/libgcc.a(_dvmd_lnx.o)
 .ARM.exidx     0xffffffffffffffff       0x10 /home/ubuntu/android-ndk-r9c/toolchains/arm-linux-androideabi-4.8/prebuilt/linux-x86/bin/../lib/gcc/arm-linux-androideabi/4.8/libgcc.a(bpabi.o)
 .ARM.exidx     0xffffffffffffffff       0xd8 /home/ubuntu/android-ndk-r9c/toolchains/arm-linux-androideabi-4.8/prebuilt/linux-x86/bin/../lib/gcc/arm-linux-androideabi/4.8/libgcc.a(unwind-arm.o)
 ** ARM cantunwind
                0x00020070        0x8
 .ARM.exidx     0x00020078       0x48 /home/ubuntu/android-ndk-r9c/toolchains/arm-linux-androideabi-4.8/prebuilt/linux-x86/bin/../lib/gcc/arm-linux-androideabi/4.8/libgcc.a(pr-support.o)
 .ARM.exidx     0x000200c0        0x8 /home/ubuntu/android-ndk-r9c/toolchains/arm-linux-androideabi-4.8/prebuilt/linux-x86/bin/../lib/gcc/arm-linux-androideabi/4.8/libgcc.a(_divdi3.o)
 .ARM.exidx     0x000200c8        0x8 /home/ubuntu/android-ndk-r9c/toolchains/arm-linux-androideabi-4.8/prebuilt/linux-x86/bin/../lib/gcc/arm-linux-androideabi/4.8/libgcc.a(_udivdi3.o)
 ** ARM cantunwind
                0x000200d0        0x8

.data.rel.ro.local
                0x00021dd8       0xac
 .data.rel.ro.local
                0x00021dd8       0x3c /home/ubuntu/Desktop/RockboxRCC/bu480/lib/rbcodec/codecs/libtremor.a(res012.o)
                0x00021dd8                residue2_exportbundle
                0x00021dec                residue1_exportbundle
                0x00021e00                residue0_exportbundle
 .data.rel.ro.local
                0x00021e14       0x18 /home/ubuntu/Desktop/RockboxRCC/bu480/lib/rbcodec/codecs/libtremor.a(floor0.o)
                0x00021e14                floor0_exportbundle
 .data.rel.ro.local
                0x00021e2c       0x18 /home/ubuntu/Desktop/RockboxRCC/bu480/lib/rbcodec/codecs/libtremor.a(floor1.o)
                0x00021e2c                floor1_exportbundle
 .data.rel.ro.local
                0x00021e44       0x14 /home/ubuntu/Desktop/RockboxRCC/bu480/lib/rbcodec/codecs/libtremor.a(mapping0.o)
                0x00021e44                mapping0_exportbundle
 .data.rel.ro.local
                0x00021e58       0x2c /home/ubuntu/Desktop/RockboxRCC/bu480/lib/rbcodec/codecs/libcodec.a(fft-ffmpeg.o)

.fini_array     0x00021e84        0x8
 .fini_array    0x00021e84        0x4 /home/ubuntu/android-ndk-r9c/platforms/android-19/arch-arm/usr/lib/crtbegin_so.o
 .fini_array    0x00021e88        0x4 /home/ubuntu/android-ndk-r9c/platforms/android-19/arch-arm/usr/lib/crtend_so.o

.data.rel.ro    0x00021e8c       0x1c
 .data.rel.ro   0x00021e8c       0x1c /home/ubuntu/Desktop/RockboxRCC/bu480/lib/rbcodec/codecs/vorbis.o
                0x00021e8c                __header

.init_array     0x00021ea8        0x4
 .init_array    0x00021ea8        0x4 /home/ubuntu/android-ndk-r9c/platforms/android-19/arch-arm/usr/lib/crtend_so.o

.dynamic        0x00021eac       0xe0
 ** dynamic     0x00021eac       0xe0

.got            0x00021f8c       0x74
 ** GOT         0x00021f8c       0x48
 ** GOT PLT     0x00021fd4       0x2c

.data           0x00022000       0x20
 .data          0x00022000        0x4 /home/ubuntu/android-ndk-r9c/platforms/android-19/arch-arm/usr/lib/crtbegin_so.o
                0x00022000                __dso_handle
 .data          0x00022004        0x4 /home/ubuntu/Desktop/RockboxRCC/bu480/lib/rbcodec/codecs/codec_crt0.o
                0x00022004                ci
 .data.rel      0x00022008       0x18 /home/ubuntu/Desktop/RockboxRCC/bu480/lib/rbcodec/codecs/libtremor.a(registry.o)
                0x00022008                _mapping_P
                0x0002200c                _residue_P
                0x00022018                _floor_P

.bss            0x00022020      0x12c
 .bss           0x00022020       0x1c /home/ubuntu/Desktop/RockboxRCC/bu480/lib/rbcodec/codecs/libtremor.a(block.o)
 .bss           0x0002203c        0x4 /home/ubuntu/Desktop/RockboxRCC/bu480/lib/libtlsf.a(tlsf.o)
 .bss           0x00022040        0xc /home/ubuntu/Desktop/RockboxRCC/bu480/lib/rbcodec/codecs/libcodec.a(codeclib.o)
 ** common      0x0002204c      0x100
